<html>
<body>
<pre>
<h1>µVision Build Log</h1>
<h2>Tool Versions:</h2>
IDE-Version: ¦ÌVision V5.37.0.0
Copyright (C) 2022 ARM Ltd and ARM Germany GmbH. All rights reserved.
License Information: 111111 18895391769@163.com, 111111, LIC=Q7GU5-GVV4P-VJ26J-UC5PI-ZMP3H-XN980
 
Tool Versions:
Toolchain:       MDK-ARM Professional  Version: 5.37.0.0
Toolchain Path:  D:\KEIL5\ARM\ARMCLANG\Bin
C Compiler:      ArmClang.exe V6.18
Assembler:       Armasm.exe V6.18
Linker/Locator:  ArmLink.exe V6.18
Library Manager: ArmAr.exe V6.18
Hex Converter:   FromElf.exe V6.18
CPU DLL:         SARMCM3.DLL V5.37.0.0
Dialog DLL:      DCM.DLL V1.17.5.0
Target DLL:      Segger\JL2CM3.dll V2.99.42.0
Dialog DLL:      TCM.DLL V1.56.1.0
 
<h2>Project:</h2>
E:\STM32F407_Creat\ARMageddon407\Projects\MDK-ARM\arm_f407.uvprojx
Project File Date:  05/23/2026

<h2>Output:</h2>
*** Using Compiler 'V6.18', folder: 'D:\KEIL5\ARM\ARMCLANG\Bin'
Build target 'emWin'
../../User/freertos_demo.c(120): warning: implicit declaration of function 'led_run' is invalid in C99 [-Wimplicit-function-declaration]
    led_run();
    ^
1 warning generated.
compiling freertos_demo.c...
linking...
Program Size: Code=71382 RO-data=3594 RW-data=576 ZI-data=78424  
FromELF: creating hex file...
After Build - User command #1: E:\STM32F407_Creat\ARMageddon407\Projects\KeilMemTool.exe
=====================================
        KEIL MEMORY ANALYZER
=====================================
MAP:
E:\STM32F407_Creat\ARMageddon407\Projects\MDK-ARM\output\atk_f407.map
========== MEMORY USAGE ==========
FLASH
FLASH  [ ¨~¨~¨~¨y¨y¨y¨y¨y¨y¨y¨y¨y¨y¨y¨y¨y¨y¨y¨y¨y¨y¨y¨y¨y¨y¨y¨y¨y¨y¨y¨y¨y¨y¨y¨y¨y¨y¨y¨y¨y¨y¨y¨y¨y¨y¨y¨y¨y¨y¨y ] 7.2%   (73 KB / 1024 KB)
RAM  
RAM    [ ¨~¨~¨~¨~¨y¨y¨y¨y¨y¨y¨y¨y¨y¨y¨y¨y¨y¨y¨y¨y¨y¨y¨y¨y¨y¨y¨y¨y¨y¨y¨y¨y¨y¨y¨y¨y¨y¨y¨y¨y¨y¨y¨y¨y¨y¨y¨y¨y¨y¨y ] 8.0%   (5 KB / 64 KB)
RAM1 
RAM1   [ ¨~¨~¨~¨~¨~¨~¨~¨~¨~¨~¨~¨~¨~¨~¨~¨~¨~¨~¨~¨~¨~¨~¨~¨~¨~¨~¨~¨~¨y¨y¨y¨y¨y¨y¨y¨y¨y¨y¨y¨y¨y¨y¨y¨y¨y¨y¨y¨y¨y¨y ] 56.2%   (72 KB / 128 KB)
CSV Export:
memory.csv
Done.
".\output\atk_f407.axf" - 0 Error(s), 1 Warning(s).

<h2>Software Packages used:</h2>

Package Vendor: Keil
                http://www.keil.com/pack/Keil.STM32F4xx_DFP.2.16.0.pack
                Keil.STM32F4xx_DFP.2.16.0
                STMicroelectronics STM32F4 Series Device Support, Drivers and Examples

<h2>Collection of Component include folders:</h2>
  D:/KEIL5/Keil/STM32F4xx_DFP/2.16.0/Drivers/CMSIS/Device/ST/STM32F4xx/Include

<h2>Collection of Component Files used:</h2>
Build Time Elapsed:  00:00:01
</pre>
</body>
</html>
