Component: ARM Compiler 5.06 update 7 (build 960) Tool: armlink [4d3601]

==============================================================================

Section Cross References

    startup_stm32f407xx.o(STACK) refers (Special) to heapauxi.o(.text) for __use_two_region_memory
    startup_stm32f407xx.o(HEAP) refers (Special) to heapauxi.o(.text) for __use_two_region_memory
    startup_stm32f407xx.o(RESET) refers (Special) to heapauxi.o(.text) for __use_two_region_memory
    startup_stm32f407xx.o(RESET) refers to startup_stm32f407xx.o(STACK) for __initial_sp
    startup_stm32f407xx.o(RESET) refers to startup_stm32f407xx.o(.text) for Reset_Handler
    startup_stm32f407xx.o(RESET) refers to stm32f4xx_it.o(i.NMI_Handler) for NMI_Handler
    startup_stm32f407xx.o(RESET) refers to stm32f4xx_it.o(i.HardFault_Handler) for HardFault_Handler
    startup_stm32f407xx.o(RESET) refers to stm32f4xx_it.o(i.MemManage_Handler) for MemManage_Handler
    startup_stm32f407xx.o(RESET) refers to stm32f4xx_it.o(i.BusFault_Handler) for BusFault_Handler
    startup_stm32f407xx.o(RESET) refers to stm32f4xx_it.o(i.UsageFault_Handler) for UsageFault_Handler
    startup_stm32f407xx.o(RESET) refers to port.o(.emb_text) for SVC_Handler
    startup_stm32f407xx.o(RESET) refers to stm32f4xx_it.o(i.DebugMon_Handler) for DebugMon_Handler
    startup_stm32f407xx.o(RESET) refers to delay.o(i.SysTick_Handler) for SysTick_Handler
    startup_stm32f407xx.o(RESET) refers to btim.o(i.TIM3_IRQHandler) for TIM3_IRQHandler
    startup_stm32f407xx.o(RESET) refers to usart.o(i.USART1_IRQHandler) for USART1_IRQHandler
    startup_stm32f407xx.o(RESET) refers to stm32f4xx_it.o(i.DMA2_Stream2_IRQHandler) for DMA2_Stream2_IRQHandler
    startup_stm32f407xx.o(RESET) refers to stm32f4xx_it.o(i.DMA2_Stream3_IRQHandler) for DMA2_Stream3_IRQHandler
    startup_stm32f407xx.o(.text) refers (Special) to heapauxi.o(.text) for __use_two_region_memory
    startup_stm32f407xx.o(.text) refers to system_stm32f4xx.o(i.SystemInit) for SystemInit
    startup_stm32f407xx.o(.text) refers to __main.o(!!!main) for __main
    startup_stm32f407xx.o(.text) refers to startup_stm32f407xx.o(HEAP) for Heap_Mem
    startup_stm32f407xx.o(.text) refers to startup_stm32f407xx.o(STACK) for Stack_Mem
    main.o(i.main) refers to stm32f4xx_hal.o(i.HAL_Init) for HAL_Init
    main.o(i.main) refers to sys.o(i.sys_stm32_clock_init) for sys_stm32_clock_init
    main.o(i.main) refers to delay.o(i.delay_init) for delay_init
    main.o(i.main) refers to usart.o(i.usart_init) for usart_init
    main.o(i.main) refers to led.o(i.led_init) for led_init
    main.o(i.main) refers to lcd.o(i.lcd_init) for lcd_init
    main.o(i.main) refers to key.o(i.key_init) for key_init
    main.o(i.main) refers to max30102.o(i.MAX30102_Init) for MAX30102_Init
    main.o(i.main) refers to norflash.o(i.norflash_init) for norflash_init
    main.o(i.main) refers to sram.o(i.sram_init) for sram_init
    main.o(i.main) refers to malloc.o(i.my_mem_init) for my_mem_init
    main.o(i.main) refers to freertos_demo.o(i.freertos_demo) for freertos_demo
    main.o(i.main) refers to touch.o(.data) for tp_dev
    stm32f4xx_it.o(i.DMA2_Stream2_IRQHandler) refers to stm32f4xx_hal_dma.o(i.HAL_DMA_IRQHandler) for HAL_DMA_IRQHandler
    stm32f4xx_it.o(i.DMA2_Stream2_IRQHandler) refers to norflash.o(.bss) for g_spi1_rx_dma_handler
    stm32f4xx_it.o(i.DMA2_Stream3_IRQHandler) refers to stm32f4xx_hal_dma.o(i.HAL_DMA_IRQHandler) for HAL_DMA_IRQHandler
    stm32f4xx_it.o(i.DMA2_Stream3_IRQHandler) refers to norflash.o(.bss) for g_spi1_tx_dma_handler
    system_stm32f4xx.o(i.SystemCoreClockUpdate) refers to system_stm32f4xx.o(.data) for SystemCoreClock
    system_stm32f4xx.o(i.SystemCoreClockUpdate) refers to system_stm32f4xx.o(.constdata) for AHBPrescTable
    freertos_demo.o(i.DataCap_task) refers to max30102_app.o(i.Max_30102_run) for Max_30102_run
    freertos_demo.o(i.freertos_demo) refers to tasks.o(i.xTaskCreate) for xTaskCreate
    freertos_demo.o(i.freertos_demo) refers to tasks.o(i.vTaskStartScheduler) for vTaskStartScheduler
    freertos_demo.o(i.freertos_demo) refers to freertos_demo.o(.data) for StartTask_Handler
    freertos_demo.o(i.freertos_demo) refers to freertos_demo.o(i.start_task) for start_task
    freertos_demo.o(i.led_task) refers to led_app.o(i.led_run) for led_run
    freertos_demo.o(i.start_task) refers to port.o(i.vPortEnterCritical) for vPortEnterCritical
    freertos_demo.o(i.start_task) refers to tasks.o(i.xTaskCreate) for xTaskCreate
    freertos_demo.o(i.start_task) refers to tasks.o(i.vTaskDelete) for vTaskDelete
    freertos_demo.o(i.start_task) refers to port.o(i.vPortExitCritical) for vPortExitCritical
    freertos_demo.o(i.start_task) refers to freertos_demo.o(.data) for LedTask_Handler
    freertos_demo.o(i.start_task) refers to freertos_demo.o(i.led_task) for led_task
    freertos_demo.o(i.start_task) refers to freertos_demo.o(i.DataCap_task) for DataCap_task
[...]
    _mutex_acquire                            - Undefined Weak Reference
    _mutex_release                            - Undefined Weak Reference
    _printf_mbtowc                            - Undefined Weak Reference
    _printf_post_padding                      - Undefined Weak Reference
    _printf_pre_padding                       - Undefined Weak Reference
    _printf_truncate_signed                   - Undefined Weak Reference
    _printf_truncate_unsigned                 - Undefined Weak Reference
    _rand_init                                - Undefined Weak Reference
    _signal_finish                            - Undefined Weak Reference
    _signal_init                              - Undefined Weak Reference
    _terminate_alloc                          - Undefined Weak Reference
    _terminate_user_alloc                     - Undefined Weak Reference
    _terminateio                              - Undefined Weak Reference
    __Vectors_Size                           0x00000188   Number         0  startup_stm32f407xx.o ABSOLUTE
    __Vectors                                0x08000000   Data           4  startup_stm32f407xx.o(RESET)
    __Vectors_End                            0x08000188   Data           0  startup_stm32f407xx.o(RESET)
    __main                                   0x08000189   Thumb Code     8  __main.o(!!!main)
    __scatterload                            0x08000191   Thumb Code     0  __scatter.o(!!!scatter)
    __scatterload_rt2                        0x08000191   Thumb Code    44  __scatter.o(!!!scatter)
    __scatterload_rt2_thumb_only             0x08000191   Thumb Code     0  __scatter.o(!!!scatter)
    __scatterload_null                       0x0800019f   Thumb Code     0  __scatter.o(!!!scatter)
    __decompress                             0x080001c5   Thumb Code    90  __dczerorl2.o(!!dczerorl2)
    __decompress1                            0x080001c5   Thumb Code     0  __dczerorl2.o(!!dczerorl2)
    __scatterload_zeroinit                   0x08000221   Thumb Code    28  __scatter_zi.o(!!handler_zi)
    _printf_d                                0x0800023d   Thumb Code     0  _printf_d.o(.ARM.Collect$$_printf_percent$$00000009)
    _printf_percent                          0x0800023d   Thumb Code     0  _printf_percent.o(.ARM.Collect$$_printf_percent$$00000000)
    _printf_x                                0x08000243   Thumb Code     0  _printf_x.o(.ARM.Collect$$_printf_percent$$0000000C)
    _printf_s                                0x08000249   Thumb Code     0  _printf_s.o(.ARM.Collect$$_printf_percent$$00000014)
    _printf_percent_end                      0x0800024f   Thumb Code     0  _printf_percent_end.o(.ARM.Collect$$_printf_percent$$00000017)
    __rt_lib_init                            0x08000253   Thumb Code     0  libinit.o(.ARM.Collect$$libinit$$00000000)
    __rt_lib_init_fp_1                       0x08000255   Thumb Code     0  libinit2.o(.ARM.Collect$$libinit$$00000001)
    __rt_lib_init_alloca_1                   0x08000259   Thumb Code     0  libinit2.o(.ARM.Collect$$libinit$$0000002E)
    __rt_lib_init_argv_1                     0x08000259   Thumb Code     0  libinit2.o(.ARM.Collect$$libinit$$0000002C)
    __rt_lib_init_atexit_1                   0x08000259   Thumb Code     0  libinit2.o(.ARM.Collect$$libinit$$0000001B)
    __rt_lib_init_clock_1                    0x08000259   Thumb Code     0  libinit2.o(.ARM.Collect$$libinit$$00000021)
    __rt_lib_init_cpp_1                      0x08000259   Thumb Code     0  libinit2.o(.ARM.Collect$$libinit$$00000032)
    __rt_lib_init_exceptions_1               0x08000259   Thumb Code     0  libinit2.o(.ARM.Collect$$libinit$$00000030)
    __rt_lib_init_fp_trap_1                  0x08000259   Thumb Code     0  libinit2.o(.ARM.Collect$$libinit$$0000001F)
    __rt_lib_init_getenv_1                   0x08000259   Thumb Code     0  libinit2.o(.ARM.Collect$$libinit$$00000023)
    __rt_lib_init_heap_1                     0x08000259   Thumb Code     0  libinit2.o(.ARM.Collect$$libinit$$0000000A)
    __rt_lib_init_lc_collate_1               0x08000259   Thumb Code     0  libinit2.o(.ARM.Collect$$libinit$$00000011)
    __rt_lib_init_lc_ctype_1                 0x08000259   Thumb Code     0  libinit2.o(.ARM.Collect$$libinit$$00000013)
    __rt_lib_init_lc_monetary_1              0x08000259   Thumb Code     0  libinit2.o(.ARM.Collect$$libinit$$00000015)
    __rt_lib_init_lc_numeric_1               0x08000259   Thumb Code     0  libinit2.o(.ARM.Collect$$libinit$$00000017)
    __rt_lib_init_lc_time_1                  0x08000259   Thumb Code     0  libinit2.o(.ARM.Collect$$libinit$$00000019)
    __rt_lib_init_preinit_1                  0x08000259   Thumb Code     0  libinit2.o(.ARM.Collect$$libinit$$00000004)
    __rt_lib_init_rand_1                     0x08000259   Thumb Code     0  libinit2.o(.ARM.Collect$$libinit$$0000000E)
    __rt_lib_init_return                     0x08000259   Thumb Code     0  libinit2.o(.ARM.Collect$$libinit$$00000033)
    __rt_lib_init_signal_1                   0x08000259   Thumb Code     0  libinit2.o(.ARM.Collect$$libinit$$0000001D)
    __rt_lib_init_stdio_1                    0x08000259   Thumb Code     0  libinit2.o(.ARM.Collect$$libinit$$00000025)
    __rt_lib_init_user_alloc_1               0x08000259   Thumb Code     0  libinit2.o(.ARM.Collect$$libinit$$0000000C)
    __rt_lib_shutdown                        0x0800025b   Thumb Code     0  libshutdown.o(.ARM.Collect$$libshutdown$$00000000)
    __rt_lib_shutdown_cpp_1                  0x0800025d   Thumb Code     0  libshutdown2.o(.ARM.Collect$$libshutdown$$00000004)
    __rt_lib_shutdown_fini_1                 0x0800025d   Thumb Code     0  libshutdown2.o(.ARM.Collect$$libshutdown$$00000002)
    __rt_lib_shutdown_fp_trap_1              0x0800025d   Thumb Code     0  libshutdown2.o(.ARM.Collect$$libshutdown$$00000009)
    __rt_lib_shutdown_heap_1                 0x0800025d   Thumb Code     0  libshutdown2.o(.ARM.Collect$$libshutdown$$00000011)
    __rt_lib_shutdown_return                 0x0800025d   Thumb Code     0  libshutdown2.o(.ARM.Collect$$libshutdown$$00000012)
    __rt_lib_shutdown_signal_1               0x0800025d   Thumb Code     0  libshutdown2.o(.ARM.Collect$$libshutdown$$0000000C)
    __rt_lib_shutdown_stdio_1                0x0800025d   Thumb Code     0  libshutdown2.o(.ARM.Collect$$libshutdown$$00000006)
    __rt_lib_shutdown_user_alloc_1           0x0800025d   Thumb Code     0  libshutdown2.o(.ARM.Collect$$libshutdown$$0000000E)
    __rt_entry                               0x0800025f   Thumb Code     0  __rtentry.o(.ARM.Collect$$rtentry$$00000000)
    __rt_entry_presh_1                       0x0800025f   Thumb Code     0  __rtentry2.o(.ARM.Collect$$rtentry$$00000002)
    __rt_entry_sh                            0x0800025f   Thumb Code     0  __rtentry4.o(.ARM.Collect$$rtentry$$00000004)
    __rt_entry_li                            0x08000265   Thumb Code     0  __rtentry2.o(.ARM.Collect$$rtentry$$0000000A)
    __rt_entry_postsh_1                      0x08000265   Thumb Code     0  __rtentry2.o(.ARM.Collect$$rtentry$$00000009)
    __rt_entry_main                          0x08000269   Thumb Code     0  __rtentry2.o(.ARM.Collect$$rtentry$$0000000D)
    __rt_entry_postli_1                      0x08000269   Thumb Code     0  __rtentry2.o(.ARM.Collect$$rtentry$$0000000C)
    __rt_exit                                0x08000271   Thumb Code     0  rtexit.o(.ARM.Collect$$rtexit$$00000000)
    __rt_exit_ls                             0x08000273   Thumb Code     0  rtexit2.o(.ARM.Collect$$rtexit$$00000003)
    __rt_exit_prels_1                        0x08000273   Thumb Code     0  rtexit2.o(.ARM.Collect$$rtexit$$00000002)
    __rt_exit_exit                           0x08000277   Thumb Code     0  rtexit2.o(.ARM.Collect$$rtexit$$00000004)
    SVC_Handler                              0x0800027d   Thumb Code    28  port.o(.emb_text)
    __asm___6_port_c_39a90d8d__prvStartFirstTask 0x0800029d   Thumb Code    36  port.o(.emb_text)
    __asm___6_port_c_39a90d8d__prvEnableVFP  0x080002c5   Thumb Code    16  port.o(.emb_text)
    PendSV_Handler                           0x080002d9   Thumb Code    88  port.o(.emb_text)
    vPortGetIPSR                             0x08000335   Thumb Code     6  port.o(.emb_text)
    Reset_Handler                            0x0800033d   Thumb Code    18  startup_stm32f407xx.o(.text)
    ADC_IRQHandler                           0x08000361   Thumb Code     0  startup_stm32f407xx.o(.text)
    CAN1_RX0_IRQHandler                      0x08000361   Thumb Code     0  startup_stm32f407xx.o(.text)
    CAN1_RX1_IRQHandler                      0x08000361   Thumb Code     0  startup_stm32f407xx.o(.text)
    CAN1_SCE_IRQHandler                      0x08000361   Thumb Code     0  startup_stm32f407xx.o(.text)
    CAN1_TX_IRQHandler                       0x08000361   Thumb Code     0  startup_stm32f407xx.o(.text)
    CAN2_RX0_IRQHandler                      0x08000361   Thumb Code     0  startup_stm32f407xx.o(.text)
    CAN2_RX1_IRQHandler                      0x08000361   Thumb Code     0  startup_stm32f407xx.o(.text)
    CAN2_SCE_IRQHandler                      0x08000361   Thumb Code     0  startup_stm32f407xx.o(.text)
    CAN2_TX_IRQHandler                       0x08000361   Thumb Code     0  startup_stm32f407xx.o(.text)
    DCMI_IRQHandler                          0x08000361   Thumb Code     0  startup_stm32f407xx.o(.text)
    DMA1_Stream0_IRQHandler                  0x08000361   Thumb Code     0  startup_stm32f407xx.o(.text)
    DMA1_Stream1_IRQHandler                  0x08000361   Thumb Code     0  startup_stm32f407xx.o(.text)
    DMA1_Stream2_IRQHandler                  0x08000361   Thumb Code     0  startup_stm32f407xx.o(.text)
    DMA1_Stream3_IRQHandler                  0x08000361   Thumb Code     0  startup_stm32f407xx.o(.text)
    DMA1_Stream4_IRQHandler                  0x08000361   Thumb Code     0  startup_stm32f407xx.o(.text)
    DMA1_Stream5_IRQHandler                  0x08000361   Thumb Code     0  startup_stm32f407xx.o(.text)
    DMA1_Stream6_IRQHandler                  0x08000361   Thumb Code     0  startup_stm32f407xx.o(.text)
    DMA1_Stream7_IRQHandler                  0x08000361   Thumb Code     0  startup_stm32f407xx.o(.text)
    DMA2_Stream0_IRQHandler                  0x08000361   Thumb Code     0  startup_stm32f407xx.o(.text)
    DMA2_Stream1_IRQHandler                  0x08000361   Thumb Code     0  startup_stm32f407xx.o(.text)
    DMA2_Stream4_IRQHandler                  0x08000361   Thumb Code     0  startup_stm32f407xx.o(.text)
    DMA2_Stream5_IRQHandler                  0x08000361   Thumb Code     0  startup_stm32f407xx.o(.text)
    DMA2_Stream6_IRQHandler                  0x08000361   Thumb Code     0  startup_stm32f407xx.o(.text)
    DMA2_Stream7_IRQHandler                  0x08000361   Thumb Code     0  startup_stm32f407xx.o(.text)
    ETH_IRQHandler                           0x08000361   Thumb Code     0  startup_stm32f407xx.o(.text)
    ETH_WKUP_IRQHandler                      0x08000361   Thumb Code     0  startup_stm32f407xx.o(.text)
    EXTI0_IRQHandler                         0x08000361   Thumb Code     0  startup_stm32f407xx.o(.text)
    EXTI15_10_IRQHandler                     0x08000361   Thumb Code     0  startup_stm32f407xx.o(.text)
    EXTI1_IRQHandler                         0x08000361   Thumb Code     0  startup_stm32f407xx.o(.text)
    EXTI2_IRQHandler                         0x08000361   Thumb Code     0  startup_stm32f407xx.o(.text)
    EXTI3_IRQHandler                         0x08000361   Thumb Code     0  startup_stm32f407xx.o(.text)
    EXTI4_IRQHandler                         0x08000361   Thumb Code     0  startup_stm32f407xx.o(.text)
    EXTI9_5_IRQHandler                       0x08000361   Thumb Code     0  startup_stm32f407xx.o(.text)
    FLASH_IRQHandler                         0x08000361   Thumb Code     0  startup_stm32f407xx.o(.text)
    FMC_IRQHandler                           0x08000361   Thumb Code     0  startup_stm32f407xx.o(.text)
    FPU_IRQHandler                           0x08000361   Thumb Code     0  startup_stm32f407xx.o(.text)
    HASH_RNG_IRQHandler                      0x08000361   Thumb Code     0  startup_stm32f407xx.o(.text)
    I2C1_ER_IRQHandler                       0x08000361   Thumb Code     0  startup_stm32f407xx.o(.text)
    I2C1_EV_IRQHandler                       0x08000361   Thumb Code     0  startup_stm32f407xx.o(.text)
    I2C2_ER_IRQHandler                       0x08000361   Thumb Code     0  startup_stm32f407xx.o(.text)
    I2C2_EV_IRQHandler                       0x08000361   Thumb Code     0  startup_stm32f407xx.o(.text)
    I2C3_ER_IRQHandler                       0x08000361   Thumb Code     0  startup_stm32f407xx.o(.text)
    I2C3_EV_IRQHandler                       0x08000361   Thumb Code     0  startup_stm32f407xx.o(.text)
    OTG_FS_IRQHandler                        0x08000361   Thumb Code     0  startup_stm32f407xx.o(.text)
    OTG_FS_WKUP_IRQHandler                   0x08000361   Thumb Code     0  startup_stm32f407xx.o(.text)
    OTG_HS_EP1_IN_IRQHandler                 0x08000361   Thumb Code     0  startup_stm32f407xx.o(.text)
    OTG_HS_EP1_OUT_IRQHandler                0x08000361   Thumb Code     0  startup_stm32f407xx.o(.text)
    OTG_HS_IRQHandler                        0x08000361   Thumb Code     0  startup_stm32f407xx.o(.text)
    OTG_HS_WKUP_IRQHandler                   0x08000361   Thumb Code     0  startup_stm32f407xx.o(.text)
    PVD_IRQHandler                           0x08000361   Thumb Code     0  startup_stm32f407xx.o(.text)
    RCC_IRQHandler                           0x08000361   Thumb Code     0  startup_stm32f407xx.o(.text)
    RTC_Alarm_IRQHandler                     0x08000361   Thumb Code     0  startup_stm32f407xx.o(.text)
    RTC_WKUP_IRQHandler                      0x08000361   Thumb Code     0  startup_stm32f407xx.o(.text)
    SDIO_IRQHandler                          0x08000361   Thumb Code     0  startup_stm32f407xx.o(.text)
    SPI1_IRQHandler                          0x08000361   Thumb Code     0  startup_stm32f407xx.o(.text)
    SPI2_IRQHandler                          0x08000361   Thumb Code     0  startup_stm32f407xx.o(.text)
    SPI3_IRQHandler                          0x08000361   Thumb Code     0  startup_stm32f407xx.o(.text)
    TAMP_STAMP_IRQHandler                    0x08000361   Thumb Code     0  startup_stm32f407xx.o(.text)
    TIM1_BRK_TIM9_IRQHandler                 0x08000361   Thumb Code     0  startup_stm32f407xx.o(.text)
    TIM1_CC_IRQHandler                       0x08000361   Thumb Code     0  startup_stm32f407xx.o(.text)
    TIM1_TRG_COM_TIM11_IRQHandler            0x08000361   Thumb Code     0  startup_stm32f407xx.o(.text)
    TIM1_UP_TIM10_IRQHandler                 0x08000361   Thumb Code     0  startup_stm32f407xx.o(.text)
    TIM2_IRQHandler                          0x08000361   Thumb Code     0  startup_stm32f407xx.o(.text)
    TIM4_IRQHandler                          0x08000361   Thumb Code     0  startup_stm32f407xx.o(.text)
    TIM5_IRQHandler                          0x08000361   Thumb Code     0  startup_stm32f407xx.o(.text)
    TIM6_DAC_IRQHandler                      0x08000361   Thumb Code     0  startup_stm32f407xx.o(.text)
    TIM7_IRQHandler                          0x08000361   Thumb Code     0  startup_stm32f407xx.o(.text)
    TIM8_BRK_TIM12_IRQHandler                0x08000361   Thumb Code     0  startup_stm32f407xx.o(.text)
    TIM8_CC_IRQHandler                       0x08000361   Thumb Code     0  startup_stm32f407xx.o(.text)
    TIM8_TRG_COM_TIM14_IRQHandler            0x08000361   Thumb Code     0  startup_stm32f407xx.o(.text)
    TIM8_UP_TIM13_IRQHandler                 0x08000361   Thumb Code     0  startup_stm32f407xx.o(.text)
    UART4_IRQHandler                         0x08000361   Thumb Code     0  startup_stm32f407xx.o(.text)
    UART5_IRQHandler                         0x08000361   Thumb Code     0  startup_stm32f407xx.o(.text)
    USART2_IRQHandler                        0x08000361   Thumb Code     0  startup_stm32f407xx.o(.text)
    USART3_IRQHandler                        0x08000361   Thumb Code     0  startup_stm32f407xx.o(.text)
    USART6_IRQHandler                        0x08000361   Thumb Code     0  startup_stm32f407xx.o(.text)
    WWDG_IRQHandler                          0x08000361   Thumb Code     0  startup_stm32f407xx.o(.text)
    __user_initial_stackheap                 0x08000365   Thumb Code     0  startup_stm32f407xx.o(.text)
    __use_no_semihosting                     0x08000389   Thumb Code     2  use_no_semi_2.o(.text)
    __aeabi_uldivmod                         0x0800038b   Thumb Code     0  lludivv7m.o(.text)
    _ll_udiv                                 0x0800038b   Thumb Code   238  lludivv7m.o(.text)
    __2printf                                0x08000479   Thumb Code    20  noretval__2printf.o(.text)
    __printf                                 0x08000491   Thumb Code   104  __printf.o(.text)
    _printf_str                              0x080004f9   Thumb Code    82  _printf_str.o(.text)
    _printf_int_dec                          0x0800054d   Thumb Code   104  _printf_dec.o(.text)
    _printf_int_hex                          0x080005c5   Thumb Code    84  _printf_hex_int.o(.text)
    _printf_longlong_hex                     0x080005c5   Thumb Code     0  _printf_hex_int.o(.text)
    __aeabi_memcpy                           0x0800061d   Thumb Code     0  rt_memcpy_v6.o(.text)
    __rt_memcpy                              0x0800061d   Thumb Code   138  rt_memcpy_v6.o(.text)
    _memcpy_lastbytes                        0x08000683   Thumb Code     0  rt_memcpy_v6.o(.text)
    __aeabi_memset                           0x080006a7   Thumb Code    16  aeabi_memset.o(.text)
    __aeabi_memclr4                          0x080006b7   Thumb Code     0  rt_memclr_w.o(.text)
    __aeabi_memclr8                          0x080006b7   Thumb Code     0  rt_memclr_w.o(.text)
    __rt_memclr_w                            0x080006b7   Thumb Code    78  rt_memclr_w.o(.text)
    _memset_w                                0x080006bb   Thumb Code     0  rt_memclr_w.o(.text)
    __use_two_region_memory                  0x08000705   Thumb Code     2  heapauxi.o(.text)
    __rt_heap_escrow$2region                 0x08000707   Thumb Code     2  heapauxi.o(.text)
    __rt_heap_expand$2region                 0x08000709   Thumb Code     2  heapauxi.o(.text)
    __semihosting$guard                      0x0800070b   Thumb Code     0  use_no_semi.o(.text)
    __use_no_semihosting_swi                 0x0800070b   Thumb Code     2  use_no_semi.o(.text)
    _printf_int_common                       0x0800070d   Thumb Code   178  _printf_intcommon.o(.text)
    _printf_char_common                      0x080007cb   Thumb Code    32  _printf_char_common.o(.text)
    _printf_cs_common                        0x080007f1   Thumb Code    20  _printf_char.o(.text)
    _printf_char                             0x08000805   Thumb Code    16  _printf_char.o(.text)
    _printf_string                           0x08000815   Thumb Code     8  _printf_char.o(.text)
    _printf_char_file                        0x0800081d   Thumb Code    32  _printf_char_file.o(.text)
    __aeabi_memcpy4                          0x08000841   Thumb Code     0  rt_memcpy_w.o(.text)
    __aeabi_memcpy8                          0x08000841   Thumb Code     0  rt_memcpy_w.o(.text)
    __rt_memcpy_w                            0x08000841   Thumb Code   100  rt_memcpy_w.o(.text)
    _memcpy_lastbytes_aligned                0x08000889   Thumb Code     0  rt_memcpy_w.o(.text)
    __aeabi_memclr                           0x080008a5   Thumb Code     0  rt_memclr.o(.text)
    __rt_memclr                              0x080008a5   Thumb Code    68  rt_memclr.o(.text)
    _memset                                  0x080008a9   Thumb Code     0  rt_memclr.o(.text)
    ferror                                   0x080008e9   Thumb Code     8  ferror.o(.text)
    __user_setup_stackheap                   0x080008f1   Thumb Code    74  sys_stackheap_outer.o(.text)
    exit                                     0x0800093b   Thumb Code    18  exit.o(.text)
    __user_libspace                          0x0800094d   Thumb Code     8  libspace.o(.text)
    __user_perproc_libspace                  0x0800094d   Thumb Code     0  libspace.o(.text)
    __user_perthread_libspace                0x0800094d   Thumb Code     0  libspace.o(.text)
    BusFault_Handler                         0x08000955   Thumb Code     4  stm32f4xx_it.o(i.BusFault_Handler)
    DMA2_Stream2_IRQHandler                  0x08000959   Thumb Code    10  stm32f4xx_it.o(i.DMA2_Stream2_IRQHandler)
    DMA2_Stream3_IRQHandler                  0x08000969   Thumb Code    10  stm32f4xx_it.o(i.DMA2_Stream3_IRQHandler)
    DataCap_task                             0x08000a83   Thumb Code     8  freertos_demo.o(i.DataCap_task)
    DebugMon_Handler                         0x08000a8b   Thumb Code     2  stm32f4xx_it.o(i.DebugMon_Handler)
    FSMC_NORSRAM_Extended_Timing_Init        0x08000a8d   Thumb Code    66  stm32f4xx_ll_fsmc.o(i.FSMC_NORSRAM_Extended_Timing_Init)
    FSMC_NORSRAM_Init                        0x08000ad5   Thumb Code    88  stm32f4xx_ll_fsmc.o(i.FSMC_NORSRAM_Init)
    FSMC_NORSRAM_Timing_Init                 0x08000b31   Thumb Code    68  stm32f4xx_ll_fsmc.o(i.FSMC_NORSRAM_Timing_Init)
    HAL_DMA_Abort                            0x08000b75   Thumb Code   170  stm32f4xx_hal_dma.o(i.HAL_DMA_Abort)
    HAL_DMA_Abort_IT                         0x08000c1f   Thumb Code    40  stm32f4xx_hal_dma.o(i.HAL_DMA_Abort_IT)
    HAL_DMA_IRQHandler                       0x08000c49   Thumb Code   570  stm32f4xx_hal_dma.o(i.HAL_DMA_IRQHandler)
    HAL_DMA_Init                             0x08000e89   Thumb Code   232  stm32f4xx_hal_dma.o(i.HAL_DMA_Init)
    HAL_DMA_Start_IT                         0x08000f75   Thumb Code   146  stm32f4xx_hal_dma.o(i.HAL_DMA_Start_IT)
    HAL_Delay                                0x08001009   Thumb Code    36  stm32f4xx_hal.o(i.HAL_Delay)
    HAL_GPIO_Init                            0x08001031   Thumb Code   470  stm32f4xx_hal_gpio.o(i.HAL_GPIO_Init)
    HAL_GPIO_ReadPin                         0x08001235   Thumb Code    16  stm32f4xx_hal_gpio.o(i.HAL_GPIO_ReadPin)
    HAL_GPIO_TogglePin                       0x08001245   Thumb Code    20  stm32f4xx_hal_gpio.o(i.HAL_GPIO_TogglePin)
    HAL_GPIO_WritePin                        0x08001259   Thumb Code    12  stm32f4xx_hal_gpio.o(i.HAL_GPIO_WritePin)
    HAL_GetREVID                             0x08001265   Thumb Code     8  stm32f4xx_hal.o(i.HAL_GetREVID)
    HAL_GetTick                              0x08001271   Thumb Code     6  stm32f4xx_hal.o(i.HAL_GetTick)
    HAL_I2C_Init                             0x0800127d   Thumb Code   446  stm32f4xx_hal_i2c.o(i.HAL_I2C_Init)
    HAL_I2C_Mem_Read                         0x0800144d   Thumb Code   744  stm32f4xx_hal_i2c.o(i.HAL_I2C_Mem_Read)
    HAL_I2C_Mem_Write                        0x08001741   Thumb Code   348  stm32f4xx_hal_i2c.o(i.HAL_I2C_Mem_Write)
    HAL_I2C_MspInit                          0x080018a5   Thumb Code     2  stm32f4xx_hal_i2c.o(i.HAL_I2C_MspInit)
    HAL_IncTick                              0x080018a9   Thumb Code    16  stm32f4xx_hal.o(i.HAL_IncTick)
    HAL_Init                                 0x080018c1   Thumb Code    44  stm32f4xx_hal.o(i.HAL_Init)
    HAL_InitTick                             0x080018f1   Thumb Code    64  stm32f4xx_hal.o(i.HAL_InitTick)
    HAL_MspInit                              0x0800193d   Thumb Code     2  stm32f4xx_hal.o(i.HAL_MspInit)
    HAL_NVIC_EnableIRQ                       0x0800193f   Thumb Code    32  stm32f4xx_hal_cortex.o(i.HAL_NVIC_EnableIRQ)
    HAL_NVIC_SetPriority                     0x0800195f   Thumb Code   124  stm32f4xx_hal_cortex.o(i.HAL_NVIC_SetPriority)
    HAL_NVIC_SetPriorityGrouping             0x080019dd   Thumb Code    32  stm32f4xx_hal_cortex.o(i.HAL_NVIC_SetPriorityGrouping)
    HAL_RCC_ClockConfig                      0x08001a05   Thumb Code   368  stm32f4xx_hal_rcc.o(i.HAL_RCC_ClockConfig)
    HAL_RCC_GetHCLKFreq                      0x08001b89   Thumb Code     6  stm32f4xx_hal_rcc.o(i.HAL_RCC_GetHCLKFreq)
    HAL_RCC_GetPCLK1Freq                     0x08001b95   Thumb Code    22  stm32f4xx_hal_rcc.o(i.HAL_RCC_GetPCLK1Freq)
    HAL_RCC_GetPCLK2Freq                     0x08001bb5   Thumb Code    22  stm32f4xx_hal_rcc.o(i.HAL_RCC_GetPCLK2Freq)
    HAL_RCC_GetSysClockFreq                  0x08001bd5   Thumb Code   162  stm32f4xx_hal_rcc.o(i.HAL_RCC_GetSysClockFreq)
    HAL_RCC_OscConfig                        0x08001c85   Thumb Code  1172  stm32f4xx_hal_rcc.o(i.HAL_RCC_OscConfig)
    HAL_SPI_ErrorCallback                    0x08002121   Thumb Code     2  stm32f4xx_hal_spi.o(i.HAL_SPI_ErrorCallback)
    HAL_SPI_Init                             0x08002123   Thumb Code   222  stm32f4xx_hal_spi.o(i.HAL_SPI_Init)
    HAL_SPI_MspInit                          0x08002201   Thumb Code   174  norflash.o(i.HAL_SPI_MspInit)
    HAL_SPI_RxCpltCallback                   0x080022bd   Thumb Code    16  norflash.o(i.HAL_SPI_RxCpltCallback)
    HAL_SPI_RxHalfCpltCallback               0x080022d5   Thumb Code     2  stm32f4xx_hal_spi.o(i.HAL_SPI_RxHalfCpltCallback)
    HAL_SPI_TransmitReceive_DMA              0x080022d9   Thumb Code   378  stm32f4xx_hal_spi.o(i.HAL_SPI_TransmitReceive_DMA)
    HAL_SPI_TxRxCpltCallback                 0x08002469   Thumb Code    20  norflash.o(i.HAL_SPI_TxRxCpltCallback)
    HAL_SPI_TxRxHalfCpltCallback             0x08002489   Thumb Code     2  stm32f4xx_hal_spi.o(i.HAL_SPI_TxRxHalfCpltCallback)
    HAL_SRAM_Init                            0x0800248b   Thumb Code    88  stm32f4xx_hal_sram.o(i.HAL_SRAM_Init)
    HAL_SRAM_MspInit                         0x080024e5   Thumb Code   152  lcd.o(i.HAL_SRAM_MspInit)
    HAL_SYSTICK_CLKSourceConfig              0x08002589   Thumb Code    40  stm32f4xx_hal_cortex.o(i.HAL_SYSTICK_CLKSourceConfig)
    HAL_SYSTICK_Config                       0x080025b1   Thumb Code    52  stm32f4xx_hal_cortex.o(i.HAL_SYSTICK_Config)
    HAL_TIMEx_BreakCallback                  0x080025e5   Thumb Code     2  stm32f4xx_hal_tim_ex.o(i.HAL_TIMEx_BreakCallback)
    HAL_TIMEx_CommutCallback                 0x080025e7   Thumb Code     2  stm32f4xx_hal_tim_ex.o(i.HAL_TIMEx_CommutCallback)
    HAL_TIM_IC_CaptureCallback               0x080025e9   Thumb Code     2  stm32f4xx_hal_tim.o(i.HAL_TIM_IC_CaptureCallback)
    HAL_TIM_IRQHandler                       0x080025eb   Thumb Code   406  stm32f4xx_hal_tim.o(i.HAL_TIM_IRQHandler)
    HAL_TIM_OC_DelayElapsedCallback          0x08002781   Thumb Code     2  stm32f4xx_hal_tim.o(i.HAL_TIM_OC_DelayElapsedCallback)
    HAL_TIM_PWM_PulseFinishedCallback        0x08002783   Thumb Code     2  stm32f4xx_hal_tim.o(i.HAL_TIM_PWM_PulseFinishedCallback)
    HAL_TIM_PeriodElapsedCallback            0x08002785   Thumb Code    26  btim.o(i.HAL_TIM_PeriodElapsedCallback)
    HAL_TIM_TriggerCallback                  0x080027a9   Thumb Code     2  stm32f4xx_hal_tim.o(i.HAL_TIM_TriggerCallback)
    HAL_UARTEx_RxEventCallback               0x080027ab   Thumb Code     2  stm32f4xx_hal_uart.o(i.HAL_UARTEx_RxEventCallback)
    HAL_UART_ErrorCallback                   0x080027ad   Thumb Code     2  stm32f4xx_hal_uart.o(i.HAL_UART_ErrorCallback)
    HAL_UART_IRQHandler                      0x080027b1   Thumb Code   586  stm32f4xx_hal_uart.o(i.HAL_UART_IRQHandler)
    HAL_UART_Init                            0x08002a01   Thumb Code   114  stm32f4xx_hal_uart.o(i.HAL_UART_Init)
    HAL_UART_MspInit                         0x08002a75   Thumb Code   190  usart.o(i.HAL_UART_MspInit)
    HAL_UART_Receive_IT                      0x08002b41   Thumb Code    66  stm32f4xx_hal_uart.o(i.HAL_UART_Receive_IT)
    HAL_UART_RxCpltCallback                  0x08002b85   Thumb Code   134  usart.o(i.HAL_UART_RxCpltCallback)
    HAL_UART_TxCpltCallback                  0x08002c21   Thumb Code     2  stm32f4xx_hal_uart.o(i.HAL_UART_TxCpltCallback)
    HardFault_Handler                        0x08002c23   Thumb Code     4  stm32f4xx_it.o(i.HardFault_Handler)
    MAX30102_Calculate_Health                0x08003129   Thumb Code   612  max30102_app.o(i.MAX30102_Calculate_Health)
    MAX30102_Data_Push                       0x080033d1   Thumb Code   108  max30102_app.o(i.MAX30102_Data_Push)
    MAX30102_Init                            0x08003505   Thumb Code   126  max30102.o(i.MAX30102_Init)
    MAX30102_ReadReg                         0x08003585   Thumb Code    38  max30102.o(i.MAX30102_ReadReg)
    MAX30102_Read_FIFO                       0x080035b1   Thumb Code    98  max30102.o(i.MAX30102_Read_FIFO)
    MAX30102_WriteReg                        0x08003619   Thumb Code    42  max30102.o(i.MAX30102_WriteReg)
    Max_30102_run                            0x08003649   Thumb Code    30  max30102_app.o(i.Max_30102_run)
    MemManage_Handler                        0x08003671   Thumb Code     4  stm32f4xx_it.o(i.MemManage_Handler)
    NMI_Handler                              0x08003675   Thumb Code     2  stm32f4xx_it.o(i.NMI_Handler)
    SysTick_Handler                          0x08003ae7   Thumb Code    20  delay.o(i.SysTick_Handler)
    SystemInit                               0x08003afd   Thumb Code    14  system_stm32f4xx.o(i.SystemInit)
    TIM3_IRQHandler                          0x08003b11   Thumb Code    10  btim.o(i.TIM3_IRQHandler)
    UART_Start_Receive_IT                    0x08003e75   Thumb Code    70  stm32f4xx_hal_uart.o(i.UART_Start_Receive_IT)
    USART1_IRQHandler                        0x08003f1d   Thumb Code    10  usart.o(i.USART1_IRQHandler)
    UsageFault_Handler                       0x08003f2d   Thumb Code     4  stm32f4xx_it.o(i.UsageFault_Handler)
    XmRamInit                                0x08003f31   Thumb Code    48  xmram.o(i.XmRamInit)
    _sys_exit                                0x08003f99   Thumb Code     4  usart.o(i._sys_exit)
    delay_init                               0x0800406d   Thumb Code    52  delay.o(i.delay_init)
    delay_ms                                 0x080040a5   Thumb Code    24  delay.o(i.delay_ms)
    delay_us                                 0x080040bd   Thumb Code    68  delay.o(i.delay_us)
    fputc                                    0x08004105   Thumb Code    22  usart.o(i.fputc)
    freertos_demo                            0x08004121   Thumb Code    28  freertos_demo.o(i.freertos_demo)
    key_init                                 0x08004151   Thumb Code   240  key.o(i.key_init)
    lcd_clear                                0x0800424d   Thumb Code    42  lcd.o(i.lcd_clear)
    lcd_display_dir                          0x08004281   Thumb Code   360  lcd.o(i.lcd_display_dir)
    lcd_ex_ili9341_reginit                   0x080043ed   Thumb Code   556  lcd.o(i.lcd_ex_ili9341_reginit)
    lcd_ex_ili9806_reginit                   0x08004619   Thumb Code   832  lcd.o(i.lcd_ex_ili9806_reginit)
    lcd_ex_nt35310_reginit                   0x08004959   Thumb Code  3826  lcd.o(i.lcd_ex_nt35310_reginit)
    lcd_ex_nt35510_reginit                   0x0800584b   Thumb Code  3836  lcd.o(i.lcd_ex_nt35510_reginit)
    lcd_ex_ssd1963_reginit                   0x08006747   Thumb Code   366  lcd.o(i.lcd_ex_ssd1963_reginit)
    lcd_ex_st7789_reginit                    0x080068b5   Thumb Code   424  lcd.o(i.lcd_ex_st7789_reginit)
    lcd_ex_st7796_reginit                    0x08006a5d   Thumb Code   454  lcd.o(i.lcd_ex_st7796_reginit)
    lcd_init                                 0x08006c25   Thumb Code  1286  lcd.o(i.lcd_init)
    lcd_scan_dir                             0x0800715d   Thumb Code   568  lcd.o(i.lcd_scan_dir)
    lcd_set_cursor                           0x08007399   Thumb Code   282  lcd.o(i.lcd_set_cursor)
    lcd_ssd_backlight_set                    0x080074b9   Thumb Code    88  lcd.o(i.lcd_ssd_backlight_set)
    lcd_wr_data                              0x08007519   Thumb Code    18  lcd.o(i.lcd_wr_data)
    lcd_wr_regno                             0x08007531   Thumb Code    18  lcd.o(i.lcd_wr_regno)
    lcd_write_ram_prepare                    0x08007549   Thumb Code    10  lcd.o(i.lcd_write_ram_prepare)
    lcd_write_reg                            0x0800755d   Thumb Code    14  lcd.o(i.lcd_write_reg)
    led_init                                 0x08007571   Thumb Code   142  led.o(i.led_init)
    led_run                                  0x08007609   Thumb Code    90  led_app.o(i.led_run)
    led_task                                 0x08007675   Thumb Code     8  freertos_demo.o(i.led_task)
    main                                     0x0800767d   Thumb Code    84  main.o(i.main)
    my_mem_init                              0x080076d5   Thumb Code    54  malloc.o(i.my_mem_init)
    my_mem_perused                           0x08007719   Thumb Code    56  malloc.o(i.my_mem_perused)
    mymemset                                 0x08007759   Thumb Code    20  malloc.o(i.mymemset)
    norflash_erase_sector                    0x0800776d   Thumb Code    62  norflash.o(i.norflash_erase_sector)
    norflash_init                            0x080077b1   Thumb Code   178  norflash.o(i.norflash_init)
    norflash_read                            0x08007871   Thumb Code    76  norflash.o(i.norflash_read)
    norflash_read_id                         0x080078c1   Thumb Code    76  norflash.o(i.norflash_read_id)
    norflash_read_sr                         0x08007911   Thumb Code    88  norflash.o(i.norflash_read_sr)
    norflash_write                           0x080079b5   Thumb Code   180  norflash.o(i.norflash_write)
    norflash_write_enable                    0x08007a6d   Thumb Code    40  norflash.o(i.norflash_write_enable)
    norflash_write_sr                        0x08007b39   Thumb Code    84  norflash.o(i.norflash_write_sr)
    pvPortMalloc                             0x080086d1   Thumb Code   306  heap_4.o(i.pvPortMalloc)
    pxPortInitialiseStack                    0x08008865   Thumb Code    38  port.o(i.pxPortInitialiseStack)
    spi1_init                                0x08008995   Thumb Code   118  norflash.o(i.spi1_init)
    spi1_read_write_byte                     0x08008a19   Thumb Code    42  norflash.o(i.spi1_read_write_byte)
    spi1_set_speed                           0x08008a51   Thumb Code    68  norflash.o(i.spi1_set_speed)
    sram_init                                0x08008a99   Thumb Code   470  sram.o(i.sram_init)
    start_task                               0x08008ff1   Thumb Code    98  freertos_demo.o(i.start_task)
    sys_stm32_clock_init                     0x08009089   Thumb Code   192  sys.o(i.sys_stm32_clock_init)
    tp_init                                  0x08009155   Thumb Code   298  touch.o(i.tp_init)
    tp_read_xy2                              0x08009431   Thumb Code   176  touch.o(i.tp_read_xy2)
    usart_init                               0x08009675   Thumb Code    44  usart.o(i.usart_init)
    uxListRemove                             0x080096ad   Thumb Code    40  list.o(i.uxListRemove)
    vListInitialise                          0x080096d5   Thumb Code    26  list.o(i.vListInitialise)
    vListInitialiseItem                      0x080096ef   Thumb Code     6  list.o(i.vListInitialiseItem)
    vListInsert                              0x080096f5   Thumb Code    52  list.o(i.vListInsert)
    vListInsertEnd                           0x08009729   Thumb Code    24  list.o(i.vListInsertEnd)
    vPortEnterCritical                       0x08009741   Thumb Code    68  port.o(i.vPortEnterCritical)
    vPortExitCritical                        0x080097d9   Thumb Code    48  port.o(i.vPortExitCritical)
    vPortFree                                0x08009859   Thumb Code   130  heap_4.o(i.vPortFree)
    vPortSetupTimerInterrupt                 0x08009931   Thumb Code    36  port.o(i.vPortSetupTimerInterrupt)
    vQueueAddToRegistry                      0x08009959   Thumb Code    84  queue.o(i.vQueueAddToRegistry)
    vQueueWaitForMessageRestricted           0x080099e5   Thumb Code    74  queue.o(i.vQueueWaitForMessageRestricted)
    vTaskDelay                               0x08009a31   Thumb Code    72  tasks.o(i.vTaskDelay)
    vTaskDelete                              0x08009ab5   Thumb Code   200  tasks.o(i.vTaskDelete)
    vTaskInternalSetTimeOutState             0x08009bd9   Thumb Code    14  tasks.o(i.vTaskInternalSetTimeOutState)
    vTaskMissedYield                         0x08009bf1   Thumb Code     8  tasks.o(i.vTaskMissedYield)
    vTaskPlaceOnEventList                    0x08009bfd   Thumb Code    42  tasks.o(i.vTaskPlaceOnEventList)
    vTaskPlaceOnEventListRestricted          0x08009c61   Thumb Code    84  tasks.o(i.vTaskPlaceOnEventListRestricted)
    vTaskStartScheduler                      0x08009ced   Thumb Code   112  tasks.o(i.vTaskStartScheduler)
    vTaskSuspendAll                          0x08009db1   Thumb Code    12  tasks.o(i.vTaskSuspendAll)
    vTaskSwitchContext                       0x08009dc1   Thumb Code   110  tasks.o(i.vTaskSwitchContext)
    xPortStartScheduler                      0x08009e79   Thumb Code   322  port.o(i.xPortStartScheduler)
    xPortSysTickHandler                      0x0800a025   Thumb Code    46  port.o(i.xPortSysTickHandler)
    xQueueGenericCreate                      0x0800a059   Thumb Code    92  queue.o(i.xQueueGenericCreate)
    xQueueGenericReset                       0x0800a0e9   Thumb Code   194  queue.o(i.xQueueGenericReset)
    xQueueReceive                            0x0800a1e5   Thumb Code   326  queue.o(i.xQueueReceive)
    xTaskCheckForTimeOut                     0x0800a365   Thumb Code   140  tasks.o(i.xTaskCheckForTimeOut)
    xTaskCreate                              0x0800a431   Thumb Code    96  tasks.o(i.xTaskCreate)
    xTaskGetSchedulerState                   0x0800a491   Thumb Code    24  tasks.o(i.xTaskGetSchedulerState)
    xTaskGetTickCount                        0x0800a4b1   Thumb Code     6  tasks.o(i.xTaskGetTickCount)
    xTaskIncrementTick                       0x0800a4bd   Thumb Code   390  tasks.o(i.xTaskIncrementTick)
    xTaskPriorityDisinherit                  0x0800a6a5   Thumb Code   206  tasks.o(i.xTaskPriorityDisinherit)
    xTaskRemoveFromEventList                 0x0800a7b5   Thumb Code   254  tasks.o(i.xTaskRemoveFromEventList)
    xTaskResumeAll                           0x0800a901   Thumb Code   328  tasks.o(i.xTaskResumeAll)
    xTimerCreateTimerTask                    0x0800aaa1   Thumb Code    56  timers.o(i.xTimerCreateTimerTask)
    __aeabi_d2uiz                            0x0800ab31   Thumb Code     0  dfixu.o(x$fpl$dfixu)
    _dfixu                                   0x0800ab31   Thumb Code    90  dfixu.o(x$fpl$dfixu)
    __aeabi_ui2d                             0x0800ab8b   Thumb Code     0  dflt_clz.o(x$fpl$dfltu)
    _dfltu                                   0x0800ab8b   Thumb Code    38  dflt_clz.o(x$fpl$dfltu)
    __aeabi_dmul                             0x0800abb1   Thumb Code     0  dmul.o(x$fpl$dmul)
    _dmul                                    0x0800abb1   Thumb Code   332  dmul.o(x$fpl$dmul)
    __fpl_dnaninf                            0x0800ad05   Thumb Code   156  dnaninf.o(x$fpl$dnaninf)
    __fpl_dretinf                            0x0800ada1   Thumb Code    12  dretinf.o(x$fpl$dretinf)
    _fp_init                                 0x0800adad   Thumb Code    10  fpinit.o(x$fpl$fpinit)
    __fplib_config_fpu_vfp                   0x0800adb5   Thumb Code     0  fpinit.o(x$fpl$fpinit)
    __fplib_config_pureend_doubles           0x0800adb5   Thumb Code     0  fpinit.o(x$fpl$fpinit)
    AHBPrescTable                            0x0800adb6   Data          16  system_stm32f4xx.o(.constdata)
    __I$use$fp                               0x0800adb6   Number         0  usenofp.o(x$fpl$usenofp)
    APBPrescTable                            0x0800adc6   Data           8  system_stm32f4xx.o(.constdata)
    memtblsize                               0x0800add8   Data           8  malloc.o(.constdata)
    memblksize                               0x0800ade0   Data           8  malloc.o(.constdata)
    memsize                                  0x0800ade8   Data           8  malloc.o(.constdata)
    Region$$Table$$Base                      0x0800ae18   Number         0  anon$$obj.o(Region$$Table)
    Region$$Table$$Limit                     0x0800ae38   Number         0  anon$$obj.o(Region$$Table)
    SystemCoreClock                          0x20000000   Data           4  system_stm32f4xx.o(.data)
    StartTask_Handler                        0x20000004   Data           4  freertos_demo.o(.data)
    LedTask_Handler                          0x20000008   Data           4  freertos_demo.o(.data)
    DataCapTask_Handler                      0x2000000c   Data           4  freertos_demo.o(.data)
    __stdout                                 0x20000014   Data           4  usart.o(.data)
    g_usart_rx_sta                           0x20000018   Data           2  usart.o(.data)
    g_rx_buffer                              0x2000001a   Data           1  usart.o(.data)
    uwTick                                   0x2000001c   Data           4  stm32f4xx_hal.o(.data)
    uwTickPrio                               0x20000020   Data           4  stm32f4xx_hal.o(.data)
    uwTickFreq                               0x20000024   Data           1  stm32f4xx_hal.o(.data)
    g_norflash_type                          0x20000028   Data           2  norflash.o(.data)
    tp_dev                                   0x2000002c   Data          72  touch.o(.data)
    mallco_dev                               0x20000074   Data          28  malloc.o(.data)
    pxCurrentTCB                             0x20000090   Data           4  tasks.o(.data)
    uxTopUsedPriority                        0x200000c8   Data           4  tasks.o(.data)
    g_text_buf                               0x20000110   Data          15  led_app.o(.data)
    flashsize                                0x20000120   Data           4  led_app.o(.data)
    buf_index                                0x20000124   Data           2  max30102_app.o(.data)
    buf_full                                 0x20000126   Data           1  max30102_app.o(.data)
    g_heart_rate                             0x20000128   Data           4  max30102_app.o(.data)
    g_spo2                                   0x2000012c   Data           4  max30102_app.o(.data)
    pun_red_led                              0x20000130   Data           4  max30102_app.o(.data)
    pun_ir_led                               0x20000134   Data           4  max30102_app.o(.data)
    key                                      0x2000013c   Data          10  xmram.o(.data)
    g_usart_rx_buf                           0x20000148   Data         200  usart.o(.bss)
    g_uart1_handle                           0x20000210   Data          68  usart.o(.bss)
    g_sram_handle                            0x20000254   Data          80  lcd.o(.bss)
    lcddev                                   0x200002a4   Data          14  lcd.o(.bss)
    g_sram_handler                           0x200002b4   Data          80  sram.o(.bss)
    timx_handler                             0x20000304   Data          72  btim.o(.bss)
    hi2c1                                    0x2000034c   Data          84  max30102.o(.bss)
    g_spi1_handler                           0x200003a0   Data          88  norflash.o(.bss)
    g_spi1_rx_dma_handler                    0x200003f8   Data          96  norflash.o(.bss)
    g_spi1_tx_dma_handler                    0x20000458   Data          96  norflash.o(.bss)
    g_norflash_buf                           0x200004b8   Data        4096  norflash.o(.bss)
    mem1mapbase                              0x200074c0   Data        1536  malloc.o(.bss)
    xQueueRegistry                           0x20007ac0   Data          64  queue.o(.bss)
    datatemp                                 0x20013e0c   Data          15  led_app.o(.bss)
    red_buffer                               0x20013e1c   Data         400  max30102_app.o(.bss)
    ir_buffer                                0x20013fac   Data         400  max30102_app.o(.bss)
    __libspace_start                         0x2001413c   Data          96  libspace.o(.bss)
    __temporary_stack_top$libspace           0x2001419c   Data           0  libspace.o(.bss)



==============================================================================

Memory Map of the image

  Image Entry point : 0x08000189

  Load Region LR_IROM1 (Base: 0x08000000, Size: 0x0000af80, Max: 0x00100000, ABSOLUTE, COMPRESSED[0x0000ae94])

    Execution Region ER_IROM1 (Exec base: 0x08000000, Load base: 0x08000000, Size: 0x0000ae38, Max: 0x00100000, ABSOLUTE)

    Exec Addr    Load Addr    Size         Type   Attr      Idx    E Section Name        Object

    0x08000000   0x08000000   0x00000188   Data   RO            3    RESET               startup_stm32f407xx.o
    0x08000188   0x08000188   0x00000008   Code   RO         7032  * !!!main             c_w.l(__main.o)
    0x08000190   0x08000190   0x00000034   Code   RO         7234    !!!scatter          c_w.l(__scatter.o)
    0x080001c4   0x080001c4   0x0000005a   Code   RO         7232    !!dczerorl2         c_w.l(__dczerorl2.o)
    0x0800021e   0x0800021e   0x00000002   PAD
    0x08000220   0x08000220   0x0000001c   Code   RO         7236    !!handler_zi        c_w.l(__scatter_zi.o)
    0x0800023c   0x0800023c   0x00000000   Code   RO         7017    .ARM.Collect$$_printf_percent$$00000000  c_w.l(_printf_percent.o)
    0x0800023c   0x0800023c   0x00000006   Code   RO         7015    .ARM.Collect$$_printf_percent$$00000009  c_w.l(_printf_d.o)
    0x08000242   0x08000242   0x00000006   Code   RO         7014    .ARM.Collect$$_printf_percent$$0000000C  c_w.l(_printf_x.o)
    0x08000248   0x08000248   0x00000006   Code   RO         7013    .ARM.Collect$$_printf_percent$$00000014  c_w.l(_printf_s.o)
    0x0800024e   0x0800024e   0x00000004   Code   RO         7063    .ARM.Collect$$_printf_percent$$00000017  c_w.l(_printf_percent_end.o)
    0x08000252   0x08000252   0x00000002   Code   RO         7109    .ARM.Collect$$libinit$$00000000  c_w.l(libinit.o)
    0x08000254   0x08000254   0x00000004   Code   RO         7121    .ARM.Collect$$libinit$$00000001  c_w.l(libinit2.o)
    0x08000258   0x08000258   0x00000000   Code   RO         7124    .ARM.Collect$$libinit$$00000004  c_w.l(libinit2.o)
    0x08000258   0x08000258   0x00000000   Code   RO         7127    .ARM.Collect$$libinit$$0000000A  c_w.l(libinit2.o)
    0x08000258   0x08000258   0x00000000   Code   RO         7129    .ARM.Collect$$libinit$$0000000C  c_w.l(libinit2.o)
    0x08000258   0x08000258   0x00000000   Code   RO         7131    .ARM.Collect$$libinit$$0000000E  c_w.l(libinit2.o)
    0x08000258   0x08000258   0x00000000   Code   RO         7134    .ARM.Collect$$libinit$$00000011  c_w.l(libinit2.o)
    0x08000258   0x08000258   0x00000000   Code   RO         7136    .ARM.Collect$$libinit$$00000013  c_w.l(libinit2.o)
    0x08000258   0x08000258   0x00000000   Code   RO         7138    .ARM.Collect$$libinit$$00000015  c_w.l(libinit2.o)
    0x08000258   0x08000258   0x00000000   Code   RO         7140    .ARM.Collect$$libinit$$00000017  c_w.l(libinit2.o)
    0x08000258   0x08000258   0x00000000   Code   RO         7142    .ARM.Collect$$libinit$$00000019  c_w.l(libinit2.o)
    0x08000258   0x08000258   0x00000000   Code   RO         7144    .ARM.Collect$$libinit$$0000001B  c_w.l(libinit2.o)
    0x08000258   0x08000258   0x00000000   Code   RO         7146    .ARM.Collect$$libinit$$0000001D  c_w.l(libinit2.o)
    0x08000258   0x08000258   0x00000000   Code   RO         7148    .ARM.Collect$$libinit$$0000001F  c_w.l(libinit2.o)
    0x08000258   0x08000258   0x00000000   Code   RO         7150    .ARM.Collect$$libinit$$00000021  c_w.l(libinit2.o)
    0x08000258   0x08000258   0x00000000   Code   RO         7152    .ARM.Collect$$libinit$$00000023  c_w.l(libinit2.o)
    0x08000258   0x08000258   0x00000000   Code   RO         7154    .ARM.Collect$$libinit$$00000025  c_w.l(libinit2.o)
    0x08000258   0x08000258   0x00000000   Code   RO         7158    .ARM.Collect$$libinit$$0000002C  c_w.l(libinit2.o)
    0x08000258   0x08000258   0x00000000   Code   RO         7160    .ARM.Collect$$libinit$$0000002E  c_w.l(libinit2.o)
    0x08000258   0x08000258   0x00000000   Code   RO         7162    .ARM.Collect$$libinit$$00000030  c_w.l(libinit2.o)
    0x08000258   0x08000258   0x00000000   Code   RO         7164    .ARM.Collect$$libinit$$00000032  c_w.l(libinit2.o)
    0x08000258   0x08000258   0x00000002   Code   RO         7165    .ARM.Collect$$libinit$$00000033  c_w.l(libinit2.o)
    0x0800025a   0x0800025a   0x00000002   Code   RO         7189    .ARM.Collect$$libshutdown$$00000000  c_w.l(libshutdown.o)
    0x0800025c   0x0800025c   0x00000000   Code   RO         7213    .ARM.Collect$$libshutdown$$00000002  c_w.l(libshutdown2.o)
    0x0800025c   0x0800025c   0x00000000   Code   RO         7215    .ARM.Collect$$libshutdown$$00000004  c_w.l(libshutdown2.o)
    0x0800025c   0x0800025c   0x00000000   Code   RO         7217    .ARM.Collect$$libshutdown$$00000006  c_w.l(libshutdown2.o)
    0x0800025c   0x0800025c   0x00000000   Code   RO         7220    .ARM.Collect$$libshutdown$$00000009  c_w.l(libshutdown2.o)
    0x0800025c   0x0800025c   0x00000000   Code   RO         7223    .ARM.Collect$$libshutdown$$0000000C  c_w.l(libshutdown2.o)
    0x0800025c   0x0800025c   0x00000000   Code   RO         7225    .ARM.Collect$$libshutdown$$0000000E  c_w.l(libshutdown2.o)
    0x0800025c   0x0800025c   0x00000000   Code   RO         7228    .ARM.Collect$$libshutdown$$00000011  c_w.l(libshutdown2.o)
    0x0800025c   0x0800025c   0x00000002   Code   RO         7229    .ARM.Collect$$libshutdown$$00000012  c_w.l(libshutdown2.o)
    0x0800025e   0x0800025e   0x00000000   Code   RO         7048    .ARM.Collect$$rtentry$$00000000  c_w.l(__rtentry.o)
    0x0800025e   0x0800025e   0x00000000   Code   RO         7074    .ARM.Collect$$rtentry$$00000002  c_w.l(__rtentry2.o)
    0x0800025e   0x0800025e   0x00000006   Code   RO         7086    .ARM.Collect$$rtentry$$00000004  c_w.l(__rtentry4.o)
    0x08000264   0x08000264   0x00000000   Code   RO         7076    .ARM.Collect$$rtentry$$00000009  c_w.l(__rtentry2.o)
    0x08000264   0x08000264   0x00000004   Code   RO         7077    .ARM.Collect$$rtentry$$0000000A  c_w.l(__rtentry2.o)
    0x08000268   0x08000268   0x00000000   Code   RO         7079    .ARM.Collect$$rtentry$$0000000C  c_w.l(__rtentry2.o)
    0x08000268   0x08000268   0x00000008   Code   RO         7080    .ARM.Collect$$rtentry$$0000000D  c_w.l(__rtentry2.o)
    0x08000270   0x08000270   0x00000002   Code   RO         7113    .ARM.Collect$$rtexit$$00000000  c_w.l(rtexit.o)
    0x08000272   0x08000272   0x00000000   Code   RO         7167    .ARM.Collect$$rtexit$$00000002  c_w.l(rtexit2.o)
    0x08000272   0x08000272   0x00000004   Code   RO         7168    .ARM.Collect$$rtexit$$00000003  c_w.l(rtexit2.o)
    0x08000276   0x08000276   0x00000006   Code   RO         7169    .ARM.Collect$$rtexit$$00000004  c_w.l(rtexit2.o)
    0x0800027c   0x0800027c   0x000000be   Code   RO         6710    .emb_text           port.o
    0x0800033a   0x0800033a   0x00000002   PAD
    0x0800033c   0x0800033c   0x0000004c   Code   RO            4    .text               startup_stm32f407xx.o
    0x08000388   0x08000388   0x00000002   Code   RO         6953    .text               c_w.l(use_no_semi_2.o)
    0x0800038a   0x0800038a   0x000000ee   Code   RO         6955    .text               c_w.l(lludivv7m.o)
    0x08000478   0x08000478   0x00000018   Code   RO         6961    .text               c_w.l(noretval__2printf.o)
    0x08000490   0x08000490   0x00000068   Code   RO         6965    .text               c_w.l(__printf.o)
    0x080004f8   0x080004f8   0x00000052   Code   RO         6967    .text               c_w.l(_printf_str.o)
    0x0800054a   0x0800054a   0x00000002   PAD
    0x0800054c   0x0800054c   0x00000078   Code   RO         6969    .text               c_w.l(_printf_dec.o)
    0x080005c4   0x080005c4   0x00000058   Code   RO         6974    .text               c_w.l(_printf_hex_int.o)
    0x0800061c   0x0800061c   0x0000008a   Code   RO         7022    .text               c_w.l(rt_memcpy_v6.o)
    0x080006a6   0x080006a6   0x00000010   Code   RO         7026    .text               c_w.l(aeabi_memset.o)
    0x080006b6   0x080006b6   0x0000004e   Code   RO         7028    .text               c_w.l(rt_memclr_w.o)
    0x08000704   0x08000704   0x00000006   Code   RO         7030    .text               c_w.l(heapauxi.o)
    0x0800070a   0x0800070a   0x00000002   Code   RO         7046    .text               c_w.l(use_no_semi.o)
    0x0800070c   0x0800070c   0x000000b2   Code   RO         7053    .text               c_w.l(_printf_intcommon.o)
    0x080007be   0x080007be   0x00000002   PAD
    0x080007c0   0x080007c0   0x00000030   Code   RO         7055    .text               c_w.l(_printf_char_common.o)
    0x080007f0   0x080007f0   0x0000002c   Code   RO         7059    .text               c_w.l(_printf_char.o)
    0x0800081c   0x0800081c   0x00000024   Code   RO         7061    .text               c_w.l(_printf_char_file.o)
    0x08000840   0x08000840   0x00000064   Code   RO         7064    .text               c_w.l(rt_memcpy_w.o)
    0x080008a4   0x080008a4   0x00000044   Code   RO         7066    .text               c_w.l(rt_memclr.o)
    0x080008e8   0x080008e8   0x00000008   Code   RO         7092    .text               c_w.l(ferror.o)
    0x080008f0   0x080008f0   0x0000004a   Code   RO         7096    .text               c_w.l(sys_stackheap_outer.o)
    0x0800093a   0x0800093a   0x00000012   Code   RO         7098    .text               c_w.l(exit.o)
    0x0800094c   0x0800094c   0x00000008   Code   RO         7110    .text               c_w.l(libspace.o)
    0x08000954   0x08000954   0x00000004   Code   RO          285    i.BusFault_Handler  stm32f4xx_it.o
    0x08000958   0x08000958   0x00000010   Code   RO          286    i.DMA2_Stream2_IRQHandler  stm32f4xx_it.o
    0x08000968   0x08000968   0x00000010   Code   RO          287    i.DMA2_Stream3_IRQHandler  stm32f4xx_it.o
    0x08000978   0x08000978   0x00000034   Code   RO         3439    i.DMA_CalcBaseAndBitshift  stm32f4xx_hal_dma.o
    0x080009ac   0x080009ac   0x000000aa   Code   RO         3440    i.DMA_CheckFifoParam  stm32f4xx_hal_dma.o
    0x08000a56   0x08000a56   0x0000002c   Code   RO         3441    i.DMA_SetConfig     stm32f4xx_hal_dma.o
    0x08000a82   0x08000a82   0x00000008   Code   RO          541    i.DataCap_task      freertos_demo.o
    0x08000a8a   0x08000a8a   0x00000002   Code   RO          288    i.DebugMon_Handler  stm32f4xx_it.o
    0x08000a8c   0x08000a8c   0x00000048   Code   RO         3321    i.FSMC_NORSRAM_Extended_Timing_Init  stm32f4xx_ll_fsmc.o
    0x08000ad4   0x08000ad4   0x0000005c   Code   RO         3322    i.FSMC_NORSRAM_Init  stm32f4xx_ll_fsmc.o
    0x08000b30   0x08000b30   0x00000044   Code   RO         3323    i.FSMC_NORSRAM_Timing_Init  stm32f4xx_ll_fsmc.o
    0x08000b74   0x08000b74   0x000000aa   Code   RO         3442    i.HAL_DMA_Abort     stm32f4xx_hal_dma.o
    0x08000c1e   0x08000c1e   0x00000028   Code   RO         3443    i.HAL_DMA_Abort_IT  stm32f4xx_hal_dma.o
    0x08000c46   0x08000c46   0x00000002   PAD
    0x08000c48   0x08000c48   0x00000240   Code   RO         3447    i.HAL_DMA_IRQHandler  stm32f4xx_hal_dma.o
    0x08000e88   0x08000e88   0x000000ec   Code   RO         3448    i.HAL_DMA_Init      stm32f4xx_hal_dma.o
    0x08000f74   0x08000f74   0x00000092   Code   RO         3452    i.HAL_DMA_Start_IT  stm32f4xx_hal_dma.o
    0x08001006   0x08001006   0x00000002   PAD
    0x08001008   0x08001008   0x00000028   Code   RO          820    i.HAL_Delay         stm32f4xx_hal.o
    0x08001030   0x08001030   0x00000204   Code   RO         1142    i.HAL_GPIO_Init     stm32f4xx_hal_gpio.o
    0x08001234   0x08001234   0x00000010   Code   RO         1144    i.HAL_GPIO_ReadPin  stm32f4xx_hal_gpio.o
    0x08001244   0x08001244   0x00000014   Code   RO         1145    i.HAL_GPIO_TogglePin  stm32f4xx_hal_gpio.o
    0x08001258   0x08001258   0x0000000c   Code   RO         1146    i.HAL_GPIO_WritePin  stm32f4xx_hal_gpio.o
    0x08001264   0x08001264   0x0000000c   Code   RO          825    i.HAL_GetREVID      stm32f4xx_hal.o
    0x08001270   0x08001270   0x0000000c   Code   RO          826    i.HAL_GetTick       stm32f4xx_hal.o
    0x0800127c   0x0800127c   0x000001d0   Code   RO         3779    i.HAL_I2C_Init      stm32f4xx_hal_i2c.o
    0x0800144c   0x0800144c   0x000002f4   Code   RO         3797    i.HAL_I2C_Mem_Read  stm32f4xx_hal_i2c.o
    0x08001740   0x08001740   0x00000164   Code   RO         3800    i.HAL_I2C_Mem_Write  stm32f4xx_hal_i2c.o
    0x080018a4   0x080018a4   0x00000002   Code   RO         3804    i.HAL_I2C_MspInit   stm32f4xx_hal_i2c.o
    0x080018a6   0x080018a6   0x00000002   PAD
    0x080018a8   0x080018a8   0x00000018   Code   RO          832    i.HAL_IncTick       stm32f4xx_hal.o
    0x080018c0   0x080018c0   0x00000030   Code   RO          833    i.HAL_Init          stm32f4xx_hal.o
    0x080018f0   0x080018f0   0x0000004c   Code   RO          834    i.HAL_InitTick      stm32f4xx_hal.o
    0x0800193c   0x0800193c   0x00000002   Code   RO          836    i.HAL_MspInit       stm32f4xx_hal.o
    0x0800193e   0x0800193e   0x00000020   Code   RO         1004    i.HAL_NVIC_EnableIRQ  stm32f4xx_hal_cortex.o
    0x0800195e   0x0800195e   0x0000007c   Code   RO         1010    i.HAL_NVIC_SetPriority  stm32f4xx_hal_cortex.o
    0x080019da   0x080019da   0x00000002   PAD
    0x080019dc   0x080019dc   0x00000028   Code   RO         1011    i.HAL_NVIC_SetPriorityGrouping  stm32f4xx_hal_cortex.o
    0x08001a04   0x08001a04   0x00000184   Code   RO         1206    i.HAL_RCC_ClockConfig  stm32f4xx_hal_rcc.o
    0x08001b88   0x08001b88   0x0000000c   Code   RO         1211    i.HAL_RCC_GetHCLKFreq  stm32f4xx_hal_rcc.o
    0x08001b94   0x08001b94   0x00000020   Code   RO         1213    i.HAL_RCC_GetPCLK1Freq  stm32f4xx_hal_rcc.o
    0x08001bb4   0x08001bb4   0x00000020   Code   RO         1214    i.HAL_RCC_GetPCLK2Freq  stm32f4xx_hal_rcc.o
    0x08001bd4   0x08001bd4   0x000000b0   Code   RO         1215    i.HAL_RCC_GetSysClockFreq  stm32f4xx_hal_rcc.o
    0x08001c84   0x08001c84   0x0000049c   Code   RO         1218    i.HAL_RCC_OscConfig  stm32f4xx_hal_rcc.o
    0x08002120   0x08002120   0x00000002   Code   RO         4265    i.HAL_SPI_ErrorCallback  stm32f4xx_hal_spi.o
    0x08002122   0x08002122   0x000000de   Code   RO         4269    i.HAL_SPI_Init      stm32f4xx_hal_spi.o
    0x08002200   0x08002200   0x000000bc   Code   RO         5077    i.HAL_SPI_MspInit   norflash.o
    0x080022bc   0x080022bc   0x00000018   Code   RO         5078    i.HAL_SPI_RxCpltCallback  norflash.o
    0x080022d4   0x080022d4   0x00000002   Code   RO         4276    i.HAL_SPI_RxHalfCpltCallback  stm32f4xx_hal_spi.o
    0x080022d6   0x080022d6   0x00000002   PAD
    0x080022d8   0x080022d8   0x00000190   Code   RO         4279    i.HAL_SPI_TransmitReceive_DMA  stm32f4xx_hal_spi.o
    0x08002468   0x08002468   0x00000020   Code   RO         5080    i.HAL_SPI_TxRxCpltCallback  norflash.o
    0x08002488   0x08002488   0x00000002   Code   RO         4286    i.HAL_SPI_TxRxHalfCpltCallback  stm32f4xx_hal_spi.o
    0x0800248a   0x0800248a   0x00000058   Code   RO         3197    i.HAL_SRAM_Init     stm32f4xx_hal_sram.o
    0x080024e2   0x080024e2   0x00000002   PAD
    0x080024e4   0x080024e4   0x000000a4   Code   RO         4624    i.HAL_SRAM_MspInit  lcd.o
    0x08002588   0x08002588   0x00000028   Code   RO         1013    i.HAL_SYSTICK_CLKSourceConfig  stm32f4xx_hal_cortex.o
    0x080025b0   0x080025b0   0x00000034   Code   RO         1015    i.HAL_SYSTICK_Config  stm32f4xx_hal_cortex.o
    0x080025e4   0x080025e4   0x00000002   Code   RO         2926    i.HAL_TIMEx_BreakCallback  stm32f4xx_hal_tim_ex.o
    0x080025e6   0x080025e6   0x00000002   Code   RO         2927    i.HAL_TIMEx_CommutCallback  stm32f4xx_hal_tim_ex.o
    0x080025e8   0x080025e8   0x00000002   Code   RO         2245    i.HAL_TIM_IC_CaptureCallback  stm32f4xx_hal_tim.o
    0x080025ea   0x080025ea   0x00000196   Code   RO         2259    i.HAL_TIM_IRQHandler  stm32f4xx_hal_tim.o
    0x08002780   0x08002780   0x00000002   Code   RO         2262    i.HAL_TIM_OC_DelayElapsedCallback  stm32f4xx_hal_tim.o
    0x08002782   0x08002782   0x00000002   Code   RO         2289    i.HAL_TIM_PWM_PulseFinishedCallback  stm32f4xx_hal_tim.o
    0x08002784   0x08002784   0x00000024   Code   RO         4974    i.HAL_TIM_PeriodElapsedCallback  btim.o
    0x080027a8   0x080027a8   0x00000002   Code   RO         2302    i.HAL_TIM_TriggerCallback  stm32f4xx_hal_tim.o
    0x080027aa   0x080027aa   0x00000002   Code   RO         1812    i.HAL_UARTEx_RxEventCallback  stm32f4xx_hal_uart.o
    0x080027ac   0x080027ac   0x00000002   Code   RO         1826    i.HAL_UART_ErrorCallback  stm32f4xx_hal_uart.o
    0x080027ae   0x080027ae   0x00000002   PAD
    0x080027b0   0x080027b0   0x00000250   Code   RO         1829    i.HAL_UART_IRQHandler  stm32f4xx_hal_uart.o
    0x08002a00   0x08002a00   0x00000072   Code   RO         1830    i.HAL_UART_Init     stm32f4xx_hal_uart.o
    0x08002a72   0x08002a72   0x00000002   PAD
    0x08002a74   0x08002a74   0x000000cc   Code   RO          736    i.HAL_UART_MspInit  usart.o
    0x08002b40   0x08002b40   0x00000042   Code   RO         1835    i.HAL_UART_Receive_IT  stm32f4xx_hal_uart.o
    0x08002b82   0x08002b82   0x00000002   PAD
    0x08002b84   0x08002b84   0x0000009c   Code   RO          737    i.HAL_UART_RxCpltCallback  usart.o
    0x08002c20   0x08002c20   0x00000002   Code   RO         1841    i.HAL_UART_TxCpltCallback  stm32f4xx_hal_uart.o
    0x08002c22   0x08002c22   0x00000004   Code   RO          289    i.HardFault_Handler  stm32f4xx_it.o
    0x08002c26   0x08002c26   0x0000003e   Code   RO         3822    i.I2C_IsAcknowledgeFailed  stm32f4xx_hal_i2c.o
    0x08002c64   0x08002c64   0x00000160   Code   RO         3833    i.I2C_RequestMemoryRead  stm32f4xx_hal_i2c.o
    0x08002dc4   0x08002dc4   0x000000e0   Code   RO         3834    i.I2C_RequestMemoryWrite  stm32f4xx_hal_i2c.o
    0x08002ea4   0x08002ea4   0x0000005c   Code   RO         3842    i.I2C_WaitOnBTFFlagUntilTimeout  stm32f4xx_hal_i2c.o
    0x08002f00   0x08002f00   0x00000086   Code   RO         3843    i.I2C_WaitOnFlagUntilTimeout  stm32f4xx_hal_i2c.o
    0x08002f86   0x08002f86   0x000000c4   Code   RO         3844    i.I2C_WaitOnMasterAddressFlagUntilTimeout  stm32f4xx_hal_i2c.o
    0x0800304a   0x0800304a   0x00000080   Code   RO         3845    i.I2C_WaitOnRXNEFlagUntilTimeout  stm32f4xx_hal_i2c.o
    0x080030ca   0x080030ca   0x0000005c   Code   RO         3848    i.I2C_WaitOnTXEFlagUntilTimeout  stm32f4xx_hal_i2c.o
    0x08003126   0x08003126   0x00000002   PAD
    0x08003128   0x08003128   0x000002a8   Code   RO         6827    i.MAX30102_Calculate_Health  max30102_app.o
    0x080033d0   0x080033d0   0x00000088   Code   RO         6828    i.MAX30102_Data_Push  max30102_app.o
    0x08003458   0x08003458   0x000000ac   Code   RO         5022    i.MAX30102_IO_Init  max30102.o
    0x08003504   0x08003504   0x0000007e   Code   RO         5023    i.MAX30102_Init     max30102.o
    0x08003582   0x08003582   0x00000002   PAD
    0x08003584   0x08003584   0x0000002c   Code   RO         5024    i.MAX30102_ReadReg  max30102.o
    0x080035b0   0x080035b0   0x00000068   Code   RO         5025    i.MAX30102_Read_FIFO  max30102.o
    0x08003618   0x08003618   0x00000030   Code   RO         5026    i.MAX30102_WriteReg  max30102.o
    0x08003648   0x08003648   0x00000028   Code   RO         6829    i.Max_30102_run     max30102_app.o
    0x08003670   0x08003670   0x00000004   Code   RO          290    i.MemManage_Handler  stm32f4xx_it.o
    0x08003674   0x08003674   0x00000002   Code   RO          291    i.NMI_Handler       stm32f4xx_it.o
    0x08003676   0x08003676   0x00000028   Code   RO         4299    i.SPI_DMAError      stm32f4xx_hal_spi.o
    0x0800369e   0x0800369e   0x0000000e   Code   RO         4300    i.SPI_DMAHalfReceiveCplt  stm32f4xx_hal_spi.o
    0x080036ac   0x080036ac   0x0000000e   Code   RO         4302    i.SPI_DMAHalfTransmitReceiveCplt  stm32f4xx_hal_spi.o
    0x080036ba   0x080036ba   0x000000c4   Code   RO         4303    i.SPI_DMAReceiveCplt  stm32f4xx_hal_spi.o
    0x0800377e   0x0800377e   0x000000b0   Code   RO         4306    i.SPI_DMATransmitReceiveCplt  stm32f4xx_hal_spi.o
    0x0800382e   0x0800382e   0x00000094   Code   RO         4308    i.SPI_EndRxTransaction  stm32f4xx_hal_spi.o
    0x080038c2   0x080038c2   0x00000002   PAD
    0x080038c4   0x080038c4   0x0000006c   Code   RO         4309    i.SPI_EndRxTxTransaction  stm32f4xx_hal_spi.o
    0x08003930   0x08003930   0x000000d8   Code   RO         4316    i.SPI_WaitFlagStateUntilTimeout  stm32f4xx_hal_spi.o
    0x08003a08   0x08003a08   0x000000de   Code   RO         6866    i.SRAM_GPIO_Set     XMRAM.lib(xmram.o)
    0x08003ae6   0x08003ae6   0x00000014   Code   RO          619    i.SysTick_Handler   delay.o
    0x08003afa   0x08003afa   0x00000002   PAD
    0x08003afc   0x08003afc   0x00000014   Code   RO          505    i.SystemInit        system_stm32f4xx.o
    0x08003b10   0x08003b10   0x00000010   Code   RO         4975    i.TIM3_IRQHandler   btim.o
    0x08003b20   0x08003b20   0x00000014   Code   RO         1843    i.UART_DMAAbortOnError  stm32f4xx_hal_uart.o
    0x08003b34   0x08003b34   0x00000036   Code   RO         1853    i.UART_EndRxTransfer  stm32f4xx_hal_uart.o
    0x08003b6a   0x08003b6a   0x00000020   Code   RO         1854    i.UART_EndTransmit_IT  stm32f4xx_hal_uart.o
    0x08003b8a   0x08003b8a   0x000000be   Code   RO         1856    i.UART_Receive_IT   stm32f4xx_hal_uart.o
    0x08003c48   0x08003c48   0x0000022c   Code   RO         1857    i.UART_SetConfig    stm32f4xx_hal_uart.o
    0x08003e74   0x08003e74   0x00000046   Code   RO         1859    i.UART_Start_Receive_IT  stm32f4xx_hal_uart.o
    0x08003eba   0x08003eba   0x00000060   Code   RO         1860    i.UART_Transmit_IT  stm32f4xx_hal_uart.o
    0x08003f1a   0x08003f1a   0x00000002   PAD
    0x08003f1c   0x08003f1c   0x00000010   Code   RO          738    i.USART1_IRQHandler  usart.o
    0x08003f2c   0x08003f2c   0x00000004   Code   RO          292    i.UsageFault_Handler  stm32f4xx_it.o
    0x08003f30   0x08003f30   0x00000030   Code   RO         6867    i.XmRamInit         XMRAM.lib(xmram.o)
    0x08003f60   0x08003f60   0x00000010   Code   RO         1017    i.__NVIC_GetPriorityGrouping  stm32f4xx_hal_cortex.o
    0x08003f70   0x08003f70   0x00000028   Code   RO         1018    i.__NVIC_SetPriority  stm32f4xx_hal_cortex.o
    0x08003f98   0x08003f98   0x00000004   Code   RO          740    i._sys_exit         usart.o
    0x08003f9c   0x08003f9c   0x00000078   Code   RO         6868    i.addr_out          XMRAM.lib(xmram.o)
    0x08004014   0x08004014   0x00000058   Code   RO         6869    i.dataout           XMRAM.lib(xmram.o)
    0x0800406c   0x0800406c   0x00000038   Code   RO          620    i.delay_init        delay.o
    0x080040a4   0x080040a4   0x00000018   Code   RO          621    i.delay_ms          delay.o
    0x080040bc   0x080040bc   0x00000048   Code   RO          622    i.delay_us          delay.o
    0x08004104   0x08004104   0x0000001c   Code   RO          742    i.fputc             usart.o
    0x08004120   0x08004120   0x00000030   Code   RO          542    i.freertos_demo     freertos_demo.o
    0x08004150   0x08004150   0x000000fc   Code   RO         4885    i.key_init          key.o
    0x0800424c   0x0800424c   0x00000034   Code   RO         4625    i.lcd_clear         lcd.o
    0x08004280   0x08004280   0x0000016c   Code   RO         4627    i.lcd_display_dir   lcd.o
    0x080043ec   0x080043ec   0x0000022c   Code   RO         4635    i.lcd_ex_ili9341_reginit  lcd.o
    0x08004618   0x08004618   0x00000340   Code   RO         4636    i.lcd_ex_ili9806_reginit  lcd.o
    0x08004958   0x08004958   0x00000ef2   Code   RO         4637    i.lcd_ex_nt35310_reginit  lcd.o
    0x0800584a   0x0800584a   0x00000efc   Code   RO         4638    i.lcd_ex_nt35510_reginit  lcd.o
    0x08006746   0x08006746   0x0000016e   Code   RO         4639    i.lcd_ex_ssd1963_reginit  lcd.o
    0x080068b4   0x080068b4   0x000001a8   Code   RO         4640    i.lcd_ex_st7789_reginit  lcd.o
    0x08006a5c   0x08006a5c   0x000001c6   Code   RO         4641    i.lcd_ex_st7796_reginit  lcd.o
    0x08006c22   0x08006c22   0x00000002   PAD
    0x08006c24   0x08006c24   0x00000514   Code   RO         4644    i.lcd_init          lcd.o
    0x08007138   0x08007138   0x0000000c   Code   RO         4645    i.lcd_opt_delay     lcd.o
    0x08007144   0x08007144   0x00000018   Code   RO         4647    i.lcd_rd_data       lcd.o
    0x0800715c   0x0800715c   0x0000023c   Code   RO         4649    i.lcd_scan_dir      lcd.o
    0x08007398   0x08007398   0x00000120   Code   RO         4650    i.lcd_set_cursor    lcd.o
    0x080074b8   0x080074b8   0x00000060   Code   RO         4656    i.lcd_ssd_backlight_set  lcd.o
    0x08007518   0x08007518   0x00000018   Code   RO         4657    i.lcd_wr_data       lcd.o
    0x08007530   0x08007530   0x00000018   Code   RO         4658    i.lcd_wr_regno      lcd.o
    0x08007548   0x08007548   0x00000014   Code   RO         4659    i.lcd_write_ram_prepare  lcd.o
    0x0800755c   0x0800755c   0x00000014   Code   RO         4660    i.lcd_write_reg     lcd.o
    0x08007570   0x08007570   0x00000098   Code   RO         4600    i.led_init          led.o
    0x08007608   0x08007608   0x0000006c   Code   RO         6799    i.led_run           led_app.o
    0x08007674   0x08007674   0x00000008   Code   RO          543    i.led_task          freertos_demo.o
    0x0800767c   0x0800767c   0x00000058   Code   RO           13    i.main              main.o
    0x080076d4   0x080076d4   0x00000044   Code   RO         5327    i.my_mem_init       malloc.o
    0x08007718   0x08007718   0x00000040   Code   RO         5329    i.my_mem_perused    malloc.o
    0x08007758   0x08007758   0x00000014   Code   RO         5333    i.mymemset          malloc.o
    0x0800776c   0x0800776c   0x00000044   Code   RO         5082    i.norflash_erase_sector  norflash.o
    0x080077b0   0x080077b0   0x000000c0   Code   RO         5083    i.norflash_init     norflash.o
    0x08007870   0x08007870   0x00000050   Code   RO         5084    i.norflash_read     norflash.o
    0x080078c0   0x080078c0   0x00000050   Code   RO         5085    i.norflash_read_id  norflash.o
    0x08007910   0x08007910   0x0000005c   Code   RO         5086    i.norflash_read_sr  norflash.o
    0x0800796c   0x0800796c   0x00000034   Code   RO         5087    i.norflash_send_address  norflash.o
    0x080079a0   0x080079a0   0x00000014   Code   RO         5088    i.norflash_wait_busy  norflash.o
    0x080079b4   0x080079b4   0x000000b8   Code   RO         5089    i.norflash_write    norflash.o
    0x08007a6c   0x08007a6c   0x0000002c   Code   RO         5090    i.norflash_write_enable  norflash.o
    0x08007a98   0x08007a98   0x00000046   Code   RO         5091    i.norflash_write_nocheck  norflash.o
    0x08007ade   0x08007ade   0x00000002   PAD
    0x08007ae0   0x08007ae0   0x00000058   Code   RO         5092    i.norflash_write_page  norflash.o
    0x08007b38   0x08007b38   0x00000058   Code   RO         5093    i.norflash_write_sr  norflash.o
    0x08007b90   0x08007b90   0x000000cc   Code   RO         6041    i.prvAddCurrentTaskToDelayedList  tasks.o
    0x08007c5c   0x08007c5c   0x000000ec   Code   RO         6042    i.prvAddNewTaskToReadyList  tasks.o
    0x08007d48   0x08007d48   0x00000064   Code   RO         6466    i.prvCheckForValidListAndQueue  timers.o
    0x08007dac   0x08007dac   0x00000048   Code   RO         6043    i.prvCheckTasksWaitingTermination  tasks.o
    0x08007df4   0x08007df4   0x0000002a   Code   RO         5601    i.prvCopyDataFromQueue  queue.o
    0x08007e1e   0x08007e1e   0x0000007e   Code   RO         5602    i.prvCopyDataToQueue  queue.o
    0x08007e9c   0x08007e9c   0x00000012   Code   RO         6044    i.prvDeleteTCB      tasks.o
    0x08007eae   0x08007eae   0x00000002   PAD
    0x08007eb0   0x08007eb0   0x00000028   Code   RO         6467    i.prvGetNextExpireTime  timers.o
    0x08007ed8   0x08007ed8   0x0000007c   Code   RO         6643    i.prvHeapInit       heap_4.o
    0x08007f54   0x08007f54   0x00000028   Code   RO         6045    i.prvIdleTask       tasks.o
    0x08007f7c   0x08007f7c   0x0000002e   Code   RO         5605    i.prvInitialiseNewQueue  queue.o
    0x08007faa   0x08007faa   0x00000002   PAD
    0x08007fac   0x08007fac   0x00000104   Code   RO         6046    i.prvInitialiseNewTask  tasks.o
    0x080080b0   0x080080b0   0x00000068   Code   RO         6047    i.prvInitialiseTaskLists  tasks.o
    0x08008118   0x08008118   0x00000068   Code   RO         6644    i.prvInsertBlockIntoFreeList  heap_4.o
    0x08008180   0x08008180   0x00000058   Code   RO         6469    i.prvInsertTimerInActiveList  timers.o
    0x080081d8   0x080081d8   0x0000001a   Code   RO         5606    i.prvIsQueueEmpty   queue.o
    0x080081f2   0x080081f2   0x00000002   PAD
    0x080081f4   0x080081f4   0x000000c4   Code   RO         5608    i.prvNotifyQueueSetContainer  queue.o
    0x080082b8   0x080082b8   0x00000044   Code   RO         6470    i.prvProcessExpiredTimer  timers.o
    0x080082fc   0x080082fc   0x0000016c   Code   RO         6471    i.prvProcessReceivedCommands  timers.o
    0x08008468   0x08008468   0x00000074   Code   RO         6472    i.prvProcessTimerOrBlockTask  timers.o
    0x080084dc   0x080084dc   0x00000028   Code   RO         6473    i.prvReloadTimer    timers.o
    0x08008504   0x08008504   0x00000030   Code   RO         6049    i.prvResetNextTaskUnblockTime  tasks.o
    0x08008534   0x08008534   0x0000002c   Code   RO         6474    i.prvSampleTimeNow  timers.o
    0x08008560   0x08008560   0x00000044   Code   RO         6475    i.prvSwitchTimerLists  timers.o
    0x080085a4   0x080085a4   0x00000080   Code   RO         6711    i.prvTaskExitError  port.o
    0x08008624   0x08008624   0x0000001a   Code   RO         6476    i.prvTimerTask      timers.o
    0x0800863e   0x0800863e   0x00000090   Code   RO         5609    i.prvUnlockQueue    queue.o
    0x080086ce   0x080086ce   0x00000002   PAD
    0x080086d0   0x080086d0   0x00000194   Code   RO         6645    i.pvPortMalloc      heap_4.o
    0x08008864   0x08008864   0x0000002c   Code   RO         6712    i.pxPortInitialiseStack  port.o
    0x08008890   0x08008890   0x00000104   Code   RO         5094    i.spi1_dma_init     norflash.o
    0x08008994   0x08008994   0x00000084   Code   RO         5096    i.spi1_init         norflash.o
    0x08008a18   0x08008a18   0x00000038   Code   RO         5098    i.spi1_read_write_byte  norflash.o
    0x08008a50   0x08008a50   0x00000048   Code   RO         5101    i.spi1_set_speed    norflash.o
    0x08008a98   0x08008a98   0x000001f4   Code   RO         4916    i.sram_init         sram.o
    0x08008c8c   0x08008c8c   0x000000a0   Code   RO         6870    i.sram_init         XMRAM.lib(xmram.o)
    0x08008d2c   0x08008d2c   0x000001e0   Code   RO         6871    i.sram_reg_read     XMRAM.lib(xmram.o)
    0x08008f0c   0x08008f0c   0x000000e4   Code   RO         6872    i.sram_reg_write    XMRAM.lib(xmram.o)
    0x08008ff0   0x08008ff0   0x00000098   Code   RO          544    i.start_task        freertos_demo.o
    0x08009088   0x08009088   0x000000cc   Code   RO          669    i.sys_stm32_clock_init  sys.o
    0x08009154   0x08009154   0x00000144   Code   RO         5246    i.tp_init           touch.o
    0x08009298   0x08009298   0x000000dc   Code   RO         5247    i.tp_read_ad        touch.o
    0x08009374   0x08009374   0x00000078   Code   RO         5248    i.tp_read_xoy       touch.o
    0x080093ec   0x080093ec   0x00000044   Code   RO         5249    i.tp_read_xy        touch.o
    0x08009430   0x08009430   0x000000b0   Code   RO         5250    i.tp_read_xy2       touch.o
    0x080094e0   0x080094e0   0x0000012c   Code   RO         5251    i.tp_scan           touch.o
    0x0800960c   0x0800960c   0x00000068   Code   RO         5252    i.tp_write_byte     touch.o
    0x08009674   0x08009674   0x00000038   Code   RO          743    i.usart_init        usart.o
    0x080096ac   0x080096ac   0x00000028   Code   RO         5549    i.uxListRemove      list.o
    0x080096d4   0x080096d4   0x0000001a   Code   RO         5550    i.vListInitialise   list.o
    0x080096ee   0x080096ee   0x00000006   Code   RO         5551    i.vListInitialiseItem  list.o
    0x080096f4   0x080096f4   0x00000034   Code   RO         5552    i.vListInsert       list.o
    0x08009728   0x08009728   0x00000018   Code   RO         5553    i.vListInsertEnd    list.o
    0x08009740   0x08009740   0x00000098   Code   RO         6714    i.vPortEnterCritical  port.o
    0x080097d8   0x080097d8   0x00000080   Code   RO         6715    i.vPortExitCritical  port.o
    0x08009858   0x08009858   0x000000d8   Code   RO         6646    i.vPortFree         heap_4.o
    0x08009930   0x08009930   0x00000028   Code   RO         6716    i.vPortSetupTimerInterrupt  port.o
    0x08009958   0x08009958   0x0000008c   Code   RO         5615    i.vQueueAddToRegistry  queue.o
    0x080099e4   0x080099e4   0x0000004a   Code   RO         5619    i.vQueueWaitForMessageRestricted  queue.o
    0x08009a2e   0x08009a2e   0x00000002   PAD
    0x08009a30   0x08009a30   0x00000084   Code   RO         6064    i.vTaskDelay        tasks.o
    0x08009ab4   0x08009ab4   0x00000124   Code   RO         6065    i.vTaskDelete       tasks.o
    0x08009bd8   0x08009bd8   0x00000018   Code   RO         6069    i.vTaskInternalSetTimeOutState  tasks.o
    0x08009bf0   0x08009bf0   0x0000000c   Code   RO         6071    i.vTaskMissedYield  tasks.o
    0x08009bfc   0x08009bfc   0x00000064   Code   RO         6072    i.vTaskPlaceOnEventList  tasks.o
    0x08009c60   0x08009c60   0x0000008c   Code   RO         6073    i.vTaskPlaceOnEventListRestricted  tasks.o
    0x08009cec   0x08009cec   0x000000c4   Code   RO         6081    i.vTaskStartScheduler  tasks.o
    0x08009db0   0x08009db0   0x00000010   Code   RO         6083    i.vTaskSuspendAll   tasks.o
    0x08009dc0   0x08009dc0   0x000000b8   Code   RO         6084    i.vTaskSwitchContext  tasks.o
    0x08009e78   0x08009e78   0x000001ac   Code   RO         6718    i.xPortStartScheduler  port.o
    0x0800a024   0x0800a024   0x00000034   Code   RO         6719    i.xPortSysTickHandler  port.o
    0x0800a058   0x0800a058   0x00000090   Code   RO         5624    i.xQueueGenericCreate  queue.o
    0x0800a0e8   0x0800a0e8   0x000000fc   Code   RO         5625    i.xQueueGenericReset  queue.o
    0x0800a1e4   0x0800a1e4   0x00000180   Code   RO         5634    i.xQueueReceive     queue.o
    0x0800a364   0x0800a364   0x000000cc   Code   RO         6087    i.xTaskCheckForTimeOut  tasks.o
    0x0800a430   0x0800a430   0x00000060   Code   RO         6088    i.xTaskCreate       tasks.o
    0x0800a490   0x0800a490   0x00000020   Code   RO         6097    i.xTaskGetSchedulerState  tasks.o
    0x0800a4b0   0x0800a4b0   0x0000000c   Code   RO         6098    i.xTaskGetTickCount  tasks.o
    0x0800a4bc   0x0800a4bc   0x000001e8   Code   RO         6100    i.xTaskIncrementTick  tasks.o
    0x0800a6a4   0x0800a6a4   0x00000110   Code   RO         6101    i.xTaskPriorityDisinherit  tasks.o
    0x0800a7b4   0x0800a7b4   0x0000014c   Code   RO         6103    i.xTaskRemoveFromEventList  tasks.o
    0x0800a900   0x0800a900   0x000001a0   Code   RO         6104    i.xTaskResumeAll    tasks.o
    0x0800aaa0   0x0800aaa0   0x00000080   Code   RO         6484    i.xTimerCreateTimerTask  timers.o
    0x0800ab20   0x0800ab20   0x00000010   Code   RO         6873    i.xram_delay        XMRAM.lib(xmram.o)
    0x0800ab30   0x0800ab30   0x0000005a   Code   RO         7034    x$fpl$dfixu         fz_wm.l(dfixu.o)
    0x0800ab8a   0x0800ab8a   0x00000026   Code   RO         7038    x$fpl$dfltu         fz_wm.l(dflt_clz.o)
    0x0800abb0   0x0800abb0   0x00000154   Code   RO         7044    x$fpl$dmul          fz_wm.l(dmul.o)
    0x0800ad04   0x0800ad04   0x0000009c   Code   RO         7068    x$fpl$dnaninf       fz_wm.l(dnaninf.o)
    0x0800ada0   0x0800ada0   0x0000000c   Code   RO         7070    x$fpl$dretinf       fz_wm.l(dretinf.o)
    0x0800adac   0x0800adac   0x0000000a   Code   RO         7179    x$fpl$fpinit        fz_wm.l(fpinit.o)
    0x0800adb6   0x0800adb6   0x00000000   Code   RO         7072    x$fpl$usenofp       fz_wm.l(usenofp.o)
    0x0800adb6   0x0800adb6   0x00000018   Data   RO          506    .constdata          system_stm32f4xx.o
    0x0800adce   0x0800adce   0x00000008   Data   RO         3454    .constdata          stm32f4xx_hal_dma.o
    0x0800add6   0x0800add6   0x00000002   PAD
    0x0800add8   0x0800add8   0x00000018   Data   RO         5336    .constdata          malloc.o
    0x0800adf0   0x0800adf0   0x00000028   Data   RO         6975    .constdata          c_w.l(_printf_hex_int.o)
    0x0800ae18   0x0800ae18   0x00000020   Data   RO         7230    Region$$Table       anon$$obj.o


    Execution Region RW_IRAM1 (Exec base: 0x20000000, Load base: 0x0800ae38, Size: 0x000145a0, Max: 0x00020000, ABSOLUTE, COMPRESSED[0x0000005c])

    Exec Addr    Load Addr    Size         Type   Attr      Idx    E Section Name        Object

    0x20000000   COMPRESSED   0x00000004   Data   RW          507    .data               system_stm32f4xx.o
    0x20000004   COMPRESSED   0x0000000c   Data   RW          545    .data               freertos_demo.o
    0x20000010   COMPRESSED   0x00000004   Data   RW          623    .data               delay.o
    0x20000014   COMPRESSED   0x00000007   Data   RW          745    .data               usart.o
    0x2000001b   COMPRESSED   0x00000001   PAD
    0x2000001c   COMPRESSED   0x00000009   Data   RW          840    .data               stm32f4xx_hal.o
    0x20000025   COMPRESSED   0x00000001   PAD
    0x20000026   COMPRESSED   0x00000004   Data   RW         5103    .data               norflash.o
    0x2000002a   COMPRESSED   0x00000002   PAD
    0x2000002c   COMPRESSED   0x00000048   Data   RW         5253    .data               touch.o
    0x20000074   COMPRESSED   0x0000001c   Data   RW         5337    .data               malloc.o
    0x20000090   COMPRESSED   0x00000040   Data   RW         6107    .data               tasks.o
    0x200000d0   COMPRESSED   0x00000014   Data   RW         6493    .data               timers.o
    0x200000e4   COMPRESSED   0x00000020   Data   RW         6652    .data               heap_4.o
    0x20000104   COMPRESSED   0x0000000c   Data   RW         6720    .data               port.o
    0x20000110   COMPRESSED   0x00000014   Data   RW         6801    .data               led_app.o
    0x20000124   COMPRESSED   0x00000018   Data   RW         6831    .data               max30102_app.o
    0x2000013c   COMPRESSED   0x0000000a   Data   RW         6874    .data               XMRAM.lib(xmram.o)
    0x20000146   COMPRESSED   0x00000002   PAD
    0x20000148        -       0x0000010c   Zero   RW          744    .bss                usart.o
    0x20000254        -       0x0000005e   Zero   RW         4661    .bss                lcd.o
    0x200002b2   COMPRESSED   0x00000002   PAD
    0x200002b4        -       0x00000050   Zero   RW         4921    .bss                sram.o
    0x20000304        -       0x00000048   Zero   RW         4977    .bss                btim.o
    0x2000034c        -       0x00000054   Zero   RW         5027    .bss                max30102.o
    0x200003a0        -       0x00001118   Zero   RW         5102    .bss                norflash.o
    0x200014b8   COMPRESSED   0x00000008   PAD
    0x200014c0        -       0x00006600   Zero   RW         5335    .bss                malloc.o
    0x20007ac0        -       0x00000040   Zero   RW         5641    .bss                queue.o
    0x20007b00        -       0x000002e4   Zero   RW         6106    .bss                tasks.o
    0x20007de4        -       0x00000028   Zero   RW         6492    .bss                timers.o
    0x20007e0c        -       0x0000c000   Zero   RW         6651    .bss                heap_4.o
    0x20013e0c        -       0x0000000f   Zero   RW         6800    .bss                led_app.o
    0x20013e1b   COMPRESSED   0x00000001   PAD
    0x20013e1c        -       0x00000320   Zero   RW         6830    .bss                max30102_app.o
    0x2001413c        -       0x00000060   Zero   RW         7111    .bss                c_w.l(libspace.o)
    0x2001419c   COMPRESSED   0x00000004   PAD
    0x200141a0        -       0x00000000   Zero   RW            2    HEAP                startup_stm32f407xx.o
    0x200141a0        -       0x00000400   Zero   RW            1    STACK               startup_stm32f407xx.o


==============================================================================

Image component sizes


      Code (inc. data)   RO Data    RW Data    ZI Data      Debug   Object Name

        52         16          0          0         72       1669   btim.o
       172          8          0          4          0       2593   delay.o
         0          0          0          0          0      13180   event_groups.o
       216         74          0         12          0      17455   freertos_demo.o
       848        218          0         32      49152       4279   heap_4.o
       252         12          0          0          0       1103   key.o
     13254        152          0          0         94      23796   lcd.o
       152         10          0          0          0        951   led.o
       108         18          0         20         15       1358   led_app.o
       148          0          0          0          0       3494   list.o
        88          4          0          0          0     717959   main.o
       152         22         24         28      26112       3453   malloc.o
       494         40          0          0         84       3924   max30102.o
       856        106          0         24        800       3978   max30102_app.o
      1822        144          0          4       4376      13273   norflash.o
      1162        382          0         12          0      10500   port.o
      1574        278          0          0         64      13071   queue.o
       500         30          0          0         80       1665   sram.o
        76         28        392          0       1024        992   startup_stm32f407xx.o
       214         38          0          9          0      10578   stm32f4xx_hal.o
       344         22          0          0          0      35205   stm32f4xx_hal_cortex.o
      1434         16          8          0          0       7162   stm32f4xx_hal_dma.o
       564         46          0          0          0       3508   stm32f4xx_hal_gpio.o
      2858         46          0          0          0      12428   stm32f4xx_hal_i2c.o
      1820         84          0          0          0       5724   stm32f4xx_hal_rcc.o
      1540         36          0          0          0      10329   stm32f4xx_hal_spi.o
        88          0          0          0          0       1240   stm32f4xx_hal_sram.o
       414          0          0          0          0       3730   stm32f4xx_hal_tim.o
         4          0          0          0          0       1613   stm32f4xx_hal_tim_ex.o
      1796         16          0          0          0      10004   stm32f4xx_hal_uart.o
        52         12          0          0          0       3873   stm32f4xx_it.o
       232         10          0          0          0       2787   stm32f4xx_ll_fsmc.o
       204         12          0          0          0       1371   sys.o
        20          6         24          4          0       1383   system_stm32f4xx.o
      3930       1024          0         64        740      34286   tasks.o
      1082        214          0         20         40      13796   timers.o
      1312         68          0         72          0       7473   touch.o
       464         60          0          7        268       5705   usart.o

    ----------------------------------------------------------------------
     40342       3252        482        316      82932    1010888   Object Totals
         0          0         32          0          0          0   (incl. Generated)
        44          0          2          4         11          0   (incl. Padding)

    ----------------------------------------------------------------------

      Code (inc. data)   RO Data    RW Data    ZI Data      Debug   Library Member Name

      1362        112          0         10          0     236098   xmram.o
        90          0          0          0          0          0   __dczerorl2.o
         8          0          0          0          0         68   __main.o
       104          0          0          0          0         84   __printf.o
         0          0          0          0          0          0   __rtentry.o
        12          0          0          0          0          0   __rtentry2.o
         6          0          0          0          0          0   __rtentry4.o
        52          8          0          0          0          0   __scatter.o
        28          0          0          0          0          0   __scatter_zi.o
        44          0          0          0          0        108   _printf_char.o
        48          6          0          0          0         96   _printf_char_common.o
        36          4          0          0          0         80   _printf_char_file.o
         6          0          0          0          0          0   _printf_d.o
       120         16          0          0          0         92   _printf_dec.o
        88          4         40          0          0         88   _printf_hex_int.o
       178          0          0          0          0         88   _printf_intcommon.o
         0          0          0          0          0          0   _printf_percent.o
         4          0          0          0          0          0   _printf_percent_end.o
         6          0          0          0          0          0   _printf_s.o
        82          0          0          0          0         80   _printf_str.o
         6          0          0          0          0          0   _printf_x.o
        16          0          0          0          0         68   aeabi_memset.o
        18          0          0          0          0         80   exit.o
         8          0          0          0          0         68   ferror.o
         6          0          0          0          0        152   heapauxi.o
         2          0          0          0          0          0   libinit.o
         6          0          0          0          0          0   libinit2.o
         2          0          0          0          0          0   libshutdown.o
         2          0          0          0          0          0   libshutdown2.o
         8          4          0          0         96         68   libspace.o
       238          0          0          0          0        100   lludivv7m.o
        24          4          0          0          0         84   noretval__2printf.o
        68          0          0          0          0         68   rt_memclr.o
        78          0          0          0          0         80   rt_memclr_w.o
       138          0          0          0          0         68   rt_memcpy_v6.o
       100          0          0          0          0         80   rt_memcpy_w.o
         2          0          0          0          0          0   rtexit.o
        10          0          0          0          0          0   rtexit2.o
        74          0          0          0          0         80   sys_stackheap_outer.o
         2          0          0          0          0         68   use_no_semi.o
         2          0          0          0          0         68   use_no_semi_2.o
        90          4          0          0          0        140   dfixu.o
        38          0          0          0          0        116   dflt_clz.o
       340         12          0          0          0        152   dmul.o
       156          4          0          0          0        140   dnaninf.o
        12          0          0          0          0        116   dretinf.o
        10          0          0          0          0        116   fpinit.o
         0          0          0          0          0          0   usenofp.o

    ----------------------------------------------------------------------
      3736        178         40         12        100     238794   Library Totals
         6          0          0          2          4          0   (incl. Padding)

    ----------------------------------------------------------------------

      Code (inc. data)   RO Data    RW Data    ZI Data      Debug   Library Name

      1362        112          0         10          0     236098   XMRAM.lib
      1722         46         40          0         96       1916   c_w.l
       646         20          0          0          0        780   fz_wm.l

    ----------------------------------------------------------------------
      3736        178         40         12        100     238794   Library Totals

    ----------------------------------------------------------------------

==============================================================================


      Code (inc. data)   RO Data    RW Data    ZI Data      Debug   

     44078       3430        522        328      83032    1224894   Grand Totals
     44078       3430        522         92      83032    1224894   ELF Image Totals (compressed)
     44078       3430        522         92          0          0   ROM Totals

==============================================================================

    Total RO  Size (Code + RO Data)                44600 (  43.55kB)
    Total RW  Size (RW Data + ZI Data)             83360 (  81.41kB)
    Total ROM Size (Code + RO Data + RW Data)      44692 (  43.64kB)

==============================================================================

