Component: ARM Compiler 5.06 update 7 (build 960) Tool: armlink [4d3601]

==============================================================================

Section Cross References

    startup_stm32f407xx.o(RESET) refers to startup_stm32f407xx.o(STACK) for __initial_sp
    startup_stm32f407xx.o(RESET) refers to startup_stm32f407xx.o(.text) for Reset_Handler
    startup_stm32f407xx.o(RESET) refers to stm32f4xx_it.o(i.NMI_Handler) for NMI_Handler
    startup_stm32f407xx.o(RESET) refers to stm32f4xx_it.o(i.HardFault_Handler) for HardFault_Handler
    startup_stm32f407xx.o(RESET) refers to stm32f4xx_it.o(i.MemManage_Handler) for MemManage_Handler
    startup_stm32f407xx.o(RESET) refers to stm32f4xx_it.o(i.BusFault_Handler) for BusFault_Handler
    startup_stm32f407xx.o(RESET) refers to stm32f4xx_it.o(i.UsageFault_Handler) for UsageFault_Handler
    startup_stm32f407xx.o(RESET) refers to port.o(.emb_text) for SVC_Handler
    startup_stm32f407xx.o(RESET) refers to stm32f4xx_it.o(i.DebugMon_Handler) for DebugMon_Handler
    startup_stm32f407xx.o(RESET) refers to delay.o(i.SysTick_Handler) for SysTick_Handler
    startup_stm32f407xx.o(RESET) refers to usart.o(i.USART1_IRQHandler) for USART1_IRQHandler
    startup_stm32f407xx.o(RESET) refers to usbd_conf.o(i.OTG_FS_IRQHandler) for OTG_FS_IRQHandler
    startup_stm32f407xx.o(.text) refers to system_stm32f4xx.o(i.SystemInit) for SystemInit
    startup_stm32f407xx.o(.text) refers to entry.o(.ARM.Collect$$$$00000000) for __main
    main.o(i.main) refers to stm32f4xx_hal.o(i.HAL_Init) for HAL_Init
    main.o(i.main) refers to sys.o(i.sys_stm32_clock_init) for sys_stm32_clock_init
    main.o(i.main) refers to delay.o(i.delay_init) for delay_init
    main.o(i.main) refers to usart.o(i.usart_init) for usart_init
    main.o(i.main) refers to led.o(i.led_init) for led_init
    main.o(i.main) refers to lcd.o(i.lcd_init) for lcd_init
    main.o(i.main) refers to can.o(i.can_init) for can_init
    main.o(i.main) refers to malloc.o(i.my_mem_init) for my_mem_init
    main.o(i.main) refers to usbd_cdc_interface.o(i.USB_Init) for USB_Init
    main.o(i.main) refers to freertos_start.o(i.freertos_demo) for freertos_demo
    system_stm32f4xx.o(i.SystemCoreClockUpdate) refers to system_stm32f4xx.o(.data) for SystemCoreClock
    system_stm32f4xx.o(i.SystemCoreClockUpdate) refers to system_stm32f4xx.o(.constdata) for AHBPrescTable
    led.o(i.led_init) refers to stm32f4xx_hal_gpio.o(i.HAL_GPIO_Init) for HAL_GPIO_Init
    led.o(i.led_init) refers to stm32f4xx_hal_gpio.o(i.HAL_GPIO_WritePin) for HAL_GPIO_WritePin
    can.o(i.HAL_CAN_MspInit) refers to stm32f4xx_hal_gpio.o(i.HAL_GPIO_Init) for HAL_GPIO_Init
    can.o(i.can_init) refers to stm32f4xx_hal_can.o(i.HAL_CAN_Init) for HAL_CAN_Init
    can.o(i.can_init) refers to stm32f4xx_hal_can.o(i.HAL_CAN_ConfigFilter) for HAL_CAN_ConfigFilter
    can.o(i.can_init) refers to stm32f4xx_hal_can.o(i.HAL_CAN_Start) for HAL_CAN_Start
    can.o(i.can_init) refers to can.o(.bss) for g_canx_handler
    can.o(i.can_receive_msg) refers to stm32f4xx_hal_can.o(i.HAL_CAN_GetRxFifoFillLevel) for HAL_CAN_GetRxFifoFillLevel
    can.o(i.can_receive_msg) refers to stm32f4xx_hal_can.o(i.HAL_CAN_GetRxMessage) for HAL_CAN_GetRxMessage
    can.o(i.can_receive_msg) refers to can.o(.bss) for g_canx_handler
    can.o(i.can_send_msg) refers to stm32f4xx_hal_can.o(i.HAL_CAN_AddTxMessage) for HAL_CAN_AddTxMessage
    can.o(i.can_send_msg) refers to stm32f4xx_hal_can.o(i.HAL_CAN_AbortTxRequest) for HAL_CAN_AbortTxRequest
    can.o(i.can_send_msg) refers to stm32f4xx_hal_can.o(i.HAL_CAN_GetTxMailboxesFreeLevel) for HAL_CAN_GetTxMailboxesFreeLevel
    can.o(i.can_send_msg) refers to can.o(.bss) for g_canx_txheader
    lcd.o(i.HAL_SRAM_MspInit) refers to stm32f4xx_hal_gpio.o(i.HAL_GPIO_Init) for HAL_GPIO_Init
    lcd.o(i.lcd_clear) refers to lcd.o(i.lcd_set_cursor) for lcd_set_cursor
    lcd.o(i.lcd_clear) refers to lcd.o(i.lcd_write_ram_prepare) for lcd_write_ram_prepare
    lcd.o(i.lcd_clear) refers to lcd.o(.bss) for lcddev
    lcd.o(i.lcd_color_fill) refers to lcd.o(i.lcd_set_cursor) for lcd_set_cursor
    lcd.o(i.lcd_color_fill) refers to lcd.o(i.lcd_write_ram_prepare) for lcd_write_ram_prepare
    lcd.o(i.lcd_display_dir) refers to lcd.o(i.lcd_scan_dir) for lcd_scan_dir
    lcd.o(i.lcd_display_dir) refers to lcd.o(.bss) for lcddev
    lcd.o(i.lcd_display_off) refers to lcd.o(i.lcd_wr_regno) for lcd_wr_regno
    lcd.o(i.lcd_display_off) refers to lcd.o(.bss) for lcddev
    lcd.o(i.lcd_display_on) refers to lcd.o(i.lcd_wr_regno) for lcd_wr_regno
    lcd.o(i.lcd_display_on) refers to lcd.o(.bss) for lcddev
    lcd.o(i.lcd_draw_circle) refers to lcd.o(i.lcd_draw_point) for lcd_draw_point
    lcd.o(i.lcd_draw_hline) refers to lcd.o(i.lcd_fill) for lcd_fill
    lcd.o(i.lcd_draw_hline) refers to lcd.o(.bss) for lcddev
    lcd.o(i.lcd_draw_line) refers to lcd.o(i.lcd_draw_point) for lcd_draw_point
    lcd.o(i.lcd_draw_point) refers to lcd.o(i.lcd_set_cursor) for lcd_set_cursor
[...]
    _printf_truncate_signed                  0x00000000   Number         0  stubs.o ABSOLUTE
    _printf_truncate_unsigned                0x00000000   Number         0  stubs.o ABSOLUTE
    _printf_u                                0x00000000   Number         0  stubs.o ABSOLUTE
    _printf_wc                               0x00000000   Number         0  stubs.o ABSOLUTE
    _printf_wctomb                           0x00000000   Number         0  stubs.o ABSOLUTE
    _printf_widthprec                        0x00000000   Number         0  stubs.o ABSOLUTE
    _printf_x                                0x00000000   Number         0  stubs.o ABSOLUTE
    __arm_fini_                               - Undefined Weak Reference
    __cpp_initialize__aeabi_                  - Undefined Weak Reference
    __cxa_finalize                            - Undefined Weak Reference
    _clock_init                               - Undefined Weak Reference
    _microlib_exit                            - Undefined Weak Reference
    __Vectors_Size                           0x00000188   Number         0  startup_stm32f407xx.o ABSOLUTE
    __Vectors                                0x08000000   Data           4  startup_stm32f407xx.o(RESET)
    __Vectors_End                            0x08000188   Data           0  startup_stm32f407xx.o(RESET)
    __main                                   0x08000189   Thumb Code     0  entry.o(.ARM.Collect$$$$00000000)
    _main_stk                                0x08000189   Thumb Code     0  entry2.o(.ARM.Collect$$$$00000001)
    _main_scatterload                        0x0800018d   Thumb Code     0  entry5.o(.ARM.Collect$$$$00000004)
    __main_after_scatterload                 0x08000191   Thumb Code     0  entry5.o(.ARM.Collect$$$$00000004)
    _main_clock                              0x08000191   Thumb Code     0  entry7b.o(.ARM.Collect$$$$00000008)
    _main_cpp_init                           0x08000191   Thumb Code     0  entry8b.o(.ARM.Collect$$$$0000000A)
    _main_init                               0x08000191   Thumb Code     0  entry9a.o(.ARM.Collect$$$$0000000B)
    __rt_lib_shutdown_fini                   0x08000199   Thumb Code     0  entry12b.o(.ARM.Collect$$$$0000000E)
    __rt_final_cpp                           0x0800019d   Thumb Code     0  entry10a.o(.ARM.Collect$$$$0000000F)
    __rt_final_exit                          0x0800019d   Thumb Code     0  entry11a.o(.ARM.Collect$$$$00000011)
    SVC_Handler                              0x080001a1   Thumb Code    28  port.o(.emb_text)
    __asm___6_port_c_39a90d8d__prvStartFirstTask 0x080001c1   Thumb Code    36  port.o(.emb_text)
    __asm___6_port_c_39a90d8d__prvEnableVFP  0x080001e9   Thumb Code    16  port.o(.emb_text)
    PendSV_Handler                           0x080001fd   Thumb Code    88  port.o(.emb_text)
    vPortGetIPSR                             0x08000259   Thumb Code     6  port.o(.emb_text)
    Reset_Handler                            0x08000261   Thumb Code    18  startup_stm32f407xx.o(.text)
    ADC_IRQHandler                           0x08000285   Thumb Code     0  startup_stm32f407xx.o(.text)
    CAN1_RX0_IRQHandler                      0x08000285   Thumb Code     0  startup_stm32f407xx.o(.text)
    CAN1_RX1_IRQHandler                      0x08000285   Thumb Code     0  startup_stm32f407xx.o(.text)
    CAN1_SCE_IRQHandler                      0x08000285   Thumb Code     0  startup_stm32f407xx.o(.text)
    CAN1_TX_IRQHandler                       0x08000285   Thumb Code     0  startup_stm32f407xx.o(.text)
    CAN2_RX0_IRQHandler                      0x08000285   Thumb Code     0  startup_stm32f407xx.o(.text)
    CAN2_RX1_IRQHandler                      0x08000285   Thumb Code     0  startup_stm32f407xx.o(.text)
    CAN2_SCE_IRQHandler                      0x08000285   Thumb Code     0  startup_stm32f407xx.o(.text)
    CAN2_TX_IRQHandler                       0x08000285   Thumb Code     0  startup_stm32f407xx.o(.text)
    DCMI_IRQHandler                          0x08000285   Thumb Code     0  startup_stm32f407xx.o(.text)
    DMA1_Stream0_IRQHandler                  0x08000285   Thumb Code     0  startup_stm32f407xx.o(.text)
    DMA1_Stream1_IRQHandler                  0x08000285   Thumb Code     0  startup_stm32f407xx.o(.text)
    DMA1_Stream2_IRQHandler                  0x08000285   Thumb Code     0  startup_stm32f407xx.o(.text)
    DMA1_Stream3_IRQHandler                  0x08000285   Thumb Code     0  startup_stm32f407xx.o(.text)
    DMA1_Stream4_IRQHandler                  0x08000285   Thumb Code     0  startup_stm32f407xx.o(.text)
    DMA1_Stream5_IRQHandler                  0x08000285   Thumb Code     0  startup_stm32f407xx.o(.text)
    DMA1_Stream6_IRQHandler                  0x08000285   Thumb Code     0  startup_stm32f407xx.o(.text)
    DMA1_Stream7_IRQHandler                  0x08000285   Thumb Code     0  startup_stm32f407xx.o(.text)
    DMA2_Stream0_IRQHandler                  0x08000285   Thumb Code     0  startup_stm32f407xx.o(.text)
    DMA2_Stream1_IRQHandler                  0x08000285   Thumb Code     0  startup_stm32f407xx.o(.text)
    DMA2_Stream2_IRQHandler                  0x08000285   Thumb Code     0  startup_stm32f407xx.o(.text)
    DMA2_Stream3_IRQHandler                  0x08000285   Thumb Code     0  startup_stm32f407xx.o(.text)
    DMA2_Stream4_IRQHandler                  0x08000285   Thumb Code     0  startup_stm32f407xx.o(.text)
    DMA2_Stream5_IRQHandler                  0x08000285   Thumb Code     0  startup_stm32f407xx.o(.text)
    DMA2_Stream6_IRQHandler                  0x08000285   Thumb Code     0  startup_stm32f407xx.o(.text)
    DMA2_Stream7_IRQHandler                  0x08000285   Thumb Code     0  startup_stm32f407xx.o(.text)
    ETH_IRQHandler                           0x08000285   Thumb Code     0  startup_stm32f407xx.o(.text)
    ETH_WKUP_IRQHandler                      0x08000285   Thumb Code     0  startup_stm32f407xx.o(.text)
    EXTI0_IRQHandler                         0x08000285   Thumb Code     0  startup_stm32f407xx.o(.text)
    EXTI15_10_IRQHandler                     0x08000285   Thumb Code     0  startup_stm32f407xx.o(.text)
    EXTI1_IRQHandler                         0x08000285   Thumb Code     0  startup_stm32f407xx.o(.text)
    EXTI2_IRQHandler                         0x08000285   Thumb Code     0  startup_stm32f407xx.o(.text)
    EXTI3_IRQHandler                         0x08000285   Thumb Code     0  startup_stm32f407xx.o(.text)
    EXTI4_IRQHandler                         0x08000285   Thumb Code     0  startup_stm32f407xx.o(.text)
    EXTI9_5_IRQHandler                       0x08000285   Thumb Code     0  startup_stm32f407xx.o(.text)
    FLASH_IRQHandler                         0x08000285   Thumb Code     0  startup_stm32f407xx.o(.text)
    FMC_IRQHandler                           0x08000285   Thumb Code     0  startup_stm32f407xx.o(.text)
    FPU_IRQHandler                           0x08000285   Thumb Code     0  startup_stm32f407xx.o(.text)
    HASH_RNG_IRQHandler                      0x08000285   Thumb Code     0  startup_stm32f407xx.o(.text)
    I2C1_ER_IRQHandler                       0x08000285   Thumb Code     0  startup_stm32f407xx.o(.text)
    I2C1_EV_IRQHandler                       0x08000285   Thumb Code     0  startup_stm32f407xx.o(.text)
    I2C2_ER_IRQHandler                       0x08000285   Thumb Code     0  startup_stm32f407xx.o(.text)
    I2C2_EV_IRQHandler                       0x08000285   Thumb Code     0  startup_stm32f407xx.o(.text)
    I2C3_ER_IRQHandler                       0x08000285   Thumb Code     0  startup_stm32f407xx.o(.text)
    I2C3_EV_IRQHandler                       0x08000285   Thumb Code     0  startup_stm32f407xx.o(.text)
    OTG_FS_WKUP_IRQHandler                   0x08000285   Thumb Code     0  startup_stm32f407xx.o(.text)
    OTG_HS_EP1_IN_IRQHandler                 0x08000285   Thumb Code     0  startup_stm32f407xx.o(.text)
    OTG_HS_EP1_OUT_IRQHandler                0x08000285   Thumb Code     0  startup_stm32f407xx.o(.text)
    OTG_HS_IRQHandler                        0x08000285   Thumb Code     0  startup_stm32f407xx.o(.text)
    OTG_HS_WKUP_IRQHandler                   0x08000285   Thumb Code     0  startup_stm32f407xx.o(.text)
    PVD_IRQHandler                           0x08000285   Thumb Code     0  startup_stm32f407xx.o(.text)
    RCC_IRQHandler                           0x08000285   Thumb Code     0  startup_stm32f407xx.o(.text)
    RTC_Alarm_IRQHandler                     0x08000285   Thumb Code     0  startup_stm32f407xx.o(.text)
    RTC_WKUP_IRQHandler                      0x08000285   Thumb Code     0  startup_stm32f407xx.o(.text)
    SDIO_IRQHandler                          0x08000285   Thumb Code     0  startup_stm32f407xx.o(.text)
    SPI1_IRQHandler                          0x08000285   Thumb Code     0  startup_stm32f407xx.o(.text)
    SPI2_IRQHandler                          0x08000285   Thumb Code     0  startup_stm32f407xx.o(.text)
    SPI3_IRQHandler                          0x08000285   Thumb Code     0  startup_stm32f407xx.o(.text)
    TAMP_STAMP_IRQHandler                    0x08000285   Thumb Code     0  startup_stm32f407xx.o(.text)
    TIM1_BRK_TIM9_IRQHandler                 0x08000285   Thumb Code     0  startup_stm32f407xx.o(.text)
    TIM1_CC_IRQHandler                       0x08000285   Thumb Code     0  startup_stm32f407xx.o(.text)
    TIM1_TRG_COM_TIM11_IRQHandler            0x08000285   Thumb Code     0  startup_stm32f407xx.o(.text)
    TIM1_UP_TIM10_IRQHandler                 0x08000285   Thumb Code     0  startup_stm32f407xx.o(.text)
    TIM2_IRQHandler                          0x08000285   Thumb Code     0  startup_stm32f407xx.o(.text)
    TIM3_IRQHandler                          0x08000285   Thumb Code     0  startup_stm32f407xx.o(.text)
    TIM4_IRQHandler                          0x08000285   Thumb Code     0  startup_stm32f407xx.o(.text)
    TIM5_IRQHandler                          0x08000285   Thumb Code     0  startup_stm32f407xx.o(.text)
    TIM6_DAC_IRQHandler                      0x08000285   Thumb Code     0  startup_stm32f407xx.o(.text)
    TIM7_IRQHandler                          0x08000285   Thumb Code     0  startup_stm32f407xx.o(.text)
    TIM8_BRK_TIM12_IRQHandler                0x08000285   Thumb Code     0  startup_stm32f407xx.o(.text)
    TIM8_CC_IRQHandler                       0x08000285   Thumb Code     0  startup_stm32f407xx.o(.text)
    TIM8_TRG_COM_TIM14_IRQHandler            0x08000285   Thumb Code     0  startup_stm32f407xx.o(.text)
    TIM8_UP_TIM13_IRQHandler                 0x08000285   Thumb Code     0  startup_stm32f407xx.o(.text)
    UART4_IRQHandler                         0x08000285   Thumb Code     0  startup_stm32f407xx.o(.text)
    UART5_IRQHandler                         0x08000285   Thumb Code     0  startup_stm32f407xx.o(.text)
    USART2_IRQHandler                        0x08000285   Thumb Code     0  startup_stm32f407xx.o(.text)
    USART3_IRQHandler                        0x08000285   Thumb Code     0  startup_stm32f407xx.o(.text)
    USART6_IRQHandler                        0x08000285   Thumb Code     0  startup_stm32f407xx.o(.text)
    WWDG_IRQHandler                          0x08000285   Thumb Code     0  startup_stm32f407xx.o(.text)
    __aeabi_uldivmod                         0x08000295   Thumb Code    98  uldiv.o(.text)
    __aeabi_memcpy                           0x080002f7   Thumb Code    36  memcpya.o(.text)
    __aeabi_memcpy4                          0x080002f7   Thumb Code     0  memcpya.o(.text)
    __aeabi_memcpy8                          0x080002f7   Thumb Code     0  memcpya.o(.text)
    __aeabi_memset                           0x0800031b   Thumb Code    14  memseta.o(.text)
    __aeabi_memset4                          0x0800031b   Thumb Code     0  memseta.o(.text)
    __aeabi_memset8                          0x0800031b   Thumb Code     0  memseta.o(.text)
    __aeabi_memclr                           0x08000329   Thumb Code     4  memseta.o(.text)
    __aeabi_memclr4                          0x08000329   Thumb Code     0  memseta.o(.text)
    __aeabi_memclr8                          0x08000329   Thumb Code     0  memseta.o(.text)
    memset                                   0x0800032d   Thumb Code    18  memseta.o(.text)
    __aeabi_dmul                             0x0800033f   Thumb Code   228  dmul.o(.text)
    __aeabi_ui2d                             0x08000423   Thumb Code    26  dfltui.o(.text)
    __aeabi_d2uiz                            0x0800043d   Thumb Code    50  dfixui.o(.text)
    __aeabi_uidiv                            0x0800046f   Thumb Code     0  uidiv.o(.text)
    __aeabi_uidivmod                         0x0800046f   Thumb Code    44  uidiv.o(.text)
    __aeabi_llsl                             0x0800049b   Thumb Code    30  llshl.o(.text)
    _ll_shift_l                              0x0800049b   Thumb Code     0  llshl.o(.text)
    __aeabi_llsr                             0x080004b9   Thumb Code    32  llushr.o(.text)
    _ll_ushift_r                             0x080004b9   Thumb Code     0  llushr.o(.text)
    __I$use$fp                               0x080004d9   Thumb Code     0  iusefp.o(.text)
    _double_round                            0x080004d9   Thumb Code    30  depilogue.o(.text)
    _double_epilogue                         0x080004f7   Thumb Code   156  depilogue.o(.text)
    __aeabi_dadd                             0x08000593   Thumb Code   322  dadd.o(.text)
    __aeabi_dsub                             0x080006d5   Thumb Code     6  dadd.o(.text)
    __aeabi_drsub                            0x080006db   Thumb Code     6  dadd.o(.text)
    __aeabi_ddiv                             0x080006e1   Thumb Code   222  ddiv.o(.text)
    __aeabi_d2ulz                            0x080007bf   Thumb Code    48  dfixul.o(.text)
    __aeabi_cdrcmple                         0x080007f1   Thumb Code    48  cdrcmple.o(.text)
    __scatterload                            0x08000821   Thumb Code    28  init.o(.text)
    __scatterload_rt2                        0x08000821   Thumb Code     0  init.o(.text)
    __aeabi_lasr                             0x08000845   Thumb Code    36  llsshr.o(.text)
    __semihosting_library_function           0x08000845   Thumb Code     0  semi.o(.text)
    _ll_sshift_r                             0x08000845   Thumb Code     0  llsshr.o(.text)
    __I$use$semihosting$fputc                0x08000869   Thumb Code     0  iusesemip.o(.text)
    __decompress                             0x08000869   Thumb Code     0  __dczerorl2.o(.text)
    __decompress1                            0x08000869   Thumb Code    86  __dczerorl2.o(.text)
    BusFault_Handler                         0x080008bf   Thumb Code     4  stm32f4xx_it.o(i.BusFault_Handler)
    DebugMon_Handler                         0x0800099d   Thumb Code     2  stm32f4xx_it.o(i.DebugMon_Handler)
    FSMC_NORSRAM_Extended_Timing_Init        0x080009a1   Thumb Code    66  stm32f4xx_ll_fsmc.o(i.FSMC_NORSRAM_Extended_Timing_Init)
    FSMC_NORSRAM_Init                        0x080009e9   Thumb Code    88  stm32f4xx_ll_fsmc.o(i.FSMC_NORSRAM_Init)
    FSMC_NORSRAM_Timing_Init                 0x08000a45   Thumb Code    68  stm32f4xx_ll_fsmc.o(i.FSMC_NORSRAM_Timing_Init)
    HAL_CAN_ConfigFilter                     0x08000abd   Thumb Code   286  stm32f4xx_hal_can.o(i.HAL_CAN_ConfigFilter)
    HAL_CAN_Init                             0x08000be1   Thumb Code   372  stm32f4xx_hal_can.o(i.HAL_CAN_Init)
    HAL_CAN_MspInit                          0x08000d55   Thumb Code   168  can.o(i.HAL_CAN_MspInit)
    HAL_CAN_Start                            0x08000e09   Thumb Code    94  stm32f4xx_hal_can.o(i.HAL_CAN_Start)
    HAL_DMA_Abort                            0x08000e67   Thumb Code   170  stm32f4xx_hal_dma.o(i.HAL_DMA_Abort)
    HAL_DMA_Abort_IT                         0x08000f11   Thumb Code    40  stm32f4xx_hal_dma.o(i.HAL_DMA_Abort_IT)
    HAL_Delay                                0x08000f39   Thumb Code    36  stm32f4xx_hal.o(i.HAL_Delay)
    HAL_GPIO_Init                            0x08000f61   Thumb Code   470  stm32f4xx_hal_gpio.o(i.HAL_GPIO_Init)
    HAL_GPIO_TogglePin                       0x08001165   Thumb Code    20  stm32f4xx_hal_gpio.o(i.HAL_GPIO_TogglePin)
    HAL_GPIO_WritePin                        0x08001179   Thumb Code    12  stm32f4xx_hal_gpio.o(i.HAL_GPIO_WritePin)
    HAL_GetREVID                             0x08001185   Thumb Code     8  stm32f4xx_hal.o(i.HAL_GetREVID)
    HAL_GetTick                              0x08001191   Thumb Code     6  stm32f4xx_hal.o(i.HAL_GetTick)
    HAL_IncTick                              0x0800119d   Thumb Code    16  stm32f4xx_hal.o(i.HAL_IncTick)
    HAL_Init                                 0x080011b5   Thumb Code    44  stm32f4xx_hal.o(i.HAL_Init)
    HAL_InitTick                             0x080011e5   Thumb Code    64  stm32f4xx_hal.o(i.HAL_InitTick)
    HAL_MspInit                              0x08001231   Thumb Code     2  stm32f4xx_hal.o(i.HAL_MspInit)
    HAL_NVIC_EnableIRQ                       0x08001233   Thumb Code    32  stm32f4xx_hal_cortex.o(i.HAL_NVIC_EnableIRQ)
    HAL_NVIC_SetPriority                     0x08001253   Thumb Code   124  stm32f4xx_hal_cortex.o(i.HAL_NVIC_SetPriority)
    HAL_NVIC_SetPriorityGrouping             0x080012d1   Thumb Code    32  stm32f4xx_hal_cortex.o(i.HAL_NVIC_SetPriorityGrouping)
    HAL_PCDEx_LPM_Callback                   0x080012f9   Thumb Code     2  stm32f4xx_hal_pcd_ex.o(i.HAL_PCDEx_LPM_Callback)
    HAL_PCDEx_SetRxFiFo                      0x080012fb   Thumb Code    10  stm32f4xx_hal_pcd_ex.o(i.HAL_PCDEx_SetRxFiFo)
    HAL_PCDEx_SetTxFiFo                      0x08001305   Thumb Code    78  stm32f4xx_hal_pcd_ex.o(i.HAL_PCDEx_SetTxFiFo)
    HAL_PCD_ConnectCallback                  0x08001355   Thumb Code    20  usbd_conf.o(i.HAL_PCD_ConnectCallback)
    HAL_PCD_DataInStageCallback              0x0800136d   Thumb Code    32  usbd_conf.o(i.HAL_PCD_DataInStageCallback)
    HAL_PCD_DataOutStageCallback             0x0800138d   Thumb Code    32  usbd_conf.o(i.HAL_PCD_DataOutStageCallback)
    HAL_PCD_DisconnectCallback               0x080013ad   Thumb Code    20  usbd_conf.o(i.HAL_PCD_DisconnectCallback)
    HAL_PCD_EP_Close                         0x080013c5   Thumb Code   106  stm32f4xx_hal_pcd.o(i.HAL_PCD_EP_Close)
    HAL_PCD_EP_ClrStall                      0x0800142f   Thumb Code   124  stm32f4xx_hal_pcd.o(i.HAL_PCD_EP_ClrStall)
    HAL_PCD_EP_GetRxCount                    0x080014ab   Thumb Code    22  stm32f4xx_hal_pcd.o(i.HAL_PCD_EP_GetRxCount)
    HAL_PCD_EP_Open                          0x080014c1   Thumb Code   140  stm32f4xx_hal_pcd.o(i.HAL_PCD_EP_Open)
    HAL_PCD_EP_Receive                       0x0800154d   Thumb Code    88  stm32f4xx_hal_pcd.o(i.HAL_PCD_EP_Receive)
    HAL_PCD_EP_SetStall                      0x080015a5   Thumb Code   138  stm32f4xx_hal_pcd.o(i.HAL_PCD_EP_SetStall)
    HAL_PCD_EP_Transmit                      0x0800162f   Thumb Code    90  stm32f4xx_hal_pcd.o(i.HAL_PCD_EP_Transmit)
    HAL_PCD_IRQHandler                       0x08001689   Thumb Code  1372  stm32f4xx_hal_pcd.o(i.HAL_PCD_IRQHandler)
    HAL_PCD_ISOINIncompleteCallback          0x08001be5   Thumb Code    18  usbd_conf.o(i.HAL_PCD_ISOINIncompleteCallback)
    HAL_PCD_ISOOUTIncompleteCallback         0x08001bf7   Thumb Code    18  usbd_conf.o(i.HAL_PCD_ISOOUTIncompleteCallback)
    HAL_PCD_Init                             0x08001c09   Thumb Code   358  stm32f4xx_hal_pcd.o(i.HAL_PCD_Init)
    HAL_PCD_MspInit                          0x08001d71   Thumb Code   164  usbd_conf.o(i.HAL_PCD_MspInit)
    HAL_PCD_ResetCallback                    0x08001e1d   Thumb Code    50  usbd_conf.o(i.HAL_PCD_ResetCallback)
    HAL_PCD_ResumeCallback                   0x08001e4f   Thumb Code    14  usbd_conf.o(i.HAL_PCD_ResumeCallback)
    HAL_PCD_SOFCallback                      0x08001e5d   Thumb Code    14  usbd_conf.o(i.HAL_PCD_SOFCallback)
    HAL_PCD_SetAddress                       0x08001e6b   Thumb Code    54  stm32f4xx_hal_pcd.o(i.HAL_PCD_SetAddress)
    HAL_PCD_SetupStageCallback               0x08001ea1   Thumb Code    18  usbd_conf.o(i.HAL_PCD_SetupStageCallback)
    HAL_PCD_Start                            0x08001eb3   Thumb Code    74  stm32f4xx_hal_pcd.o(i.HAL_PCD_Start)
    HAL_PCD_SuspendCallback                  0x08001efd   Thumb Code    20  usbd_conf.o(i.HAL_PCD_SuspendCallback)
    HAL_RCC_ClockConfig                      0x08001f15   Thumb Code   368  stm32f4xx_hal_rcc.o(i.HAL_RCC_ClockConfig)
    HAL_RCC_GetHCLKFreq                      0x08002099   Thumb Code     6  stm32f4xx_hal_rcc.o(i.HAL_RCC_GetHCLKFreq)
    HAL_RCC_GetPCLK1Freq                     0x080020a5   Thumb Code    22  stm32f4xx_hal_rcc.o(i.HAL_RCC_GetPCLK1Freq)
    HAL_RCC_GetPCLK2Freq                     0x080020c5   Thumb Code    22  stm32f4xx_hal_rcc.o(i.HAL_RCC_GetPCLK2Freq)
    HAL_RCC_GetSysClockFreq                  0x080020e5   Thumb Code   162  stm32f4xx_hal_rcc.o(i.HAL_RCC_GetSysClockFreq)
    HAL_RCC_OscConfig                        0x08002195   Thumb Code  1172  stm32f4xx_hal_rcc.o(i.HAL_RCC_OscConfig)
    HAL_SRAM_Init                            0x08002631   Thumb Code    88  stm32f4xx_hal_sram.o(i.HAL_SRAM_Init)
    HAL_SRAM_MspInit                         0x08002689   Thumb Code   152  lcd.o(i.HAL_SRAM_MspInit)
    HAL_SYSTICK_CLKSourceConfig              0x0800272d   Thumb Code    40  stm32f4xx_hal_cortex.o(i.HAL_SYSTICK_CLKSourceConfig)
    HAL_SYSTICK_Config                       0x08002755   Thumb Code    52  stm32f4xx_hal_cortex.o(i.HAL_SYSTICK_Config)
    HAL_UARTEx_RxEventCallback               0x08002789   Thumb Code     2  stm32f4xx_hal_uart.o(i.HAL_UARTEx_RxEventCallback)
    HAL_UART_ErrorCallback                   0x0800278b   Thumb Code     2  stm32f4xx_hal_uart.o(i.HAL_UART_ErrorCallback)
    HAL_UART_IRQHandler                      0x0800278d   Thumb Code   586  stm32f4xx_hal_uart.o(i.HAL_UART_IRQHandler)
    HAL_UART_Init                            0x080029dd   Thumb Code   114  stm32f4xx_hal_uart.o(i.HAL_UART_Init)
    HAL_UART_MspInit                         0x08002a51   Thumb Code   190  usart.o(i.HAL_UART_MspInit)
    HAL_UART_Receive_IT                      0x08002b1d   Thumb Code    66  stm32f4xx_hal_uart.o(i.HAL_UART_Receive_IT)
    HAL_UART_RxCpltCallback                  0x08002b61   Thumb Code   134  usart.o(i.HAL_UART_RxCpltCallback)
    HAL_UART_TxCpltCallback                  0x08002bfd   Thumb Code     2  stm32f4xx_hal_uart.o(i.HAL_UART_TxCpltCallback)
    HardFault_Handler                        0x08002bff   Thumb Code     4  stm32f4xx_it.o(i.HardFault_Handler)
    MemManage_Handler                        0x08002c41   Thumb Code     4  stm32f4xx_it.o(i.MemManage_Handler)
    NMI_Handler                              0x08002c45   Thumb Code     2  stm32f4xx_it.o(i.NMI_Handler)
    OTG_FS_IRQHandler                        0x08002c49   Thumb Code    10  usbd_conf.o(i.OTG_FS_IRQHandler)
    SysTick_Handler                          0x08002f01   Thumb Code    20  delay.o(i.SysTick_Handler)
    SystemInit                               0x08002f15   Thumb Code    14  system_stm32f4xx.o(i.SystemInit)
    UART_Start_Receive_IT                    0x0800327d   Thumb Code    70  stm32f4xx_hal_uart.o(i.UART_Start_Receive_IT)
    USART1_IRQHandler                        0x08003325   Thumb Code    10  usart.o(i.USART1_IRQHandler)
    USBD_CDC_GetDeviceQualifierDescriptor    0x08003489   Thumb Code    10  usbd_cdc.o(i.USBD_CDC_GetDeviceQualifierDescriptor)
    USBD_CDC_ReceivePacket                   0x0800358b   Thumb Code    58  usbd_cdc.o(i.USBD_CDC_ReceivePacket)
    USBD_CDC_RegisterInterface               0x080035c5   Thumb Code    16  usbd_cdc.o(i.USBD_CDC_RegisterInterface)
    USBD_CDC_SetRxBuffer                     0x080035d5   Thumb Code    22  usbd_cdc.o(i.USBD_CDC_SetRxBuffer)
    USBD_ClrClassConfig                      0x08003707   Thumb Code    28  usbd_core.o(i.USBD_ClrClassConfig)
    USBD_CtlContinueRx                       0x08003761   Thumb Code    24  usbd_ioreq.o(i.USBD_CtlContinueRx)
    USBD_CtlContinueSendData                 0x08003779   Thumb Code    24  usbd_ioreq.o(i.USBD_CtlContinueSendData)
    USBD_CtlError                            0x08003791   Thumb Code    24  usbd_ctlreq.o(i.USBD_CtlError)
    USBD_CtlPrepareRx                        0x080037a9   Thumb Code    40  usbd_ioreq.o(i.USBD_CtlPrepareRx)
    USBD_CtlReceiveStatus                    0x080037d1   Thumb Code    26  usbd_ioreq.o(i.USBD_CtlReceiveStatus)
    USBD_CtlSendData                         0x080037eb   Thumb Code    34  usbd_ioreq.o(i.USBD_CtlSendData)
    USBD_CtlSendStatus                       0x0800380d   Thumb Code    26  usbd_ioreq.o(i.USBD_CtlSendStatus)
    USBD_GetString                           0x08003ae9   Thumb Code    84  usbd_ctlreq.o(i.USBD_GetString)
    USBD_Init                                0x08003b3d   Thumb Code    58  usbd_core.o(i.USBD_Init)
    USBD_LL_ClearStallEP                     0x08003b77   Thumb Code    20  usbd_conf.o(i.USBD_LL_ClearStallEP)
    USBD_LL_CloseEP                          0x08003b8b   Thumb Code    20  usbd_conf.o(i.USBD_LL_CloseEP)
    USBD_LL_DataInStage                      0x08003b9f   Thumb Code   226  usbd_core.o(i.USBD_LL_DataInStage)
    USBD_LL_DataOutStage                     0x08003c81   Thumb Code   142  usbd_core.o(i.USBD_LL_DataOutStage)
    USBD_LL_DevConnected                     0x08003d0f   Thumb Code     6  usbd_core.o(i.USBD_LL_DevConnected)
    USBD_LL_DevDisconnected                  0x08003d15   Thumb Code    32  usbd_core.o(i.USBD_LL_DevDisconnected)
    USBD_LL_GetRxDataSize                    0x08003d35   Thumb Code    18  usbd_conf.o(i.USBD_LL_GetRxDataSize)
    USBD_LL_Init                             0x08003d49   Thumb Code    86  usbd_conf.o(i.USBD_LL_Init)
    USBD_LL_IsStallEP                        0x08003da5   Thumb Code    56  usbd_conf.o(i.USBD_LL_IsStallEP)
    USBD_LL_IsoINIncomplete                  0x08003ddd   Thumb Code    48  usbd_core.o(i.USBD_LL_IsoINIncomplete)
    USBD_LL_IsoOUTIncomplete                 0x08003e0d   Thumb Code    48  usbd_core.o(i.USBD_LL_IsoOUTIncomplete)
    USBD_LL_OpenEP                           0x08003e3d   Thumb Code    32  usbd_conf.o(i.USBD_LL_OpenEP)
    USBD_LL_PrepareReceive                   0x08003e5d   Thumb Code    32  usbd_conf.o(i.USBD_LL_PrepareReceive)
    USBD_LL_Reset                            0x08003e7d   Thumb Code   108  usbd_core.o(i.USBD_LL_Reset)
    USBD_LL_Resume                           0x08003ee9   Thumb Code    22  usbd_core.o(i.USBD_LL_Resume)
    USBD_LL_SOF                              0x08003eff   Thumb Code    44  usbd_core.o(i.USBD_LL_SOF)
    USBD_LL_SetSpeed                         0x08003f2b   Thumb Code     8  usbd_core.o(i.USBD_LL_SetSpeed)
    USBD_LL_SetUSBAddress                    0x08003f35   Thumb Code    26  usbd_conf.o(i.USBD_LL_SetUSBAddress)
    USBD_LL_SetupStage                       0x08003f55   Thumb Code   118  usbd_core.o(i.USBD_LL_SetupStage)
    USBD_LL_StallEP                          0x08003fcb   Thumb Code    20  usbd_conf.o(i.USBD_LL_StallEP)
    USBD_LL_Start                            0x08003fdf   Thumb Code    16  usbd_conf.o(i.USBD_LL_Start)
    USBD_LL_Suspend                          0x08003fef   Thumb Code    20  usbd_core.o(i.USBD_LL_Suspend)
    USBD_LL_Transmit                         0x08004003   Thumb Code    32  usbd_conf.o(i.USBD_LL_Transmit)
    USBD_ParseSetupRequest                   0x08004023   Thumb Code    54  usbd_ctlreq.o(i.USBD_ParseSetupRequest)
    USBD_RegisterClass                       0x08004059   Thumb Code    46  usbd_core.o(i.USBD_RegisterClass)
    USBD_RunTestMode                         0x08004087   Thumb Code     6  usbd_core.o(i.USBD_RunTestMode)
    USBD_SetClassConfig                      0x080040e7   Thumb Code    32  usbd_core.o(i.USBD_SetClassConfig)
    USBD_Start                               0x0800421d   Thumb Code    12  usbd_core.o(i.USBD_Start)
    USBD_StdDevReq                           0x08004229   Thumb Code   166  usbd_ctlreq.o(i.USBD_StdDevReq)
    USBD_StdEPReq                            0x080042cf   Thumb Code   556  usbd_ctlreq.o(i.USBD_StdEPReq)
    USBD_StdItfReq                           0x080044fb   Thumb Code   126  usbd_ctlreq.o(i.USBD_StdItfReq)
    USBD_VCP_ConfigStrDescriptor             0x08004579   Thumb Code    34  usbd_desc.o(i.USBD_VCP_ConfigStrDescriptor)
    USBD_VCP_DeviceDescriptor                0x080045ad   Thumb Code    10  usbd_desc.o(i.USBD_VCP_DeviceDescriptor)
    USBD_VCP_InterfaceStrDescriptor          0x080045bd   Thumb Code    34  usbd_desc.o(i.USBD_VCP_InterfaceStrDescriptor)
    USBD_VCP_LangIDStrDescriptor             0x080045f5   Thumb Code    10  usbd_desc.o(i.USBD_VCP_LangIDStrDescriptor)
    USBD_VCP_ManufacturerStrDescriptor       0x08004605   Thumb Code    20  usbd_desc.o(i.USBD_VCP_ManufacturerStrDescriptor)
    USBD_VCP_ProductStrDescriptor            0x08004631   Thumb Code    34  usbd_desc.o(i.USBD_VCP_ProductStrDescriptor)
    USBD_VCP_SerialStrDescriptor             0x080046a1   Thumb Code    18  usbd_desc.o(i.USBD_VCP_SerialStrDescriptor)
    USB_ActivateEndpoint                     0x080046b9   Thumb Code   202  stm32f4xx_ll_usb.o(i.USB_ActivateEndpoint)
    USB_ActivateSetup                        0x08004789   Thumb Code    40  stm32f4xx_ll_usb.o(i.USB_ActivateSetup)
    USB_CoreInit                             0x080047b1   Thumb Code   128  stm32f4xx_ll_usb.o(i.USB_CoreInit)
    USB_DeactivateEndpoint                   0x08004881   Thumb Code   318  stm32f4xx_ll_usb.o(i.USB_DeactivateEndpoint)
    USB_DevConnect                           0x080049cd   Thumb Code    36  stm32f4xx_ll_usb.o(i.USB_DevConnect)
    USB_DevDisconnect                        0x080049f1   Thumb Code    36  stm32f4xx_ll_usb.o(i.USB_DevDisconnect)
    USB_DevInit                              0x08004a15   Thumb Code   472  stm32f4xx_ll_usb.o(i.USB_DevInit)
    USB_DisableGlobalInt                     0x08004bf5   Thumb Code    14  stm32f4xx_ll_usb.o(i.USB_DisableGlobalInt)
    USB_EP0StartXfer                         0x08004c05   Thumb Code   468  stm32f4xx_ll_usb.o(i.USB_EP0StartXfer)
    USB_EP0_OutStart                         0x08004ddd   Thumb Code   106  stm32f4xx_ll_usb.o(i.USB_EP0_OutStart)
    USB_EPClearStall                         0x08004e4d   Thumb Code   142  stm32f4xx_ll_usb.o(i.USB_EPClearStall)
    USB_EPSetStall                           0x08004edb   Thumb Code   154  stm32f4xx_ll_usb.o(i.USB_EPSetStall)
    USB_EPStartXfer                          0x08004f75   Thumb Code   832  stm32f4xx_ll_usb.o(i.USB_EPStartXfer)
    USB_EnableGlobalInt                      0x080052b9   Thumb Code    14  stm32f4xx_ll_usb.o(i.USB_EnableGlobalInt)
    USB_FlushRxFifo                          0x080052c9   Thumb Code    38  stm32f4xx_ll_usb.o(i.USB_FlushRxFifo)
    USB_FlushTxFifo                          0x080052f5   Thumb Code    44  stm32f4xx_ll_usb.o(i.USB_FlushTxFifo)
    USB_GetDevSpeed                          0x08005325   Thumb Code    38  stm32f4xx_ll_usb.o(i.USB_GetDevSpeed)
    USB_GetMode                              0x0800534b   Thumb Code    10  stm32f4xx_ll_usb.o(i.USB_GetMode)
    USB_Init                                 0x08005355   Thumb Code    36  usbd_cdc_interface.o(i.USB_Init)
    USB_ReadDevAllInEpInterrupt              0x08005389   Thumb Code    20  stm32f4xx_ll_usb.o(i.USB_ReadDevAllInEpInterrupt)
    USB_ReadDevAllOutEpInterrupt             0x0800539d   Thumb Code    20  stm32f4xx_ll_usb.o(i.USB_ReadDevAllOutEpInterrupt)
    USB_ReadDevInEPInterrupt                 0x080053b1   Thumb Code    50  stm32f4xx_ll_usb.o(i.USB_ReadDevInEPInterrupt)
    USB_ReadDevOutEPInterrupt                0x080053e3   Thumb Code    26  stm32f4xx_ll_usb.o(i.USB_ReadDevOutEPInterrupt)
    USB_ReadInterrupts                       0x080053fd   Thumb Code    10  stm32f4xx_ll_usb.o(i.USB_ReadInterrupts)
    USB_ReadPacket                           0x08005407   Thumb Code    34  stm32f4xx_ll_usb.o(i.USB_ReadPacket)
    USB_SetCurrentMode                       0x08005429   Thumb Code    54  stm32f4xx_ll_usb.o(i.USB_SetCurrentMode)
    USB_SetDevAddress                        0x0800545f   Thumb Code    42  stm32f4xx_ll_usb.o(i.USB_SetDevAddress)
    USB_SetDevSpeed                          0x08005489   Thumb Code    18  stm32f4xx_ll_usb.o(i.USB_SetDevSpeed)
    USB_SetTurnaroundTime                    0x0800549d   Thumb Code   192  stm32f4xx_ll_usb.o(i.USB_SetTurnaroundTime)
    USB_WritePacket                          0x08005585   Thumb Code    60  stm32f4xx_ll_usb.o(i.USB_WritePacket)
    UsageFault_Handler                       0x080055c1   Thumb Code     4  stm32f4xx_it.o(i.UsageFault_Handler)
    __0printf                                0x080055c5   Thumb Code    22  printfa.o(i.__0printf)
    __1printf                                0x080055c5   Thumb Code     0  printfa.o(i.__0printf)
    __2printf                                0x080055c5   Thumb Code     0  printfa.o(i.__0printf)
    __c89printf                              0x080055c5   Thumb Code     0  printfa.o(i.__0printf)
    printf                                   0x080055c5   Thumb Code     0  printfa.o(i.__0printf)
    __scatterload_copy                       0x0800561d   Thumb Code    14  handlers.o(i.__scatterload_copy)
    __scatterload_null                       0x0800562b   Thumb Code     2  handlers.o(i.__scatterload_null)
    __scatterload_zeroinit                   0x0800562d   Thumb Code    14  handlers.o(i.__scatterload_zeroinit)
    can_init                                 0x08005ec9   Thumb Code   130  can.o(i.can_init)
    cdc_vcp_data_rx                          0x08005f55   Thumb Code   120  usbd_cdc_interface.o(i.cdc_vcp_data_rx)
    delay_init                               0x08005fd5   Thumb Code    52  delay.o(i.delay_init)
    delay_ms                                 0x0800600d   Thumb Code    24  delay.o(i.delay_ms)
    delay_us                                 0x08006025   Thumb Code    68  delay.o(i.delay_us)
    fputc                                    0x0800606d   Thumb Code    18  fputc.o(i.fputc)
    freertos_demo                            0x08006081   Thumb Code    28  freertos_start.o(i.freertos_demo)
    lcd_clear                                0x080060b1   Thumb Code    42  lcd.o(i.lcd_clear)
    lcd_display_dir                          0x080060e5   Thumb Code   360  lcd.o(i.lcd_display_dir)
    lcd_ex_ili9341_reginit                   0x08006251   Thumb Code   556  lcd.o(i.lcd_ex_ili9341_reginit)
    lcd_ex_ili9806_reginit                   0x0800647d   Thumb Code   832  lcd.o(i.lcd_ex_ili9806_reginit)
    lcd_ex_nt35310_reginit                   0x080067bd   Thumb Code  3826  lcd.o(i.lcd_ex_nt35310_reginit)
    lcd_ex_nt35510_reginit                   0x080076af   Thumb Code  3836  lcd.o(i.lcd_ex_nt35510_reginit)
    lcd_ex_ssd1963_reginit                   0x080085ab   Thumb Code   364  lcd.o(i.lcd_ex_ssd1963_reginit)
    lcd_ex_st7789_reginit                    0x08008717   Thumb Code   424  lcd.o(i.lcd_ex_st7789_reginit)
    lcd_ex_st7796_reginit                    0x080088bf   Thumb Code   454  lcd.o(i.lcd_ex_st7796_reginit)
    lcd_init                                 0x08008a85   Thumb Code  1286  lcd.o(i.lcd_init)
    lcd_scan_dir                             0x08008fbd   Thumb Code   568  lcd.o(i.lcd_scan_dir)
    lcd_set_cursor                           0x080091f9   Thumb Code   282  lcd.o(i.lcd_set_cursor)
    lcd_ssd_backlight_set                    0x08009319   Thumb Code    88  lcd.o(i.lcd_ssd_backlight_set)
    lcd_wr_data                              0x08009379   Thumb Code    18  lcd.o(i.lcd_wr_data)
    lcd_wr_regno                             0x08009391   Thumb Code    18  lcd.o(i.lcd_wr_regno)
    lcd_write_ram_prepare                    0x080093a9   Thumb Code    10  lcd.o(i.lcd_write_ram_prepare)
    lcd_write_reg                            0x080093bd   Thumb Code    14  lcd.o(i.lcd_write_reg)
    led_init                                 0x080093d1   Thumb Code   142  led.o(i.led_init)
    main                                     0x08009469   Thumb Code    76  main.o(i.main)
    my_mem_free                              0x080094b5   Thumb Code    96  malloc.o(i.my_mem_free)
    my_mem_init                              0x08009521   Thumb Code    54  malloc.o(i.my_mem_init)
    my_mem_malloc                            0x08009565   Thumb Code   156  malloc.o(i.my_mem_malloc)
    my_mem_perused                           0x0800960d   Thumb Code    56  malloc.o(i.my_mem_perused)
    myfree                                   0x0800964d   Thumb Code    30  malloc.o(i.myfree)
    mymalloc                                 0x08009671   Thumb Code    34  malloc.o(i.mymalloc)
    mymemset                                 0x08009699   Thumb Code    20  malloc.o(i.mymemset)
    pvPortMalloc                             0x0800a1ed   Thumb Code   306  heap_4.o(i.pvPortMalloc)
    pxPortInitialiseStack                    0x0800a381   Thumb Code    38  port.o(i.pxPortInitialiseStack)
    start_task                               0x0800a3ad   Thumb Code    62  freertos_start.o(i.start_task)
    sys_stm32_clock_init                     0x0800a411   Thumb Code   192  sys.o(i.sys_stm32_clock_init)
    task1                                    0x0800a4dd   Thumb Code    36  freertos_start.o(i.task1)
    task2                                    0x0800a505   Thumb Code    20  freertos_start.o(i.task2)
    usart_init                               0x0800a519   Thumb Code    44  usart.o(i.usart_init)
    uxListRemove                             0x0800a551   Thumb Code    40  list.o(i.uxListRemove)
    vListInitialise                          0x0800a579   Thumb Code    26  list.o(i.vListInitialise)
    vListInitialiseItem                      0x0800a593   Thumb Code     6  list.o(i.vListInitialiseItem)
    vListInsert                              0x0800a599   Thumb Code    52  list.o(i.vListInsert)
    vListInsertEnd                           0x0800a5cd   Thumb Code    24  list.o(i.vListInsertEnd)
    vPortEnterCritical                       0x0800a5e5   Thumb Code    68  port.o(i.vPortEnterCritical)
    vPortExitCritical                        0x0800a67d   Thumb Code    48  port.o(i.vPortExitCritical)
    vPortFree                                0x0800a6fd   Thumb Code   130  heap_4.o(i.vPortFree)
    vPortSetupTimerInterrupt                 0x0800a7d5   Thumb Code    36  port.o(i.vPortSetupTimerInterrupt)
    vQueueAddToRegistry                      0x0800a7fd   Thumb Code    84  queue.o(i.vQueueAddToRegistry)
    vQueueWaitForMessageRestricted           0x0800a889   Thumb Code    74  queue.o(i.vQueueWaitForMessageRestricted)
    vTaskDelay                               0x0800a8d5   Thumb Code    72  tasks.o(i.vTaskDelay)
    vTaskDelete                              0x0800a959   Thumb Code   200  tasks.o(i.vTaskDelete)
    vTaskInternalSetTimeOutState             0x0800aa7d   Thumb Code    14  tasks.o(i.vTaskInternalSetTimeOutState)
    vTaskMissedYield                         0x0800aa95   Thumb Code     8  tasks.o(i.vTaskMissedYield)
    vTaskPlaceOnEventList                    0x0800aaa1   Thumb Code    42  tasks.o(i.vTaskPlaceOnEventList)
    vTaskPlaceOnEventListRestricted          0x0800ab05   Thumb Code    84  tasks.o(i.vTaskPlaceOnEventListRestricted)
    vTaskStartScheduler                      0x0800ab91   Thumb Code   112  tasks.o(i.vTaskStartScheduler)
    vTaskSuspendAll                          0x0800ac55   Thumb Code    12  tasks.o(i.vTaskSuspendAll)
    vTaskSwitchContext                       0x0800ac65   Thumb Code   110  tasks.o(i.vTaskSwitchContext)
    xPortStartScheduler                      0x0800ad1d   Thumb Code   322  port.o(i.xPortStartScheduler)
    xPortSysTickHandler                      0x0800aec9   Thumb Code    46  port.o(i.xPortSysTickHandler)
    xQueueGenericCreate                      0x0800aefd   Thumb Code    92  queue.o(i.xQueueGenericCreate)
    xQueueGenericReset                       0x0800af8d   Thumb Code   194  queue.o(i.xQueueGenericReset)
    xQueueReceive                            0x0800b089   Thumb Code   326  queue.o(i.xQueueReceive)
    xTaskCheckForTimeOut                     0x0800b209   Thumb Code   140  tasks.o(i.xTaskCheckForTimeOut)
    xTaskCreate                              0x0800b2d5   Thumb Code    96  tasks.o(i.xTaskCreate)
    xTaskGetSchedulerState                   0x0800b335   Thumb Code    24  tasks.o(i.xTaskGetSchedulerState)
    xTaskGetTickCount                        0x0800b355   Thumb Code     6  tasks.o(i.xTaskGetTickCount)
    xTaskIncrementTick                       0x0800b361   Thumb Code   390  tasks.o(i.xTaskIncrementTick)
    xTaskPriorityDisinherit                  0x0800b549   Thumb Code   206  tasks.o(i.xTaskPriorityDisinherit)
    xTaskRemoveFromEventList                 0x0800b659   Thumb Code   254  tasks.o(i.xTaskRemoveFromEventList)
    xTaskResumeAll                           0x0800b7a5   Thumb Code   328  tasks.o(i.xTaskResumeAll)
    xTimerCreateTimerTask                    0x0800b945   Thumb Code    56  timers.o(i.xTimerCreateTimerTask)
    AHBPrescTable                            0x0800b9c4   Data          16  system_stm32f4xx.o(.constdata)
    APBPrescTable                            0x0800b9d4   Data           8  system_stm32f4xx.o(.constdata)
    memtblsize                               0x0800b9dc   Data          12  malloc.o(.constdata)
    memblksize                               0x0800b9e8   Data          12  malloc.o(.constdata)
    memsize                                  0x0800b9f4   Data          12  malloc.o(.constdata)
    Region$$Table$$Base                      0x0800ba00   Number         0  anon$$obj.o(Region$$Table)
    Region$$Table$$Limit                     0x0800ba20   Number         0  anon$$obj.o(Region$$Table)
    SystemCoreClock                          0x20000000   Data           4  system_stm32f4xx.o(.data)
    g_usart_rx_sta                           0x20000008   Data           2  usart.o(.data)
    g_rx_buffer                              0x2000000a   Data           1  usart.o(.data)
    uwTick                                   0x2000000c   Data           4  stm32f4xx_hal.o(.data)
    uwTickPrio                               0x20000010   Data           4  stm32f4xx_hal.o(.data)
    uwTickFreq                               0x20000014   Data           1  stm32f4xx_hal.o(.data)
    pxCurrentTCB                             0x20000018   Data           4  tasks.o(.data)
    uxTopUsedPriority                        0x20000050   Data           4  tasks.o(.data)
    StartTask_Handler                        0x20000098   Data           4  freertos_start.o(.data)
    Task1Task_Handler                        0x2000009c   Data           4  freertos_start.o(.data)
    Task2Task_Handler                        0x200000a0   Data           4  freertos_start.o(.data)
    mallco_dev                               0x200000a4   Data          36  malloc.o(.data)
    USBD_CDC                                 0x200000d8   Data          56  usbd_cdc.o(.data)
    g_device_state                           0x200001db   Data           1  usbd_conf.o(.data)
    VCP_Desc                                 0x200001dc   Data          28  usbd_desc.o(.data)
    USBD_DeviceDesc                          0x200001f8   Data          18  usbd_desc.o(.data)
    USBD_LangIDDesc                          0x2000020c   Data           4  usbd_desc.o(.data)
    USBD_StringSerial                        0x20000210   Data          26  usbd_desc.o(.data)
    LineCoding                               0x2000022c   Data           8  usbd_cdc_interface.o(.data)
    g_usb_usart_rx_sta                       0x20000234   Data           2  usbd_cdc_interface.o(.data)
    USBD_CDC_fops                            0x20000238   Data          20  usbd_cdc_interface.o(.data)
    __stdout                                 0x2000024c   Data           4  stdout.o(.data)
    g_canx_handler                           0x20000250   Data          40  can.o(.bss)
    g_canx_txheader                          0x20000278   Data          24  can.o(.bss)
    g_canx_rxheader                          0x20000290   Data          28  can.o(.bss)
    g_sram_handle                            0x200002ac   Data          80  lcd.o(.bss)
    lcddev                                   0x200002fc   Data          14  lcd.o(.bss)
    g_usart_rx_buf                           0x2000030c   Data         200  usart.o(.bss)
    g_uart1_handle                           0x200003d4   Data          68  usart.o(.bss)
    xQueueRegistry                           0x20000418   Data          64  queue.o(.bss)
    mem1base                                 0x2000c780   Data       32768  malloc.o(.bss)
    mem1mapbase                              0x20014780   Data        2048  malloc.o(.bss)
    g_hpcd                                   0x20014f80   Data        1032  usbd_conf.o(.bss)
    USBD_StrDesc                             0x20015388   Data         256  usbd_desc.o(.bss)
    USBD_Device                              0x20015488   Data         720  usbd_cdc_interface.o(.bss)
    g_usb_usart_printf_buffer                0x20015758   Data         200  usbd_cdc_interface.o(.bss)
    g_usb_rx_buffer                          0x20015820   Data         200  usbd_cdc_interface.o(.bss)
    g_usb_usart_rx_buffer                    0x200158e8   Data         200  usbd_cdc_interface.o(.bss)
    __initial_sp                             0x20015db0   Data           0  startup_stm32f407xx.o(STACK)



==============================================================================

Memory Map of the image

  Image Entry point : 0x08000189

  Load Region LR_IROM1 (Base: 0x08000000, Size: 0x0000bc70, Max: 0x00100000, ABSOLUTE, COMPRESSED[0x0000bb04])

    Execution Region ER_IROM1 (Exec base: 0x08000000, Load base: 0x08000000, Size: 0x0000ba20, Max: 0x00100000, ABSOLUTE)

    Exec Addr    Load Addr    Size         Type   Attr      Idx    E Section Name        Object

    0x08000000   0x08000000   0x00000188   Data   RO            3    RESET               startup_stm32f407xx.o
    0x08000188   0x08000188   0x00000000   Code   RO         6014  * .ARM.Collect$$$$00000000  mc_w.l(entry.o)
    0x08000188   0x08000188   0x00000004   Code   RO         6298    .ARM.Collect$$$$00000001  mc_w.l(entry2.o)
    0x0800018c   0x0800018c   0x00000004   Code   RO         6301    .ARM.Collect$$$$00000004  mc_w.l(entry5.o)
    0x08000190   0x08000190   0x00000000   Code   RO         6303    .ARM.Collect$$$$00000008  mc_w.l(entry7b.o)
    0x08000190   0x08000190   0x00000000   Code   RO         6305    .ARM.Collect$$$$0000000A  mc_w.l(entry8b.o)
    0x08000190   0x08000190   0x00000008   Code   RO         6306    .ARM.Collect$$$$0000000B  mc_w.l(entry9a.o)
    0x08000198   0x08000198   0x00000004   Code   RO         6313    .ARM.Collect$$$$0000000E  mc_w.l(entry12b.o)
    0x0800019c   0x0800019c   0x00000000   Code   RO         6308    .ARM.Collect$$$$0000000F  mc_w.l(entry10a.o)
    0x0800019c   0x0800019c   0x00000000   Code   RO         6310    .ARM.Collect$$$$00000011  mc_w.l(entry11a.o)
    0x0800019c   0x0800019c   0x00000004   Code   RO         6299    .ARM.Collect$$$$00002712  mc_w.l(entry2.o)
    0x080001a0   0x080001a0   0x000000be   Code   RO         4992    .emb_text           port.o
    0x0800025e   0x0800025e   0x00000002   PAD
    0x08000260   0x08000260   0x00000034   Code   RO            4    .text               startup_stm32f407xx.o
    0x08000294   0x08000294   0x00000062   Code   RO         6017    .text               mc_w.l(uldiv.o)
    0x080002f6   0x080002f6   0x00000024   Code   RO         6019    .text               mc_w.l(memcpya.o)
    0x0800031a   0x0800031a   0x00000024   Code   RO         6023    .text               mc_w.l(memseta.o)
    0x0800033e   0x0800033e   0x000000e4   Code   RO         6292    .text               mf_w.l(dmul.o)
    0x08000422   0x08000422   0x0000001a   Code   RO         6294    .text               mf_w.l(dfltui.o)
    0x0800043c   0x0800043c   0x00000032   Code   RO         6296    .text               mf_w.l(dfixui.o)
    0x0800046e   0x0800046e   0x0000002c   Code   RO         6317    .text               mc_w.l(uidiv.o)
    0x0800049a   0x0800049a   0x0000001e   Code   RO         6319    .text               mc_w.l(llshl.o)
    0x080004b8   0x080004b8   0x00000020   Code   RO         6321    .text               mc_w.l(llushr.o)
    0x080004d8   0x080004d8   0x00000000   Code   RO         6323    .text               mc_w.l(iusefp.o)
    0x080004d8   0x080004d8   0x000000ba   Code   RO         6324    .text               mf_w.l(depilogue.o)
    0x08000592   0x08000592   0x0000014e   Code   RO         6326    .text               mf_w.l(dadd.o)
    0x080006e0   0x080006e0   0x000000de   Code   RO         6328    .text               mf_w.l(ddiv.o)
    0x080007be   0x080007be   0x00000030   Code   RO         6330    .text               mf_w.l(dfixul.o)
    0x080007ee   0x080007ee   0x00000002   PAD
    0x080007f0   0x080007f0   0x00000030   Code   RO         6332    .text               mf_w.l(cdrcmple.o)
    0x08000820   0x08000820   0x00000024   Code   RO         6334    .text               mc_w.l(init.o)
    0x08000844   0x08000844   0x00000000   Code   RO         6336    .text               mc_w.l(semi.o)
    0x08000844   0x08000844   0x00000024   Code   RO         6337    .text               mc_w.l(llsshr.o)
    0x08000868   0x08000868   0x00000000   Code   RO         6339    .text               mc_w.l(iusesemip.o)
    0x08000868   0x08000868   0x00000056   Code   RO         6348    .text               mc_w.l(__dczerorl2.o)
    0x080008be   0x080008be   0x00000004   Code   RO          303    i.BusFault_Handler  stm32f4xx_it.o
    0x080008c2   0x080008c2   0x00000002   PAD
    0x080008c4   0x080008c4   0x000000a0   Code   RO         5927    i.CDC_Itf_Control   usbd_cdc_interface.o
    0x08000964   0x08000964   0x00000004   Code   RO         5928    i.CDC_Itf_DeInit    usbd_cdc_interface.o
    0x08000968   0x08000968   0x00000018   Code   RO         5929    i.CDC_Itf_Init      usbd_cdc_interface.o
    0x08000980   0x08000980   0x0000001c   Code   RO         5930    i.CDC_Itf_Receive   usbd_cdc_interface.o
    0x0800099c   0x0800099c   0x00000002   Code   RO          304    i.DebugMon_Handler  stm32f4xx_it.o
    0x0800099e   0x0800099e   0x00000002   PAD
    0x080009a0   0x080009a0   0x00000048   Code   RO         3570    i.FSMC_NORSRAM_Extended_Timing_Init  stm32f4xx_ll_fsmc.o
    0x080009e8   0x080009e8   0x0000005c   Code   RO         3571    i.FSMC_NORSRAM_Init  stm32f4xx_ll_fsmc.o
    0x08000a44   0x08000a44   0x00000044   Code   RO         3572    i.FSMC_NORSRAM_Timing_Init  stm32f4xx_ll_fsmc.o
    0x08000a88   0x08000a88   0x00000034   Code   RO         5850    i.Get_SerialNum     usbd_desc.o
    0x08000abc   0x08000abc   0x00000124   Code   RO         3193    i.HAL_CAN_ConfigFilter  stm32f4xx_hal_can.o
    0x08000be0   0x08000be0   0x00000174   Code   RO         3204    i.HAL_CAN_Init      stm32f4xx_hal_can.o
    0x08000d54   0x08000d54   0x000000b4   Code   RO          573    i.HAL_CAN_MspInit   can.o
    0x08000e08   0x08000e08   0x0000005e   Code   RO         3216    i.HAL_CAN_Start     stm32f4xx_hal_can.o
    0x08000e66   0x08000e66   0x000000aa   Code   RO         1439    i.HAL_DMA_Abort     stm32f4xx_hal_dma.o
    0x08000f10   0x08000f10   0x00000028   Code   RO         1440    i.HAL_DMA_Abort_IT  stm32f4xx_hal_dma.o
    0x08000f38   0x08000f38   0x00000028   Code   RO         1117    i.HAL_Delay         stm32f4xx_hal.o
    0x08000f60   0x08000f60   0x00000204   Code   RO         1545    i.HAL_GPIO_Init     stm32f4xx_hal_gpio.o
    0x08001164   0x08001164   0x00000014   Code   RO         1548    i.HAL_GPIO_TogglePin  stm32f4xx_hal_gpio.o
    0x08001178   0x08001178   0x0000000c   Code   RO         1549    i.HAL_GPIO_WritePin  stm32f4xx_hal_gpio.o
    0x08001184   0x08001184   0x0000000c   Code   RO         1122    i.HAL_GetREVID      stm32f4xx_hal.o
    0x08001190   0x08001190   0x0000000c   Code   RO         1123    i.HAL_GetTick       stm32f4xx_hal.o
    0x0800119c   0x0800119c   0x00000018   Code   RO         1129    i.HAL_IncTick       stm32f4xx_hal.o
    0x080011b4   0x080011b4   0x00000030   Code   RO         1130    i.HAL_Init          stm32f4xx_hal.o
    0x080011e4   0x080011e4   0x0000004c   Code   RO         1131    i.HAL_InitTick      stm32f4xx_hal.o
    0x08001230   0x08001230   0x00000002   Code   RO         1133    i.HAL_MspInit       stm32f4xx_hal.o
    0x08001232   0x08001232   0x00000020   Code   RO         1301    i.HAL_NVIC_EnableIRQ  stm32f4xx_hal_cortex.o
    0x08001252   0x08001252   0x0000007c   Code   RO         1307    i.HAL_NVIC_SetPriority  stm32f4xx_hal_cortex.o
    0x080012ce   0x080012ce   0x00000002   PAD
    0x080012d0   0x080012d0   0x00000028   Code   RO         1308    i.HAL_NVIC_SetPriorityGrouping  stm32f4xx_hal_cortex.o
    0x080012f8   0x080012f8   0x00000002   Code   RO         2844    i.HAL_PCDEx_LPM_Callback  stm32f4xx_hal_pcd_ex.o
    0x080012fa   0x080012fa   0x0000000a   Code   RO         2845    i.HAL_PCDEx_SetRxFiFo  stm32f4xx_hal_pcd_ex.o
    0x08001304   0x08001304   0x0000004e   Code   RO         2846    i.HAL_PCDEx_SetTxFiFo  stm32f4xx_hal_pcd_ex.o
    0x08001352   0x08001352   0x00000002   PAD
    0x08001354   0x08001354   0x00000018   Code   RO         5653    i.HAL_PCD_ConnectCallback  usbd_conf.o
    0x0800136c   0x0800136c   0x00000020   Code   RO         5654    i.HAL_PCD_DataInStageCallback  usbd_conf.o
    0x0800138c   0x0800138c   0x00000020   Code   RO         5655    i.HAL_PCD_DataOutStageCallback  usbd_conf.o
    0x080013ac   0x080013ac   0x00000018   Code   RO         5656    i.HAL_PCD_DisconnectCallback  usbd_conf.o
    0x080013c4   0x080013c4   0x0000006a   Code   RO         2621    i.HAL_PCD_EP_Close  stm32f4xx_hal_pcd.o
    0x0800142e   0x0800142e   0x0000007c   Code   RO         2622    i.HAL_PCD_EP_ClrStall  stm32f4xx_hal_pcd.o
    0x080014aa   0x080014aa   0x00000016   Code   RO         2624    i.HAL_PCD_EP_GetRxCount  stm32f4xx_hal_pcd.o
    0x080014c0   0x080014c0   0x0000008c   Code   RO         2625    i.HAL_PCD_EP_Open   stm32f4xx_hal_pcd.o
    0x0800154c   0x0800154c   0x00000058   Code   RO         2626    i.HAL_PCD_EP_Receive  stm32f4xx_hal_pcd.o
    0x080015a4   0x080015a4   0x0000008a   Code   RO         2627    i.HAL_PCD_EP_SetStall  stm32f4xx_hal_pcd.o
    0x0800162e   0x0800162e   0x0000005a   Code   RO         2628    i.HAL_PCD_EP_Transmit  stm32f4xx_hal_pcd.o
    0x08001688   0x08001688   0x0000055c   Code   RO         2630    i.HAL_PCD_IRQHandler  stm32f4xx_hal_pcd.o
    0x08001be4   0x08001be4   0x00000012   Code   RO         5657    i.HAL_PCD_ISOINIncompleteCallback  usbd_conf.o
    0x08001bf6   0x08001bf6   0x00000012   Code   RO         5658    i.HAL_PCD_ISOOUTIncompleteCallback  usbd_conf.o
    0x08001c08   0x08001c08   0x00000166   Code   RO         2633    i.HAL_PCD_Init      stm32f4xx_hal_pcd.o
    0x08001d6e   0x08001d6e   0x00000002   PAD
    0x08001d70   0x08001d70   0x000000ac   Code   RO         5659    i.HAL_PCD_MspInit   usbd_conf.o
    0x08001e1c   0x08001e1c   0x00000032   Code   RO         5660    i.HAL_PCD_ResetCallback  usbd_conf.o
    0x08001e4e   0x08001e4e   0x0000000e   Code   RO         5661    i.HAL_PCD_ResumeCallback  usbd_conf.o
    0x08001e5c   0x08001e5c   0x0000000e   Code   RO         5662    i.HAL_PCD_SOFCallback  usbd_conf.o
    0x08001e6a   0x08001e6a   0x00000036   Code   RO         2639    i.HAL_PCD_SetAddress  stm32f4xx_hal_pcd.o
    0x08001ea0   0x08001ea0   0x00000012   Code   RO         5663    i.HAL_PCD_SetupStageCallback  usbd_conf.o
    0x08001eb2   0x08001eb2   0x0000004a   Code   RO         2641    i.HAL_PCD_Start     stm32f4xx_hal_pcd.o
    0x08001efc   0x08001efc   0x00000018   Code   RO         5664    i.HAL_PCD_SuspendCallback  usbd_conf.o
    0x08001f14   0x08001f14   0x00000184   Code   RO         1609    i.HAL_RCC_ClockConfig  stm32f4xx_hal_rcc.o
    0x08002098   0x08002098   0x0000000c   Code   RO         1614    i.HAL_RCC_GetHCLKFreq  stm32f4xx_hal_rcc.o
    0x080020a4   0x080020a4   0x00000020   Code   RO         1616    i.HAL_RCC_GetPCLK1Freq  stm32f4xx_hal_rcc.o
    0x080020c4   0x080020c4   0x00000020   Code   RO         1617    i.HAL_RCC_GetPCLK2Freq  stm32f4xx_hal_rcc.o
    0x080020e4   0x080020e4   0x000000b0   Code   RO         1618    i.HAL_RCC_GetSysClockFreq  stm32f4xx_hal_rcc.o
    0x08002194   0x08002194   0x0000049c   Code   RO         1621    i.HAL_RCC_OscConfig  stm32f4xx_hal_rcc.o
    0x08002630   0x08002630   0x00000058   Code   RO         3446    i.HAL_SRAM_Init     stm32f4xx_hal_sram.o
    0x08002688   0x08002688   0x000000a4   Code   RO          618    i.HAL_SRAM_MspInit  lcd.o
    0x0800272c   0x0800272c   0x00000028   Code   RO         1310    i.HAL_SYSTICK_CLKSourceConfig  stm32f4xx_hal_cortex.o
    0x08002754   0x08002754   0x00000034   Code   RO         1312    i.HAL_SYSTICK_Config  stm32f4xx_hal_cortex.o
    0x08002788   0x08002788   0x00000002   Code   RO         2215    i.HAL_UARTEx_RxEventCallback  stm32f4xx_hal_uart.o
    0x0800278a   0x0800278a   0x00000002   Code   RO         2229    i.HAL_UART_ErrorCallback  stm32f4xx_hal_uart.o
    0x0800278c   0x0800278c   0x00000250   Code   RO         2232    i.HAL_UART_IRQHandler  stm32f4xx_hal_uart.o
    0x080029dc   0x080029dc   0x00000072   Code   RO         2233    i.HAL_UART_Init     stm32f4xx_hal_uart.o
    0x08002a4e   0x08002a4e   0x00000002   PAD
    0x08002a50   0x08002a50   0x000000cc   Code   RO         1061    i.HAL_UART_MspInit  usart.o
    0x08002b1c   0x08002b1c   0x00000042   Code   RO         2238    i.HAL_UART_Receive_IT  stm32f4xx_hal_uart.o
    0x08002b5e   0x08002b5e   0x00000002   PAD
    0x08002b60   0x08002b60   0x0000009c   Code   RO         1062    i.HAL_UART_RxCpltCallback  usart.o
    0x08002bfc   0x08002bfc   0x00000002   Code   RO         2244    i.HAL_UART_TxCpltCallback  stm32f4xx_hal_uart.o
    0x08002bfe   0x08002bfe   0x00000004   Code   RO          305    i.HardFault_Handler  stm32f4xx_it.o
    0x08002c02   0x08002c02   0x0000003e   Code   RO         5851    i.IntToUnicode      usbd_desc.o
    0x08002c40   0x08002c40   0x00000004   Code   RO          306    i.MemManage_Handler  stm32f4xx_it.o
    0x08002c44   0x08002c44   0x00000002   Code   RO          307    i.NMI_Handler       stm32f4xx_it.o
    0x08002c46   0x08002c46   0x00000002   PAD
    0x08002c48   0x08002c48   0x00000010   Code   RO         5665    i.OTG_FS_IRQHandler  usbd_conf.o
    0x08002c58   0x08002c58   0x00000064   Code   RO         2645    i.PCD_EP_OutSetupPacket_int  stm32f4xx_hal_pcd.o
    0x08002cbc   0x08002cbc   0x0000017c   Code   RO         2646    i.PCD_EP_OutXfrComplete_int  stm32f4xx_hal_pcd.o
    0x08002e38   0x08002e38   0x000000b6   Code   RO         2647    i.PCD_WriteEmptyTxFifo  stm32f4xx_hal_pcd.o
    0x08002eee   0x08002eee   0x00000012   Code   RO         5304    i.SWAPBYTE          usbd_ctlreq.o
    0x08002f00   0x08002f00   0x00000014   Code   RO          917    i.SysTick_Handler   delay.o
    0x08002f14   0x08002f14   0x00000014   Code   RO          364    i.SystemInit        system_stm32f4xx.o
    0x08002f28   0x08002f28   0x00000014   Code   RO         2246    i.UART_DMAAbortOnError  stm32f4xx_hal_uart.o
    0x08002f3c   0x08002f3c   0x00000036   Code   RO         2256    i.UART_EndRxTransfer  stm32f4xx_hal_uart.o
    0x08002f72   0x08002f72   0x00000020   Code   RO         2257    i.UART_EndTransmit_IT  stm32f4xx_hal_uart.o
    0x08002f92   0x08002f92   0x000000be   Code   RO         2259    i.UART_Receive_IT   stm32f4xx_hal_uart.o
    0x08003050   0x08003050   0x0000022c   Code   RO         2260    i.UART_SetConfig    stm32f4xx_hal_uart.o
    0x0800327c   0x0800327c   0x00000046   Code   RO         2262    i.UART_Start_Receive_IT  stm32f4xx_hal_uart.o
    0x080032c2   0x080032c2   0x00000060   Code   RO         2263    i.UART_Transmit_IT  stm32f4xx_hal_uart.o
    0x08003322   0x08003322   0x00000002   PAD
    0x08003324   0x08003324   0x00000010   Code   RO         1063    i.USART1_IRQHandler  usart.o
    0x08003334   0x08003334   0x00000094   Code   RO         5548    i.USBD_CDC_DataIn   usbd_cdc.o
    0x080033c8   0x080033c8   0x00000034   Code   RO         5549    i.USBD_CDC_DataOut  usbd_cdc.o
    0x080033fc   0x080033fc   0x00000054   Code   RO         5550    i.USBD_CDC_DeInit   usbd_cdc.o
    0x08003450   0x08003450   0x00000038   Code   RO         5551    i.USBD_CDC_EP0_RxReady  usbd_cdc.o
    0x08003488   0x08003488   0x00000010   Code   RO         5552    i.USBD_CDC_GetDeviceQualifierDescriptor  usbd_cdc.o
    0x08003498   0x08003498   0x00000010   Code   RO         5553    i.USBD_CDC_GetFSCfgDesc  usbd_cdc.o
    0x080034a8   0x080034a8   0x00000010   Code   RO         5554    i.USBD_CDC_GetHSCfgDesc  usbd_cdc.o
    0x080034b8   0x080034b8   0x00000010   Code   RO         5555    i.USBD_CDC_GetOtherSpeedCfgDesc  usbd_cdc.o
    0x080034c8   0x080034c8   0x000000c2   Code   RO         5556    i.USBD_CDC_Init     usbd_cdc.o
    0x0800358a   0x0800358a   0x0000003a   Code   RO         5557    i.USBD_CDC_ReceivePacket  usbd_cdc.o
    0x080035c4   0x080035c4   0x00000010   Code   RO         5558    i.USBD_CDC_RegisterInterface  usbd_cdc.o
    0x080035d4   0x080035d4   0x00000016   Code   RO         5559    i.USBD_CDC_SetRxBuffer  usbd_cdc.o
    0x080035ea   0x080035ea   0x0000011c   Code   RO         5561    i.USBD_CDC_Setup    usbd_cdc.o
    0x08003706   0x08003706   0x0000001c   Code   RO         5410    i.USBD_ClrClassConfig  usbd_core.o
    0x08003722   0x08003722   0x0000003e   Code   RO         5305    i.USBD_ClrFeature   usbd_ctlreq.o
    0x08003760   0x08003760   0x00000018   Code   RO         5222    i.USBD_CtlContinueRx  usbd_ioreq.o
    0x08003778   0x08003778   0x00000018   Code   RO         5223    i.USBD_CtlContinueSendData  usbd_ioreq.o
    0x08003790   0x08003790   0x00000018   Code   RO         5306    i.USBD_CtlError     usbd_ctlreq.o
    0x080037a8   0x080037a8   0x00000028   Code   RO         5224    i.USBD_CtlPrepareRx  usbd_ioreq.o
    0x080037d0   0x080037d0   0x0000001a   Code   RO         5225    i.USBD_CtlReceiveStatus  usbd_ioreq.o
    0x080037ea   0x080037ea   0x00000022   Code   RO         5226    i.USBD_CtlSendData  usbd_ioreq.o
    0x0800380c   0x0800380c   0x0000001a   Code   RO         5227    i.USBD_CtlSendStatus  usbd_ioreq.o
    0x08003826   0x08003826   0x00000056   Code   RO         5307    i.USBD_GetConfig    usbd_ctlreq.o
    0x0800387c   0x0800387c   0x000001fc   Code   RO         5308    i.USBD_GetDescriptor  usbd_ctlreq.o
    0x08003a78   0x08003a78   0x00000016   Code   RO         5309    i.USBD_GetLen       usbd_ctlreq.o
    0x08003a8e   0x08003a8e   0x0000005a   Code   RO         5310    i.USBD_GetStatus    usbd_ctlreq.o
    0x08003ae8   0x08003ae8   0x00000054   Code   RO         5311    i.USBD_GetString    usbd_ctlreq.o
    0x08003b3c   0x08003b3c   0x0000003a   Code   RO         5412    i.USBD_Init         usbd_core.o
    0x08003b76   0x08003b76   0x00000014   Code   RO         5666    i.USBD_LL_ClearStallEP  usbd_conf.o
    0x08003b8a   0x08003b8a   0x00000014   Code   RO         5667    i.USBD_LL_CloseEP   usbd_conf.o
    0x08003b9e   0x08003b9e   0x000000e2   Code   RO         5413    i.USBD_LL_DataInStage  usbd_core.o
    0x08003c80   0x08003c80   0x0000008e   Code   RO         5414    i.USBD_LL_DataOutStage  usbd_core.o
    0x08003d0e   0x08003d0e   0x00000006   Code   RO         5415    i.USBD_LL_DevConnected  usbd_core.o
    0x08003d14   0x08003d14   0x00000020   Code   RO         5416    i.USBD_LL_DevDisconnected  usbd_core.o
    0x08003d34   0x08003d34   0x00000012   Code   RO         5671    i.USBD_LL_GetRxDataSize  usbd_conf.o
    0x08003d46   0x08003d46   0x00000002   PAD
    0x08003d48   0x08003d48   0x0000005c   Code   RO         5672    i.USBD_LL_Init      usbd_conf.o
    0x08003da4   0x08003da4   0x00000038   Code   RO         5673    i.USBD_LL_IsStallEP  usbd_conf.o
    0x08003ddc   0x08003ddc   0x00000030   Code   RO         5417    i.USBD_LL_IsoINIncomplete  usbd_core.o
    0x08003e0c   0x08003e0c   0x00000030   Code   RO         5418    i.USBD_LL_IsoOUTIncomplete  usbd_core.o
    0x08003e3c   0x08003e3c   0x00000020   Code   RO         5674    i.USBD_LL_OpenEP    usbd_conf.o
    0x08003e5c   0x08003e5c   0x00000020   Code   RO         5675    i.USBD_LL_PrepareReceive  usbd_conf.o
    0x08003e7c   0x08003e7c   0x0000006c   Code   RO         5419    i.USBD_LL_Reset     usbd_core.o
    0x08003ee8   0x08003ee8   0x00000016   Code   RO         5420    i.USBD_LL_Resume    usbd_core.o
    0x08003efe   0x08003efe   0x0000002c   Code   RO         5421    i.USBD_LL_SOF       usbd_core.o
    0x08003f2a   0x08003f2a   0x00000008   Code   RO         5422    i.USBD_LL_SetSpeed  usbd_core.o
    0x08003f32   0x08003f32   0x00000002   PAD
    0x08003f34   0x08003f34   0x00000020   Code   RO         5676    i.USBD_LL_SetUSBAddress  usbd_conf.o
    0x08003f54   0x08003f54   0x00000076   Code   RO         5423    i.USBD_LL_SetupStage  usbd_core.o
    0x08003fca   0x08003fca   0x00000014   Code   RO         5677    i.USBD_LL_StallEP   usbd_conf.o
    0x08003fde   0x08003fde   0x00000010   Code   RO         5678    i.USBD_LL_Start     usbd_conf.o
    0x08003fee   0x08003fee   0x00000014   Code   RO         5424    i.USBD_LL_Suspend   usbd_core.o
    0x08004002   0x08004002   0x00000020   Code   RO         5680    i.USBD_LL_Transmit  usbd_conf.o
    0x08004022   0x08004022   0x00000036   Code   RO         5312    i.USBD_ParseSetupRequest  usbd_ctlreq.o
    0x08004058   0x08004058   0x0000002e   Code   RO         5425    i.USBD_RegisterClass  usbd_core.o
    0x08004086   0x08004086   0x00000006   Code   RO         5426    i.USBD_RunTestMode  usbd_core.o
    0x0800408c   0x0800408c   0x0000005a   Code   RO         5313    i.USBD_SetAddress   usbd_ctlreq.o
    0x080040e6   0x080040e6   0x00000020   Code   RO         5427    i.USBD_SetClassConfig  usbd_core.o
    0x08004106   0x08004106   0x00000002   PAD
    0x08004108   0x08004108   0x000000fc   Code   RO         5314    i.USBD_SetConfig    usbd_ctlreq.o
    0x08004204   0x08004204   0x00000018   Code   RO         5315    i.USBD_SetFeature   usbd_ctlreq.o
    0x0800421c   0x0800421c   0x0000000c   Code   RO         5428    i.USBD_Start        usbd_core.o
    0x08004228   0x08004228   0x000000a6   Code   RO         5316    i.USBD_StdDevReq    usbd_ctlreq.o
    0x080042ce   0x080042ce   0x0000022c   Code   RO         5317    i.USBD_StdEPReq     usbd_ctlreq.o
    0x080044fa   0x080044fa   0x0000007e   Code   RO         5318    i.USBD_StdItfReq    usbd_ctlreq.o
    0x08004578   0x08004578   0x00000034   Code   RO         5852    i.USBD_VCP_ConfigStrDescriptor  usbd_desc.o
    0x080045ac   0x080045ac   0x00000010   Code   RO         5853    i.USBD_VCP_DeviceDescriptor  usbd_desc.o
    0x080045bc   0x080045bc   0x00000038   Code   RO         5854    i.USBD_VCP_InterfaceStrDescriptor  usbd_desc.o
    0x080045f4   0x080045f4   0x00000010   Code   RO         5855    i.USBD_VCP_LangIDStrDescriptor  usbd_desc.o
    0x08004604   0x08004604   0x0000002c   Code   RO         5856    i.USBD_VCP_ManufacturerStrDescriptor  usbd_desc.o
    0x08004630   0x08004630   0x00000070   Code   RO         5857    i.USBD_VCP_ProductStrDescriptor  usbd_desc.o
    0x080046a0   0x080046a0   0x00000018   Code   RO         5858    i.USBD_VCP_SerialStrDescriptor  usbd_desc.o
    0x080046b8   0x080046b8   0x000000d0   Code   RO         2886    i.USB_ActivateEndpoint  stm32f4xx_ll_usb.o
    0x08004788   0x08004788   0x00000028   Code   RO         2888    i.USB_ActivateSetup  stm32f4xx_ll_usb.o
    0x080047b0   0x080047b0   0x00000084   Code   RO         2890    i.USB_CoreInit      stm32f4xx_ll_usb.o
    0x08004834   0x08004834   0x0000004c   Code   RO         2891    i.USB_CoreReset     stm32f4xx_ll_usb.o
    0x08004880   0x08004880   0x0000014c   Code   RO         2894    i.USB_DeactivateEndpoint  stm32f4xx_ll_usb.o
    0x080049cc   0x080049cc   0x00000024   Code   RO         2895    i.USB_DevConnect    stm32f4xx_ll_usb.o
    0x080049f0   0x080049f0   0x00000024   Code   RO         2896    i.USB_DevDisconnect  stm32f4xx_ll_usb.o
    0x08004a14   0x08004a14   0x000001e0   Code   RO         2897    i.USB_DevInit       stm32f4xx_ll_usb.o
    0x08004bf4   0x08004bf4   0x0000000e   Code   RO         2898    i.USB_DisableGlobalInt  stm32f4xx_ll_usb.o
    0x08004c02   0x08004c02   0x00000002   PAD
    0x08004c04   0x08004c04   0x000001d8   Code   RO         2901    i.USB_EP0StartXfer  stm32f4xx_ll_usb.o
    0x08004ddc   0x08004ddc   0x00000070   Code   RO         2902    i.USB_EP0_OutStart  stm32f4xx_ll_usb.o
    0x08004e4c   0x08004e4c   0x0000008e   Code   RO         2903    i.USB_EPClearStall  stm32f4xx_ll_usb.o
    0x08004eda   0x08004eda   0x0000009a   Code   RO         2904    i.USB_EPSetStall    stm32f4xx_ll_usb.o
    0x08004f74   0x08004f74   0x00000344   Code   RO         2905    i.USB_EPStartXfer   stm32f4xx_ll_usb.o
    0x080052b8   0x080052b8   0x0000000e   Code   RO         2906    i.USB_EnableGlobalInt  stm32f4xx_ll_usb.o
    0x080052c6   0x080052c6   0x00000002   PAD
    0x080052c8   0x080052c8   0x0000002c   Code   RO         2907    i.USB_FlushRxFifo   stm32f4xx_ll_usb.o
    0x080052f4   0x080052f4   0x00000030   Code   RO         2908    i.USB_FlushTxFifo   stm32f4xx_ll_usb.o
    0x08005324   0x08005324   0x00000026   Code   RO         2910    i.USB_GetDevSpeed   stm32f4xx_ll_usb.o
    0x0800534a   0x0800534a   0x0000000a   Code   RO         2912    i.USB_GetMode       stm32f4xx_ll_usb.o
    0x08005354   0x08005354   0x00000034   Code   RO         5931    i.USB_Init          usbd_cdc_interface.o
    0x08005388   0x08005388   0x00000014   Code   RO         2919    i.USB_ReadDevAllInEpInterrupt  stm32f4xx_ll_usb.o
    0x0800539c   0x0800539c   0x00000014   Code   RO         2920    i.USB_ReadDevAllOutEpInterrupt  stm32f4xx_ll_usb.o
    0x080053b0   0x080053b0   0x00000032   Code   RO         2921    i.USB_ReadDevInEPInterrupt  stm32f4xx_ll_usb.o
    0x080053e2   0x080053e2   0x0000001a   Code   RO         2922    i.USB_ReadDevOutEPInterrupt  stm32f4xx_ll_usb.o
    0x080053fc   0x080053fc   0x0000000a   Code   RO         2923    i.USB_ReadInterrupts  stm32f4xx_ll_usb.o
    0x08005406   0x08005406   0x00000022   Code   RO         2924    i.USB_ReadPacket    stm32f4xx_ll_usb.o
    0x08005428   0x08005428   0x00000036   Code   RO         2926    i.USB_SetCurrentMode  stm32f4xx_ll_usb.o
    0x0800545e   0x0800545e   0x0000002a   Code   RO         2927    i.USB_SetDevAddress  stm32f4xx_ll_usb.o
    0x08005488   0x08005488   0x00000012   Code   RO         2928    i.USB_SetDevSpeed   stm32f4xx_ll_usb.o
    0x0800549a   0x0800549a   0x00000002   PAD
    0x0800549c   0x0800549c   0x000000e8   Code   RO         2929    i.USB_SetTurnaroundTime  stm32f4xx_ll_usb.o
    0x08005584   0x08005584   0x0000003c   Code   RO         2932    i.USB_WritePacket   stm32f4xx_ll_usb.o
    0x080055c0   0x080055c0   0x00000004   Code   RO          308    i.UsageFault_Handler  stm32f4xx_it.o
    0x080055c4   0x080055c4   0x00000020   Code   RO         6264    i.__0printf         mc_w.l(printfa.o)
    0x080055e4   0x080055e4   0x00000010   Code   RO         1314    i.__NVIC_GetPriorityGrouping  stm32f4xx_hal_cortex.o
    0x080055f4   0x080055f4   0x00000028   Code   RO         1315    i.__NVIC_SetPriority  stm32f4xx_hal_cortex.o
    0x0800561c   0x0800561c   0x0000000e   Code   RO         6342    i.__scatterload_copy  mc_w.l(handlers.o)
    0x0800562a   0x0800562a   0x00000002   Code   RO         6343    i.__scatterload_null  mc_w.l(handlers.o)
    0x0800562c   0x0800562c   0x0000000e   Code   RO         6344    i.__scatterload_zeroinit  mc_w.l(handlers.o)
    0x0800563a   0x0800563a   0x00000002   PAD
    0x0800563c   0x0800563c   0x00000184   Code   RO         6271    i._fp_digits        mc_w.l(printfa.o)
    0x080057c0   0x080057c0   0x000006b4   Code   RO         6272    i._printf_core      mc_w.l(printfa.o)
    0x08005e74   0x08005e74   0x00000024   Code   RO         6273    i._printf_post_padding  mc_w.l(printfa.o)
    0x08005e98   0x08005e98   0x0000002e   Code   RO         6274    i._printf_pre_padding  mc_w.l(printfa.o)
    0x08005ec6   0x08005ec6   0x00000002   PAD
    0x08005ec8   0x08005ec8   0x0000008c   Code   RO          574    i.can_init          can.o
    0x08005f54   0x08005f54   0x00000080   Code   RO         5932    i.cdc_vcp_data_rx   usbd_cdc_interface.o
    0x08005fd4   0x08005fd4   0x00000038   Code   RO          918    i.delay_init        delay.o
    0x0800600c   0x0800600c   0x00000018   Code   RO          919    i.delay_ms          delay.o
    0x08006024   0x08006024   0x00000048   Code   RO          920    i.delay_us          delay.o
    0x0800606c   0x0800606c   0x00000012   Code   RO         6314    i.fputc             mc_w.l(fputc.o)
    0x0800607e   0x0800607e   0x00000002   PAD
    0x08006080   0x08006080   0x00000030   Code   RO         5081    i.freertos_demo     freertos_start.o
    0x080060b0   0x080060b0   0x00000034   Code   RO          619    i.lcd_clear         lcd.o
    0x080060e4   0x080060e4   0x0000016c   Code   RO          621    i.lcd_display_dir   lcd.o
    0x08006250   0x08006250   0x0000022c   Code   RO          629    i.lcd_ex_ili9341_reginit  lcd.o
    0x0800647c   0x0800647c   0x00000340   Code   RO          630    i.lcd_ex_ili9806_reginit  lcd.o
    0x080067bc   0x080067bc   0x00000ef2   Code   RO          631    i.lcd_ex_nt35310_reginit  lcd.o
    0x080076ae   0x080076ae   0x00000efc   Code   RO          632    i.lcd_ex_nt35510_reginit  lcd.o
    0x080085aa   0x080085aa   0x0000016c   Code   RO          633    i.lcd_ex_ssd1963_reginit  lcd.o
    0x08008716   0x08008716   0x000001a8   Code   RO          634    i.lcd_ex_st7789_reginit  lcd.o
    0x080088be   0x080088be   0x000001c6   Code   RO          635    i.lcd_ex_st7796_reginit  lcd.o
    0x08008a84   0x08008a84   0x00000514   Code   RO          638    i.lcd_init          lcd.o
    0x08008f98   0x08008f98   0x0000000c   Code   RO          639    i.lcd_opt_delay     lcd.o
    0x08008fa4   0x08008fa4   0x00000018   Code   RO          641    i.lcd_rd_data       lcd.o
    0x08008fbc   0x08008fbc   0x0000023c   Code   RO          643    i.lcd_scan_dir      lcd.o
    0x080091f8   0x080091f8   0x00000120   Code   RO          644    i.lcd_set_cursor    lcd.o
    0x08009318   0x08009318   0x00000060   Code   RO          650    i.lcd_ssd_backlight_set  lcd.o
    0x08009378   0x08009378   0x00000018   Code   RO          651    i.lcd_wr_data       lcd.o
    0x08009390   0x08009390   0x00000018   Code   RO          652    i.lcd_wr_regno      lcd.o
    0x080093a8   0x080093a8   0x00000014   Code   RO          653    i.lcd_write_ram_prepare  lcd.o
    0x080093bc   0x080093bc   0x00000014   Code   RO          654    i.lcd_write_reg     lcd.o
    0x080093d0   0x080093d0   0x00000098   Code   RO          549    i.led_init          led.o
    0x08009468   0x08009468   0x0000004c   Code   RO           13    i.main              main.o
    0x080094b4   0x080094b4   0x0000006c   Code   RO         5142    i.my_mem_free       malloc.o
    0x08009520   0x08009520   0x00000044   Code   RO         5143    i.my_mem_init       malloc.o
    0x08009564   0x08009564   0x000000a8   Code   RO         5144    i.my_mem_malloc     malloc.o
    0x0800960c   0x0800960c   0x00000040   Code   RO         5145    i.my_mem_perused    malloc.o
    0x0800964c   0x0800964c   0x00000024   Code   RO         5146    i.myfree            malloc.o
    0x08009670   0x08009670   0x00000028   Code   RO         5147    i.mymalloc          malloc.o
    0x08009698   0x08009698   0x00000014   Code   RO         5149    i.mymemset          malloc.o
    0x080096ac   0x080096ac   0x000000cc   Code   RO         4323    i.prvAddCurrentTaskToDelayedList  tasks.o
    0x08009778   0x08009778   0x000000ec   Code   RO         4324    i.prvAddNewTaskToReadyList  tasks.o
    0x08009864   0x08009864   0x00000064   Code   RO         4748    i.prvCheckForValidListAndQueue  timers.o
    0x080098c8   0x080098c8   0x00000048   Code   RO         4325    i.prvCheckTasksWaitingTermination  tasks.o
    0x08009910   0x08009910   0x0000002a   Code   RO         3883    i.prvCopyDataFromQueue  queue.o
    0x0800993a   0x0800993a   0x0000007e   Code   RO         3884    i.prvCopyDataToQueue  queue.o
    0x080099b8   0x080099b8   0x00000012   Code   RO         4326    i.prvDeleteTCB      tasks.o
    0x080099ca   0x080099ca   0x00000002   PAD
    0x080099cc   0x080099cc   0x00000028   Code   RO         4749    i.prvGetNextExpireTime  timers.o
    0x080099f4   0x080099f4   0x0000007c   Code   RO         4925    i.prvHeapInit       heap_4.o
    0x08009a70   0x08009a70   0x00000028   Code   RO         4327    i.prvIdleTask       tasks.o
    0x08009a98   0x08009a98   0x0000002e   Code   RO         3887    i.prvInitialiseNewQueue  queue.o
    0x08009ac6   0x08009ac6   0x00000002   PAD
    0x08009ac8   0x08009ac8   0x00000104   Code   RO         4328    i.prvInitialiseNewTask  tasks.o
    0x08009bcc   0x08009bcc   0x00000068   Code   RO         4329    i.prvInitialiseTaskLists  tasks.o
    0x08009c34   0x08009c34   0x00000068   Code   RO         4926    i.prvInsertBlockIntoFreeList  heap_4.o
    0x08009c9c   0x08009c9c   0x00000058   Code   RO         4751    i.prvInsertTimerInActiveList  timers.o
    0x08009cf4   0x08009cf4   0x0000001a   Code   RO         3888    i.prvIsQueueEmpty   queue.o
    0x08009d0e   0x08009d0e   0x00000002   PAD
    0x08009d10   0x08009d10   0x000000c4   Code   RO         3890    i.prvNotifyQueueSetContainer  queue.o
    0x08009dd4   0x08009dd4   0x00000044   Code   RO         4752    i.prvProcessExpiredTimer  timers.o
    0x08009e18   0x08009e18   0x0000016c   Code   RO         4753    i.prvProcessReceivedCommands  timers.o
    0x08009f84   0x08009f84   0x00000074   Code   RO         4754    i.prvProcessTimerOrBlockTask  timers.o
    0x08009ff8   0x08009ff8   0x00000028   Code   RO         4755    i.prvReloadTimer    timers.o
    0x0800a020   0x0800a020   0x00000030   Code   RO         4331    i.prvResetNextTaskUnblockTime  tasks.o
    0x0800a050   0x0800a050   0x0000002c   Code   RO         4756    i.prvSampleTimeNow  timers.o
    0x0800a07c   0x0800a07c   0x00000044   Code   RO         4757    i.prvSwitchTimerLists  timers.o
    0x0800a0c0   0x0800a0c0   0x00000080   Code   RO         4993    i.prvTaskExitError  port.o
    0x0800a140   0x0800a140   0x0000001a   Code   RO         4758    i.prvTimerTask      timers.o
    0x0800a15a   0x0800a15a   0x00000090   Code   RO         3891    i.prvUnlockQueue    queue.o
    0x0800a1ea   0x0800a1ea   0x00000002   PAD
    0x0800a1ec   0x0800a1ec   0x00000194   Code   RO         4927    i.pvPortMalloc      heap_4.o
    0x0800a380   0x0800a380   0x0000002c   Code   RO         4994    i.pxPortInitialiseStack  port.o
    0x0800a3ac   0x0800a3ac   0x00000064   Code   RO         5082    i.start_task        freertos_start.o
    0x0800a410   0x0800a410   0x000000cc   Code   RO          994    i.sys_stm32_clock_init  sys.o
    0x0800a4dc   0x0800a4dc   0x00000028   Code   RO         5083    i.task1             freertos_start.o
    0x0800a504   0x0800a504   0x00000014   Code   RO         5084    i.task2             freertos_start.o
    0x0800a518   0x0800a518   0x00000038   Code   RO         1064    i.usart_init        usart.o
    0x0800a550   0x0800a550   0x00000028   Code   RO         3831    i.uxListRemove      list.o
    0x0800a578   0x0800a578   0x0000001a   Code   RO         3832    i.vListInitialise   list.o
    0x0800a592   0x0800a592   0x00000006   Code   RO         3833    i.vListInitialiseItem  list.o
    0x0800a598   0x0800a598   0x00000034   Code   RO         3834    i.vListInsert       list.o
    0x0800a5cc   0x0800a5cc   0x00000018   Code   RO         3835    i.vListInsertEnd    list.o
    0x0800a5e4   0x0800a5e4   0x00000098   Code   RO         4996    i.vPortEnterCritical  port.o
    0x0800a67c   0x0800a67c   0x00000080   Code   RO         4997    i.vPortExitCritical  port.o
    0x0800a6fc   0x0800a6fc   0x000000d8   Code   RO         4928    i.vPortFree         heap_4.o
    0x0800a7d4   0x0800a7d4   0x00000028   Code   RO         4998    i.vPortSetupTimerInterrupt  port.o
    0x0800a7fc   0x0800a7fc   0x0000008c   Code   RO         3897    i.vQueueAddToRegistry  queue.o
    0x0800a888   0x0800a888   0x0000004a   Code   RO         3901    i.vQueueWaitForMessageRestricted  queue.o
    0x0800a8d2   0x0800a8d2   0x00000002   PAD
    0x0800a8d4   0x0800a8d4   0x00000084   Code   RO         4346    i.vTaskDelay        tasks.o
    0x0800a958   0x0800a958   0x00000124   Code   RO         4347    i.vTaskDelete       tasks.o
    0x0800aa7c   0x0800aa7c   0x00000018   Code   RO         4351    i.vTaskInternalSetTimeOutState  tasks.o
    0x0800aa94   0x0800aa94   0x0000000c   Code   RO         4353    i.vTaskMissedYield  tasks.o
    0x0800aaa0   0x0800aaa0   0x00000064   Code   RO         4354    i.vTaskPlaceOnEventList  tasks.o
    0x0800ab04   0x0800ab04   0x0000008c   Code   RO         4355    i.vTaskPlaceOnEventListRestricted  tasks.o
    0x0800ab90   0x0800ab90   0x000000c4   Code   RO         4363    i.vTaskStartScheduler  tasks.o
    0x0800ac54   0x0800ac54   0x00000010   Code   RO         4365    i.vTaskSuspendAll   tasks.o
    0x0800ac64   0x0800ac64   0x000000b8   Code   RO         4366    i.vTaskSwitchContext  tasks.o
    0x0800ad1c   0x0800ad1c   0x000001ac   Code   RO         5000    i.xPortStartScheduler  port.o
    0x0800aec8   0x0800aec8   0x00000034   Code   RO         5001    i.xPortSysTickHandler  port.o
    0x0800aefc   0x0800aefc   0x00000090   Code   RO         3906    i.xQueueGenericCreate  queue.o
    0x0800af8c   0x0800af8c   0x000000fc   Code   RO         3907    i.xQueueGenericReset  queue.o
    0x0800b088   0x0800b088   0x00000180   Code   RO         3916    i.xQueueReceive     queue.o
    0x0800b208   0x0800b208   0x000000cc   Code   RO         4369    i.xTaskCheckForTimeOut  tasks.o
    0x0800b2d4   0x0800b2d4   0x00000060   Code   RO         4370    i.xTaskCreate       tasks.o
    0x0800b334   0x0800b334   0x00000020   Code   RO         4379    i.xTaskGetSchedulerState  tasks.o
    0x0800b354   0x0800b354   0x0000000c   Code   RO         4380    i.xTaskGetTickCount  tasks.o
    0x0800b360   0x0800b360   0x000001e8   Code   RO         4382    i.xTaskIncrementTick  tasks.o
    0x0800b548   0x0800b548   0x00000110   Code   RO         4383    i.xTaskPriorityDisinherit  tasks.o
    0x0800b658   0x0800b658   0x0000014c   Code   RO         4385    i.xTaskRemoveFromEventList  tasks.o
    0x0800b7a4   0x0800b7a4   0x000001a0   Code   RO         4386    i.xTaskResumeAll    tasks.o
    0x0800b944   0x0800b944   0x00000080   Code   RO         4766    i.xTimerCreateTimerTask  timers.o
    0x0800b9c4   0x0800b9c4   0x00000018   Data   RO          365    .constdata          system_stm32f4xx.o
    0x0800b9dc   0x0800b9dc   0x00000024   Data   RO         5152    .constdata          malloc.o
    0x0800ba00   0x0800ba00   0x00000020   Data   RO         6340    Region$$Table       anon$$obj.o


    Execution Region RW_IRAM1 (Exec base: 0x20000000, Load base: 0x0800ba20, Size: 0x00015db0, Max: 0x00020000, ABSOLUTE, COMPRESSED[0x000000e4])

    Exec Addr    Load Addr    Size         Type   Attr      Idx    E Section Name        Object

    0x20000000   COMPRESSED   0x00000004   Data   RW          366    .data               system_stm32f4xx.o
    0x20000004   COMPRESSED   0x00000004   Data   RW          921    .data               delay.o
    0x20000008   COMPRESSED   0x00000003   Data   RW         1066    .data               usart.o
    0x2000000b   COMPRESSED   0x00000001   PAD
    0x2000000c   COMPRESSED   0x00000009   Data   RW         1137    .data               stm32f4xx_hal.o
    0x20000015   COMPRESSED   0x00000003   PAD
    0x20000018   COMPRESSED   0x00000040   Data   RW         4389    .data               tasks.o
    0x20000058   COMPRESSED   0x00000014   Data   RW         4775    .data               timers.o
    0x2000006c   COMPRESSED   0x00000020   Data   RW         4934    .data               heap_4.o
    0x2000008c   COMPRESSED   0x0000000c   Data   RW         5002    .data               port.o
    0x20000098   COMPRESSED   0x0000000c   Data   RW         5085    .data               freertos_start.o
    0x200000a4   COMPRESSED   0x00000024   Data   RW         5153    .data               malloc.o
    0x200000c8   COMPRESSED   0x00000001   Data   RW         5319    .data               usbd_ctlreq.o
    0x200000c9   COMPRESSED   0x00000003   PAD
    0x200000cc   COMPRESSED   0x0000010f   Data   RW         5563    .data               usbd_cdc.o
    0x200001db   COMPRESSED   0x00000001   Data   RW         5682    .data               usbd_conf.o
    0x200001dc   COMPRESSED   0x0000004e   Data   RW         5860    .data               usbd_desc.o
    0x2000022a   COMPRESSED   0x00000002   PAD
    0x2000022c   COMPRESSED   0x00000020   Data   RW         5936    .data               usbd_cdc_interface.o
    0x2000024c   COMPRESSED   0x00000004   Data   RW         6316    .data               mc_w.l(stdout.o)
    0x20000250        -       0x0000005c   Zero   RW          577    .bss                can.o
    0x200002ac        -       0x0000005e   Zero   RW          655    .bss                lcd.o
    0x2000030a   COMPRESSED   0x00000002   PAD
    0x2000030c        -       0x0000010c   Zero   RW         1065    .bss                usart.o
    0x20000418        -       0x00000040   Zero   RW         3923    .bss                queue.o
    0x20000458        -       0x000002e4   Zero   RW         4388    .bss                tasks.o
    0x2000073c        -       0x00000028   Zero   RW         4774    .bss                timers.o
    0x20000764        -       0x0000c000   Zero   RW         4933    .bss                heap_4.o
    0x2000c764   COMPRESSED   0x0000001c   PAD
    0x2000c780        -       0x00008800   Zero   RW         5151    .bss                malloc.o
    0x20014f80        -       0x00000408   Zero   RW         5681    .bss                usbd_conf.o
    0x20015388        -       0x00000100   Zero   RW         5859    .bss                usbd_desc.o
    0x20015488        -       0x00000528   Zero   RW         5935    .bss                usbd_cdc_interface.o
    0x200159b0        -       0x00000400   Zero   RW            1    STACK               startup_stm32f407xx.o


==============================================================================

Image component sizes


      Code (inc. data)   RO Data    RW Data    ZI Data      Debug   Object Name

       320         22          0          0         92       2490   can.o
       172          8          0          4          0      17041   delay.o
         0          0          0          0          0      13288   event_groups.o
       208         62          0         12          0       2797   freertos_start.o
       848        218          0         32      49152       4355   heap_4.o
     13252        140          0          0         94      23844   lcd.o
       152         10          0          0          0        963   led.o
       148          0          0          0          0       3518   list.o
        76          0          0          0          0     617375   main.o
       504         58         36         36      34816       6652   malloc.o
      1162        382          0         12          0      10648   port.o
      1574        278          0          0         64      13215   queue.o
        52         14        392          0       1024        980   startup_stm32f407xx.o
       214         38          0          9          0      10630   stm32f4xx_hal.o
       758          6          0          0          0       3166   stm32f4xx_hal_can.o
       344         22          0          0          0      35237   stm32f4xx_hal_cortex.o
       210          0          0          0          0       2015   stm32f4xx_hal_dma.o
       548         46          0          0          0       2841   stm32f4xx_hal_gpio.o
      3228         14          0          0          0      13173   stm32f4xx_hal_pcd.o
        90          0          0          0          0       2517   stm32f4xx_hal_pcd_ex.o
      1820         84          0          0          0       5760   stm32f4xx_hal_rcc.o
        88          0          0          0          0       1248   stm32f4xx_hal_sram.o
      1796         16          0          0          0      10068   stm32f4xx_hal_uart.o
        20          0          0          0          0       2881   stm32f4xx_it.o
       232         10          0          0          0       2807   stm32f4xx_ll_fsmc.o
      3790        102          0          0          0      23210   stm32f4xx_ll_usb.o
       204         12          0          0          0       1379   sys.o
        20          6         24          4          0     685175   system_stm32f4xx.o
      3930       1024          0         64        740      34570   tasks.o
      1082        214          0         20         40      13988   timers.o
       432         54          0          3        268       3349   usart.o
       978         24          0        271          0      12660   usbd_cdc.o
       396         44          0         32       1320       6978   usbd_cdc_interface.o
       826         38          0          1       1032      22096   usbd_conf.o
      1004          0          0          0          0      13921   usbd_core.o
      2162         28          0          1          0      17692   usbd_ctlreq.o
       434        170          0         78        256       7438   usbd_desc.o
       174          0          0          0          0      10332   usbd_ioreq.o

    ----------------------------------------------------------------------
     43290       3144        484        588      88928    1662297   Object Totals
         0          0         32          0          0          0   (incl. Generated)
        42          0          0          9         30          0   (incl. Padding)

    ----------------------------------------------------------------------

      Code (inc. data)   RO Data    RW Data    ZI Data      Debug   Library Member Name

        86          0          0          0          0          0   __dczerorl2.o
         0          0          0          0          0          0   entry.o
         0          0          0          0          0          0   entry10a.o
         0          0          0          0          0          0   entry11a.o
         4          0          0          0          0          0   entry12b.o
         8          4          0          0          0          0   entry2.o
         4          0          0          0          0          0   entry5.o
         0          0          0          0          0          0   entry7b.o
         0          0          0          0          0          0   entry8b.o
         8          4          0          0          0          0   entry9a.o
        18          0          0          0          0         80   fputc.o
        30          0          0          0          0          0   handlers.o
        36          8          0          0          0         68   init.o
         0          0          0          0          0          0   iusefp.o
         0          0          0          0          0          0   iusesemip.o
        30          0          0          0          0         68   llshl.o
        36          0          0          0          0         68   llsshr.o
        32          0          0          0          0         68   llushr.o
        36          0          0          0          0         68   memcpya.o
        36          0          0          0          0        108   memseta.o
      2218         90          0          0          0        464   printfa.o
         0          0          0          0          0          0   semi.o
         0          0          0          4          0          0   stdout.o
        44          0          0          0          0         80   uidiv.o
        98          0          0          0          0         92   uldiv.o
        48          0          0          0          0         68   cdrcmple.o
       334          0          0          0          0        148   dadd.o
       222          0          0          0          0        100   ddiv.o
       186          0          0          0          0        176   depilogue.o
        50          0          0          0          0         76   dfixui.o
        48          0          0          0          0         68   dfixul.o
        26          0          0          0          0         76   dfltui.o
       228          0          0          0          0         96   dmul.o

    ----------------------------------------------------------------------
      3874        106          0          4          0       1972   Library Totals
         8          0          0          0          0          0   (incl. Padding)

    ----------------------------------------------------------------------

      Code (inc. data)   RO Data    RW Data    ZI Data      Debug   Library Name

      2724        106          0          4          0       1164   mc_w.l
      1142          0          0          0          0        808   mf_w.l

    ----------------------------------------------------------------------
      3874        106          0          4          0       1972   Library Totals

    ----------------------------------------------------------------------

==============================================================================


      Code (inc. data)   RO Data    RW Data    ZI Data      Debug   

     47164       3250        484        592      88928    1634413   Grand Totals
     47164       3250        484        228      88928    1634413   ELF Image Totals (compressed)
     47164       3250        484        228          0          0   ROM Totals

==============================================================================

    Total RO  Size (Code + RO Data)                47648 (  46.53kB)
    Total RW  Size (RW Data + ZI Data)             89520 (  87.42kB)
    Total ROM Size (Code + RO Data + RW Data)      47876 (  46.75kB)

==============================================================================

